******************************************************************************
                  TI ARM Linker Unix v16.9.6                   
******************************************************************************
>> Linked Fri Apr 13 19:14:53 2018

OUTPUT FILE NAME:   <NightLight.out>
ENTRY POINT SYMBOL: "_c_int00"  address: 00004411


MEMORY CONFIGURATION

         name            origin    length      used     unused   attr    fill
----------------------  --------  ---------  --------  --------  ----  --------
  MAIN                  00000000   00040000  00005c61  0003a39f  R  X
  INFO                  00200000   00004000  00000000  00004000  R  X
  SRAM_CODE             01000000   00010000  00000a11  0000f5ef  RW X
  SRAM_DATA             20000000   00010000  00000a11  0000f5ef  RW  


SEGMENT ALLOCATION MAP

run origin  load origin   length   init length attrs members
----------  ----------- ---------- ----------- ----- -------
00000000    00000000    00005c68   00005c68    r-x
  00000000    00000000    000000e4   000000e4    r-- .intvecs
  000000e4    000000e4    00005826   00005826    r-x .text
  0000590c    0000590c    000002af   000002af    r-- .const
  00005bbc    00005bbc    00000008   00000008    r-- .init_array
  00005bc8    00005bc8    000000a0   000000a0    r-- .cinit
20000000    20000000    00000811   00000000    rw-
  20000000    20000000    00000400   00000000    rw- .sysmem
  20000400    20000400    00000220   00000000    rw- .data
  20000620    20000620    000001f1   00000000    rw- .bss
2000fe00    2000fe00    00000200   00000000    rw-
  2000fe00    2000fe00    00000200   00000000    rw- .stack


SECTION ALLOCATION MAP

 output                                  attributes/
section   page    origin      length       input sections
--------  ----  ----------  ----------   ----------------
.intvecs   0    00000000    000000e4     
                  00000000    000000e4     startup_msp432p401r_ccs.obj (.intvecs:retain)

.binit     0    00000000    00000000     

.text      0    000000e4    00005826     
                  000000e4    0000113e     rtsv7M4_T_le_v4SPD16_eabi.lib : _printfi.obj (.text)
                  00001222    00000002                                   : mpu_init.obj (.text)
                  00001224    00000824     ADC.obj (.text)
                  00001a48    000003d0     rtsv7M4_T_le_v4SPD16_eabi.lib : memory.obj (.text)
                  00001e18    000003c8     I2C.obj (.text)
                  000021e0    00000334     system_msp432p401r.obj (.text)
                  00002514    000001f4     rtsv7M4_T_le_v4SPD16_eabi.lib : ull_div_t2.obj (.text)
                  00002708    000001c4                                   : fopen.obj (.text)
                  000028cc    000001b6                                   : fd_add_t2.obj (.text)
                  00002a82    00000002                                   : newhandler.obj (.text)
                  00002a84    00000180     main.obj (.text)
                  00002c04    00000136     rtsv7M4_T_le_v4SPD16_eabi.lib : fd_div_t2.obj (.text)
                  00002d3a    00000002                                   : startup.obj (.text)
                  00002d3c    00000134                                   : fputs.obj (.text)
                  00002e70    000000fc                                   : fd_mul_t2.obj (.text)
                  00002f6c    000000fc                                   : s_scalbn.obj (.text)
                  00003068    000000f4                                   : dtor_list.obj (.text)
                  0000315c    000000dc                                   : setvbuf.obj (.text)
                  00003238    000000d6     ADC.obj (.text:_ZNSt6vectorIP32DIO_PORT_Even_Interruptable_TypeSaIS1_EEaSERKS3_)
                  0000330e    000000d6     ADC.obj (.text:_ZNSt6vectorItSaItEEaSERKS1_)
                  000033e4    000000c8     rtsv7M4_T_le_v4SPD16_eabi.lib : fflush.obj (.text)
                  000034ac    000000bc     ADC.obj (.text:_ZNSt6vectorIP32DIO_PORT_Even_Interruptable_TypeSaIS1_EE19_M_range_insert_auxIPS1_EEvS5_T_S6_jRKSt12__false_type)
                  00003568    000000bc     ADC.obj (.text:_ZNSt6vectorItSaItEE19_M_range_insert_auxIPtEEvS3_T_S4_jRKSt12__false_type)
                  00003624    000000bc     rtsv7M4_T_le_v4SPD16_eabi.lib : open.obj (.text)
                  000036e0    000000bc                                   : typeinfo_.obj (.text)
                  0000379c    000000ac                                   : _io_perm.obj (.text)
                  00003848    0000009c                                   : memcpy_t2.obj (.text)
                  000038e4    00000098                                   : fclose.obj (.text)
                  0000397c    00000098                                   : fputc.obj (.text)
                  00003a14    00000086                                   : fd_cmp_t2.obj (.text:__aeabi_cdcmple)
                  00003a9a    00000086                                   : fd_cmp_t2.obj (.text:__aeabi_cdrcmple)
                  00003b20    00000082     ADC.obj (.text:_ZNSt6vectorIP32DIO_PORT_Even_Interruptable_TypeSaIS1_EE23_M_range_insert_reallocIPS1_EEvS5_T_S6_j)
                  00003ba2    00000082     ADC.obj (.text:_ZNSt6vectorItSaItEE23_M_range_insert_reallocIPtEEvS3_T_S4_j)
                  00003c24    0000007a     rtsv7M4_T_le_v4SPD16_eabi.lib : memset_t2.obj (.text)
                  00003c9e    00000070     ADC.obj (.text:_ZNSt6vectorIP32DIO_PORT_Even_Interruptable_TypeSaIS1_EE18_M_insert_overflowEPS1_RKS1_RKSt11__true_typejb)
                  00003d0e    00000070     ADC.obj (.text:_ZNSt6vectorItSaItEE18_M_insert_overflowEPtRKtRKSt11__true_typejb)
                  00003d7e    00000002     --HOLE-- [fill = 0]
                  00003d80    00000070     rtsv7M4_T_le_v4SPD16_eabi.lib : autoinit.obj (.text)
                  00003df0    00000070                                   : getdevice.obj (.text)
                  00003e60    00000070                                   : printf.obj (.text)
                  00003ed0    00000068                                   : copy_decompress_lzss.obj (.text:decompress:lzss)
                  00003f38    00000068                                   : hostlseek.obj (.text)
                  00003fa0    00000068                                   : hostrename.obj (.text)
                  00004008    00000068                                   : trgmsg.obj (.text)
                  00004070    00000064                                   : fseek.obj (.text)
                  000040d4    00000064                                   : s_frexp.obj (.text)
                  00004138    00000060                                   : hostopen.obj (.text)
                  00004198    0000005c     ADC.obj (.text:_ZNSt6vectorIP32DIO_PORT_Even_Interruptable_TypeSaIS1_EE15_M_range_insertIPS1_EEvS5_T_S6_RKSt20forward_iterator_tag)
                  000041f4    0000005c     ADC.obj (.text:_ZNSt6vectorItSaItEE15_M_range_insertIPtEEvS3_T_S4_RKSt20forward_iterator_tag)
                  00004250    0000005c     rtsv7M4_T_le_v4SPD16_eabi.lib : close.obj (.text)
                  000042ac    0000005a     ADC.obj (.text:_ZNSt6vectorIP32DIO_PORT_Even_Interruptable_TypeSaIS1_EE20_M_compute_next_sizeEj)
                  00004306    0000005a     ADC.obj (.text:_ZNSt6vectorItSaItEE20_M_compute_next_sizeEj)
                  00004360    00000058     rtsv7M4_T_le_v4SPD16_eabi.lib : hostread.obj (.text)
                  000043b8    00000058                                   : hostwrite.obj (.text)
                  00004410    00000054                                   : boot.obj (.text)
                  00004464    00000054                                   : exit.obj (.text)
                  000044b8    00000054                                   : ltoa.obj (.text)
                  0000450c    0000004c     ADC.obj (.text:_ZNSaIP32DIO_PORT_Even_Interruptable_TypeE11_M_allocateEjRj)
                  00004558    0000004c     ADC.obj (.text:_ZNSaItE11_M_allocateEjRj)
                  000045a4    0000004c     rtsv7M4_T_le_v4SPD16_eabi.lib : atoi.obj (.text)
                  000045f0    0000004c                                   : cpy_tbl.obj (.text)
                  0000463c    00000048                                   : dll_main.obj (.text)
                  00004684    00000048                                   : fd_toi_t2.obj (.text)
                  000046cc    00000044     ADC.obj (.text:_ZNSt6vectorIP32DIO_PORT_Even_Interruptable_TypeSaIS1_EE9push_backERKS1_)
                  00004710    00000044     ADC.obj (.text:_ZNSt6vectorItSaItEE9push_backERKt)
                  00004754    00000044     rtsv7M4_T_le_v4SPD16_eabi.lib : hostclose.obj (.text)
                  00004798    00000044                                   : hostunlink.obj (.text)
                  000047dc    00000036     ADC.obj (.text:_ZNSt6vectorIP32DIO_PORT_Even_Interruptable_TypeSaIS1_EE19_M_clear_after_moveEv)
                  00004812    00000036     ADC.obj (.text:_ZNSt6vectorIP32DIO_PORT_Even_Interruptable_TypeSaIS1_EE8_M_clearEv)
                  00004848    00000036     ADC.obj (.text:_ZNSt6vectorItSaItEE19_M_clear_after_moveEv)
                  0000487e    00000036     ADC.obj (.text:_ZNSt6vectorItSaItEE8_M_clearEv)
                  000048b4    00000036     rtsv7M4_T_le_v4SPD16_eabi.lib : strncpy.obj (.text)
                  000048ea    00000002     --HOLE-- [fill = 0]
                  000048ec    00000030     ADC.obj (.text:_ZNSt4priv10__copy_auxIPP32DIO_PORT_Even_Interruptable_TypeS3_EET0_T_S5_S4_RKSt11__true_type)
                  0000491c    00000030     ADC.obj (.text:_ZNSt4priv10__copy_auxIPtS1_EET0_T_S3_S2_RKSt11__true_type)
                  0000494c    00000030     ADC.obj (.text:_ZNSt4priv11__ucopy_auxIPKP32DIO_PORT_Even_Interruptable_TypePS2_EET0_T_S7_S6_RKSt11__true_type)
                  0000497c    00000030     ADC.obj (.text:_ZNSt4priv11__ucopy_auxIPKtPtEET0_T_S5_S4_RKSt11__true_type)
                  000049ac    00000030     ADC.obj (.text:_ZNSt4priv11__ucopy_auxIPP32DIO_PORT_Even_Interruptable_TypeS3_EET0_T_S5_S4_RKSt11__true_type)
                  000049dc    00000030     ADC.obj (.text:_ZNSt4priv11__ucopy_auxIPtS1_EET0_T_S3_S2_RKSt11__true_type)
                  00004a0c    00000030     ADC.obj (.text:_ZNSt4priv23__copy_trivial_backwardEPKvS1_Pv)
                  00004a3c    00000030     rtsv7M4_T_le_v4SPD16_eabi.lib : new_.obj (.text)
                  00004a6c    0000002e     ADC.obj (.text:_ZNSt4priv12_Vector_baseIP32DIO_PORT_Even_Interruptable_TypeSaIS2_EED1Ev)
                  00004a9a    0000002e     ADC.obj (.text:_ZNSt4priv12_Vector_baseItSaItEED1Ev)
                  00004ac8    0000002e     ADC.obj (.text:_ZNSt4priv14__copy_trivialEPKvS1_Pv)
                  00004af6    0000002e     ADC.obj (.text:_ZNSt4priv8__fill_nIPP32DIO_PORT_Even_Interruptable_TypejS2_EET_S4_T0_RKT1_)
                  00004b24    0000002e     ADC.obj (.text:_ZNSt4priv8__fill_nIPtjtEET_S2_T0_RKT1_)
                  00004b52    0000002e     ADC.obj (.text:_ZNSt6vectorIP32DIO_PORT_Even_Interruptable_TypeSaIS1_EE20_M_allocate_and_copyIPKS1_EEPS1_RjT_S9_)
                  00004b80    0000002e     ADC.obj (.text:_ZNSt6vectorItSaItEE20_M_allocate_and_copyIPKtEEPtRjT_S7_)
                  00004bae    0000002e     ADC.obj (.text:_ZSt15__destroy_rangeISt16reverse_iteratorIPP32DIO_PORT_Even_Interruptable_TypeES2_EvT_S5_PT0_)
                  00004bdc    0000002e     ADC.obj (.text:_ZSt15__destroy_rangeISt16reverse_iteratorIPtEtEvT_S3_PT0_)
                  00004c0a    0000002e     ADC.obj (.text:_ZSt17__destroy_mv_srcsISt16reverse_iteratorIPP32DIO_PORT_Even_Interruptable_TypeES2_EvT_S5_PT0_)
                  00004c38    0000002e     ADC.obj (.text:_ZSt17__destroy_mv_srcsISt16reverse_iteratorIPtEtEvT_S3_PT0_)
                  00004c66    0000002e     rtsv7M4_T_le_v4SPD16_eabi.lib : i_tofd_t2.obj (.text)
                  00004c94    0000002c     ADC.obj (.text:_ZNSt4priv15__ucopy_trivialEPKvS1_Pv)
                  00004cc0    0000002c     rtsv7M4_T_le_v4SPD16_eabi.lib : unlink.obj (.text)
                  00004cec    00000028                                   : lseek.obj (.text)
                  00004d14    00000028                                   : write.obj (.text)
                  00004d3c    00000026     ADC.obj (.text:_ZNSt6vectorIP32DIO_PORT_Even_Interruptable_TypeSaIS1_EED1Ev)
                  00004d62    00000026     ADC.obj (.text:_ZNSt6vectorItSaItEED1Ev)
                  00004d88    00000026     ADC.obj (.text:_ZSt14_Destroy_RangeISt16reverse_iteratorIPP32DIO_PORT_Even_Interruptable_TypeEEvT_S5_)
                  00004dae    00000026     ADC.obj (.text:_ZSt14_Destroy_RangeISt16reverse_iteratorIPtEEvT_S3_)
                  00004dd4    00000026     ADC.obj (.text:_ZSt20_Destroy_Moved_RangeISt16reverse_iteratorIPP32DIO_PORT_Even_Interruptable_TypeEEvT_S5_)
                  00004dfa    00000026     ADC.obj (.text:_ZSt20_Destroy_Moved_RangeISt16reverse_iteratorIPtEEvT_S3_)
                  00004e20    00000024     ADC.obj (.text:_ZNKSt6vectorIP32DIO_PORT_Even_Interruptable_TypeSaIS1_EE8max_sizeEv)
                  00004e44    00000024     ADC.obj (.text:_ZNKSt6vectorItSaItEE8max_sizeEv)
                  00004e68    00000024     rtsv7M4_T_le_v4SPD16_eabi.lib : memmov.obj (.text)
                  00004e8c    00000022     ADC.obj (.text:_ZNSt4priv12_Vector_baseIP32DIO_PORT_Even_Interruptable_TypeSaIS2_EEC1ERKS3_)
                  00004eae    00000022     ADC.obj (.text:_ZNSt4priv12_Vector_baseItSaItEEC1ERKS1_)
                  00004ed0    00000022     ADC.obj (.text:_ZNSt6vectorIP32DIO_PORT_Even_Interruptable_TypeSaIS1_EE18_M_insert_dispatchIPS1_EEvS5_T_S6_RKSt12__false_type)
                  00004ef2    00000022     ADC.obj (.text:_ZNSt6vectorIP32DIO_PORT_Even_Interruptable_TypeSaIS1_EE6_M_setEPS1_S4_S4_)
                  00004f14    00000022     ADC.obj (.text:_ZNSt6vectorIP32DIO_PORT_Even_Interruptable_TypeSaIS1_EE6insertIPS1_EEvS5_T_S6_)
                  00004f36    00000022     ADC.obj (.text:_ZNSt6vectorItSaItEE18_M_insert_dispatchIPtEEvS3_T_S4_RKSt12__false_type)
                  00004f58    00000022     ADC.obj (.text:_ZNSt6vectorItSaItEE6_M_setEPtS2_S2_)
                  00004f7a    00000022     ADC.obj (.text:_ZNSt6vectorItSaItEE6insertIPtEEvS3_T_S4_)
                  00004f9c    00000020     ADC.obj (.text:_ZNSt4priv20__uninitialized_moveIPP32DIO_PORT_Even_Interruptable_TypeS3_St11__true_typeEET0_T_S6_S5_T1_RKSt12__false_type)
                  00004fbc    00000020     ADC.obj (.text:_ZNSt4priv20__uninitialized_moveIPtS1_St11__true_typeEET0_T_S4_S3_T1_RKSt12__false_type)
                  00004fdc    00000020     ADC.obj (.text:_ZSt15_Copy_ConstructIP32DIO_PORT_Even_Interruptable_TypeEvPT_RKS2_)
                  00004ffc    00000020     ADC.obj (.text:_ZSt15_Copy_ConstructItEvPT_RKS0_)
                  0000501c    00000020     ADC.obj (.text:_ZSt18uninitialized_copyIPKP32DIO_PORT_Even_Interruptable_TypePS1_ET0_T_S6_S5_)
                  0000503c    00000020     ADC.obj (.text:_ZSt18uninitialized_copyIPKtPtET0_T_S4_S3_)
                  0000505c    00000020     ADC.obj (.text:_ZSt18uninitialized_copyIPP32DIO_PORT_Even_Interruptable_TypeS2_ET0_T_S4_S3_)
                  0000507c    00000020     ADC.obj (.text:_ZSt18uninitialized_copyIPtS0_ET0_T_S2_S1_)
                  0000509c    00000020     ADC.obj (.text:_ZSt4copyIPP32DIO_PORT_Even_Interruptable_TypeS2_ET0_T_S4_S3_)
                  000050bc    00000020     ADC.obj (.text:_ZSt4copyIPtS0_ET0_T_S2_S1_)
                  000050dc    00000020     rtsv7M4_T_le_v4SPD16_eabi.lib : memchr.obj (.text)
                  000050fc    0000001e     ADC.obj (.text:_ZSt3maxIjERKT_S2_S2_)
                  0000511a    0000001c     ADC.obj (.text:_ZNSt4priv11__copy_ptrsIPKP32DIO_PORT_Even_Interruptable_TypePS2_EET0_T_S7_S6_RKSt11__true_type)
                  00005136    0000001c     ADC.obj (.text:_ZNSt4priv11__copy_ptrsIPKtPtEET0_T_S5_S4_RKSt11__true_type)
                  00005152    0000001c     ADC.obj (.text:_ZNSt4priv11__copy_ptrsIPP32DIO_PORT_Even_Interruptable_TypeS3_EET0_T_S5_S4_RKSt11__true_type)
                  0000516e    0000001c     ADC.obj (.text:_ZNSt4priv11__copy_ptrsIPtS1_EET0_T_S3_S2_RKSt11__true_type)
                  0000518a    0000001c     ADC.obj (.text:_ZNSt4priv12__ucopy_ptrsIPKP32DIO_PORT_Even_Interruptable_TypePS2_EET0_T_S7_S6_RKSt11__true_type)
                  000051a6    0000001c     ADC.obj (.text:_ZNSt4priv12__ucopy_ptrsIPKtPtEET0_T_S5_S4_RKSt11__true_type)
                  000051c2    0000001c     ADC.obj (.text:_ZNSt4priv12__ucopy_ptrsIPP32DIO_PORT_Even_Interruptable_TypeS3_EET0_T_S5_S4_RKSt11__true_type)
                  000051de    0000001c     ADC.obj (.text:_ZNSt4priv12__ucopy_ptrsIPtS1_EET0_T_S3_S2_RKSt11__true_type)
                  000051fa    0000001c     ADC.obj (.text:_ZNSt4priv17_STLP_alloc_proxyIPP32DIO_PORT_Even_Interruptable_TypeS2_SaIS2_EE8allocateEjRj)
                  00005216    0000001c     ADC.obj (.text:_ZNSt4priv17_STLP_alloc_proxyIPP32DIO_PORT_Even_Interruptable_TypeS2_SaIS2_EE8allocateEjRjRKSt11__true_type)
                  00005232    0000001c     ADC.obj (.text:_ZNSt4priv17_STLP_alloc_proxyIPttSaItEE8allocateEjRj)
                  0000524e    0000001c     ADC.obj (.text:_ZNSt4priv17_STLP_alloc_proxyIPttSaItEE8allocateEjRjRKSt11__true_type)
                  0000526a    0000001c     ADC.obj (.text:_ZNSt4priv20__copy_backward_ptrsIPP32DIO_PORT_Even_Interruptable_TypeS3_EET0_T_S5_S4_RKSt11__true_type)
                  00005286    0000001c     ADC.obj (.text:_ZNSt4priv20__copy_backward_ptrsIPtS1_EET0_T_S3_S2_RKSt11__true_type)
                  000052a2    0000001c     ADC.obj (.text:_ZSt15__destroy_rangeIPP32DIO_PORT_Even_Interruptable_TypeS1_EvT_S3_PT0_)
                  000052be    0000001c     ADC.obj (.text:_ZSt15__destroy_rangeIPttEvT_S1_PT0_)
                  000052da    0000001c     rtsv7M4_T_le_v4SPD16_eabi.lib : memccpy.obj (.text)
                  000052f6    0000001a     ADC.obj (.text:_ZNSt4priv10__distanceIPP32DIO_PORT_Even_Interruptable_TypeEENSt15iterator_traitsIT_E15difference_typeERKS5_S9_RKSt26random_access_iterator_tag)
                  00005310    0000001a     ADC.obj (.text:_ZNSt4priv10__distanceIPtEENSt15iterator_traitsIT_E15difference_typeERKS3_S7_RKSt26random_access_iterator_tag)
                  0000532a    0000001a     ADC.obj (.text:_ZNSt4priv17_STLP_alloc_proxyIPP32DIO_PORT_Even_Interruptable_TypeS2_SaIS2_EEC1ERKS4_S3_)
                  00005344    0000001a     ADC.obj (.text:_ZNSt4priv17_STLP_alloc_proxyIPttSaItEEC1ERKS2_S1_)
                  0000535e    0000001a     ADC.obj (.text:_ZNSt4priv9__advanceIPP32DIO_PORT_Even_Interruptable_TypejEEvRT_T0_RKSt26random_access_iterator_tag)
                  00005378    0000001a     ADC.obj (.text:_ZNSt4priv9__advanceIPtjEEvRT_T0_RKSt26random_access_iterator_tag)
                  00005392    00000018     ADC.obj (.text:_ZNSaIP32DIO_PORT_Even_Interruptable_TypeE10deallocateEPS0_j)
                  000053aa    00000018     ADC.obj (.text:_ZNSaItE10deallocateEPtj)
                  000053c2    00000002     --HOLE-- [fill = 0]
                  000053c4    00000018     rtsv7M4_T_le_v4SPD16_eabi.lib : args_main.obj (.text)
                  000053dc    00000018                                   : strcmp.obj (.text)
                  000053f4    00000016     ADC.obj (.text:_ZNKSt6vectorIP32DIO_PORT_Even_Interruptable_TypeSaIS1_EE4sizeEv)
                  0000540a    00000016     ADC.obj (.text:_ZNKSt6vectorIP32DIO_PORT_Even_Interruptable_TypeSaIS1_EE8capacityEv)
                  00005420    00000016     ADC.obj (.text:_ZNKSt6vectorItSaItEE4sizeEv)
                  00005436    00000016     ADC.obj (.text:_ZNKSt6vectorItSaItEE8capacityEv)
                  0000544c    00000016     ADC.obj (.text:_ZNSt16reverse_iteratorIPP32DIO_PORT_Even_Interruptable_TypeEC1ERKS3_)
                  00005462    00000016     ADC.obj (.text:_ZNSt16reverse_iteratorIPtEC1ERKS1_)
                  00005478    00000016     ADC.obj (.text:_ZNSt6vectorIP32DIO_PORT_Even_Interruptable_TypeSaIS1_EE4rendEv)
                  0000548e    00000016     ADC.obj (.text:_ZNSt6vectorIP32DIO_PORT_Even_Interruptable_TypeSaIS1_EE6rbeginEv)
                  000054a4    00000016     ADC.obj (.text:_ZNSt6vectorItSaItEE4rendEv)
                  000054ba    00000016     ADC.obj (.text:_ZNSt6vectorItSaItEE6rbeginEv)
                  000054d0    00000016     ADC.obj (.text:_ZSt19_Copy_Construct_auxIP32DIO_PORT_Even_Interruptable_TypeEvPT_RKS2_RKSt11__true_type)
                  000054e6    00000016     ADC.obj (.text:_ZSt19_Copy_Construct_auxItEvPT_RKS0_RKSt11__true_type)
                  000054fc    00000016     rtsv7M4_T_le_v4SPD16_eabi.lib : strchr.obj (.text)
                  00005512    00000014     ADC.obj (.text:_ZNSt16reverse_iteratorIPP32DIO_PORT_Even_Interruptable_TypeEC1ES2_)
                  00005526    00000014     ADC.obj (.text:_ZNSt16reverse_iteratorIPtEC1ES0_)
                  0000553a    00000014     ADC.obj (.text:_ZNSt6vectorIP32DIO_PORT_Even_Interruptable_TypeSaIS1_EEixEj)
                  0000554e    00000014     ADC.obj (.text:_ZNSt6vectorItSaItEEixEj)
                  00005562    00000002     --HOLE-- [fill = 0]
                  00005564    00000014     rtsv7M4_T_le_v4SPD16_eabi.lib : _lock.obj (.text)
                  00005578    00000014                                   : s_copysign.obj (.text)
                  0000558c    00000014                                   : strcpy.obj (.text)
                  000055a0    00000014                                   : strlen.obj (.text)
                  000055b4    00000012     ADC.obj (.text:_ZNSt6vectorIP32DIO_PORT_Even_Interruptable_TypeSaIS1_EEC1ERKS2_)
                  000055c6    00000012     ADC.obj (.text:_ZNSt6vectorItSaItEEC1ERKS0_)
                  000055d8    00000012     ADC.obj (.text:_ZSt14_Destroy_RangeIPP32DIO_PORT_Even_Interruptable_TypeEvT_S3_)
                  000055ea    00000012     ADC.obj (.text:_ZSt14_Destroy_RangeIPtEvT_S1_)
                  000055fc    00000012     ADC.obj (.text:_ZSt7advanceIPP32DIO_PORT_Even_Interruptable_TypejEvRT_T0_)
                  0000560e    00000012     ADC.obj (.text:_ZSt7advanceIPtjEvRT_T0_)
                  00005620    00000012     ADC.obj (.text:_ZSt8distanceIPP32DIO_PORT_Even_Interruptable_TypeENSt15iterator_traitsIT_E15difference_typeES4_S4_)
                  00005632    00000012     ADC.obj (.text:_ZSt8distanceIPtENSt15iterator_traitsIT_E15difference_typeES2_S2_)
                  00005644    00000010     ADC.obj (.text:_ZNKSt4priv12_Vector_baseIP32DIO_PORT_Even_Interruptable_TypeSaIS2_EE21_M_throw_length_errorEv)
                  00005654    00000010     ADC.obj (.text:_ZNKSt4priv12_Vector_baseItSaItEE21_M_throw_length_errorEv)
                  00005664    00000010     ADC.obj (.text:_ZNSaIP32DIO_PORT_Even_Interruptable_TypeEC2ERKS1_)
                  00005674    00000010     ADC.obj (.text:_ZNSaItEC2ERKS_)
                  00005684    00000010     ADC.obj (.text:_ZNSt4priv12_Vector_baseIP32DIO_PORT_Even_Interruptable_TypeSaIS2_EEC2ERKS3_)
                  00005694    00000010     ADC.obj (.text:_ZNSt4priv12_Vector_baseItSaItEEC2ERKS1_)
                  000056a4    00000010     ADC.obj (.text:_ZSt15_UseTrivialCopyIP32DIO_PORT_Even_Interruptable_TypeS1_ESt12_TrivialCopyIT_T0_EPS3_PS4_)
                  000056b4    00000010     ADC.obj (.text:_ZSt15_UseTrivialCopyIttESt12_TrivialCopyIT_T0_EPS1_PS2_)
                  000056c4    00000010     ADC.obj (.text:_ZSt16_UseTrivialUCopyIP32DIO_PORT_Even_Interruptable_TypeS1_ESt13_TrivialUCopyIT_T0_EPS3_PS4_)
                  000056d4    00000010     ADC.obj (.text:_ZSt16_UseTrivialUCopyIttESt13_TrivialUCopyIT_T0_EPS1_PS2_)
                  000056e4    00000010     ADC.obj (.text:_ZSt19__destroy_range_auxIPP32DIO_PORT_Even_Interruptable_TypeS1_EvT_S3_PT0_RKSt11__true_type)
                  000056f4    00000010     ADC.obj (.text:_ZSt19__destroy_range_auxIPttEvT_S1_PT0_RKSt11__true_type)
                  00005704    00000010     ADC.obj (.text:_ZSt19__destroy_range_auxISt16reverse_iteratorIPP32DIO_PORT_Even_Interruptable_TypeES2_EvT_S5_PT0_RKSt11__true_type)
                  00005714    00000010     ADC.obj (.text:_ZSt19__destroy_range_auxISt16reverse_iteratorIPtEtEvT_S3_PT0_RKSt11__true_type)
                  00005724    0000000e     ADC.obj (.text:_ZNKSaIP32DIO_PORT_Even_Interruptable_TypeE8max_sizeEv)
                  00005732    0000000e     ADC.obj (.text:_ZNKSaItE8max_sizeEv)
                  00005740    0000000e     ADC.obj (.text:_ZNSaIP32DIO_PORT_Even_Interruptable_TypeEC1ERKS1_)
                  0000574e    0000000e     ADC.obj (.text:_ZNSaItEC1ERKS_)
                  0000575c    0000000e     ADC.obj (.text:_ZNSt11__new_alloc10deallocateEPvj)
                  0000576a    0000000e     ADC.obj (.text:_ZNSt4priv17_STLP_alloc_proxyIPP32DIO_PORT_Even_Interruptable_TypeS2_SaIS2_EED1Ev)
                  00005778    0000000e     ADC.obj (.text:_ZNSt4priv17_STLP_alloc_proxyIPttSaItEED1Ev)
                  00005786    0000000e     ADC.obj (.text:_ZNSt6vectorIP32DIO_PORT_Even_Interruptable_TypeSaIS1_EE3endEv)
                  00005794    0000000e     ADC.obj (.text:_ZNSt6vectorIP32DIO_PORT_Even_Interruptable_TypeSaIS1_EE5beginEv)
                  000057a2    0000000e     ADC.obj (.text:_ZNSt6vectorItSaItEE3endEv)
                  000057b0    0000000e     ADC.obj (.text:_ZNSt6vectorItSaItEE5beginEv)
                  000057be    0000000e     ADC.obj (.text:_ZSt7_Is_PODIP32DIO_PORT_Even_Interruptable_TypeESt6_IsPODIT_EPS3_)
                  000057cc    0000000e     ADC.obj (.text:_ZSt7_Is_PODItESt6_IsPODIT_EPS1_)
                  000057da    0000000e     rtsv7M4_T_le_v4SPD16_eabi.lib : copy_decompress_none.obj (.text:decompress:none)
                  000057e8    0000000e     startup_msp432p401r_ccs.obj (.text)
                  000057f6    0000000c     ADC.obj (.text:_ZNSaIP32DIO_PORT_Even_Interruptable_TypeEC1Ev)
                  00005802    0000000c     ADC.obj (.text:_ZNSaIP32DIO_PORT_Even_Interruptable_TypeED1Ev)
                  0000580e    0000000c     ADC.obj (.text:_ZNSaIP32DIO_PORT_Even_Interruptable_TypeED2Ev)
                  0000581a    0000000c     ADC.obj (.text:_ZNSaItEC1Ev)
                  00005826    0000000c     ADC.obj (.text:_ZNSaItED1Ev)
                  00005832    0000000c     ADC.obj (.text:_ZNSaItED2Ev)
                  0000583e    0000000c     ADC.obj (.text:_ZNSt11__new_alloc8allocateEj)
                  0000584a    0000000c     ADC.obj (.text:_ZNSt12_BothPtrTypeIPKP32DIO_PORT_Even_Interruptable_TypePS1_E7_AnswerEv)
                  00005856    0000000c     ADC.obj (.text:_ZNSt12_BothPtrTypeIPKtPtE7_AnswerEv)
                  00005862    0000000c     ADC.obj (.text:_ZNSt12_BothPtrTypeIPP32DIO_PORT_Even_Interruptable_TypeS2_E7_AnswerEv)
                  0000586e    0000000c     ADC.obj (.text:_ZNSt12_BothPtrTypeIPtS0_E7_AnswerEv)
                  0000587a    0000000c     ADC.obj (.text:_ZNSt12_TrivialCopyIP32DIO_PORT_Even_Interruptable_TypeS1_E7_AnswerEv)
                  00005886    0000000c     ADC.obj (.text:_ZNSt12_TrivialCopyIttE7_AnswerEv)
                  00005892    0000000c     ADC.obj (.text:_ZNSt13_TrivialUCopyIP32DIO_PORT_Even_Interruptable_TypeS1_E7_AnswerEv)
                  0000589e    0000000c     ADC.obj (.text:_ZNSt13_TrivialUCopyIttE7_AnswerEv)
                  000058aa    0000000c     ADC.obj (.text:_ZNSt4priv12_Vector_baseIP32DIO_PORT_Even_Interruptable_TypeSaIS2_EED2Ev)
                  000058b6    0000000c     ADC.obj (.text:_ZNSt4priv12_Vector_baseItSaItEED2Ev)
                  000058c2    0000000c     ADC.obj (.text:_ZNSt6_IsPODIP32DIO_PORT_Even_Interruptable_TypeE7_AnswerEv)
                  000058ce    0000000c     ADC.obj (.text:_ZNSt6_IsPODItE7_AnswerEv)
                  000058da    0000000c     ADC.obj (.text:_ZSt12__stl_deletePv)
                  000058e6    0000000c     ADC.obj (.text:_ZSt9__stl_newj)
                  000058f2    0000000c     rtsv7M4_T_le_v4SPD16_eabi.lib : copy_zero_init.obj (.text:decompress:ZI)
                  000058fe    00000008                                   : delete.obj (.text)
                  00005906    00000004                                   : pre_init.obj (.text)

.const     0    0000590c    000002af     
                  0000590c    00000101     rtsv7M4_T_le_v4SPD16_eabi.lib : ctype.obj (.const:.string:_ctypes_)
                  00005a0d    00000028                                   : typeinfo_.obj (.const:.typeinfo:_ZTSN10__cxxabiv123__fundamental_type_infoE)
                  00005a35    00000025                                   : typeinfo_.obj (.const:.typeinfo:_ZTSN10__cxxabiv120__si_class_type_infoE)
                  00005a5a    00000024                                   : typeinfo_.obj (.const:.typeinfo:_ZTSN10__cxxabiv119__pointer_type_infoE)
                  00005a7e    00000022                                   : typeinfo_.obj (.const:.typeinfo:_ZTSN10__cxxabiv117__class_type_infoE)
                  00005aa0    00000022                                   : typeinfo_.obj (.const:.typeinfo:_ZTSN10__cxxabiv117__pbase_type_infoE)
                  00005ac2    00000002                                   : typeinfo_.obj (.const:.typeinfo:_ZTSe)
                  00005ac4    00000010                                   : typeinfo_.obj (.const:.typeinfo:_ZTIPKe)
                  00005ad4    00000010     ADC.obj (.const:_ZTV3ADC)
                  00005ae4    00000010     rtsv7M4_T_le_v4SPD16_eabi.lib : typeinfo_.obj (.const:_ZTVN10__cxxabiv117__class_type_infoE)
                  00005af4    00000010                                   : typeinfo_.obj (.const:_ZTVN10__cxxabiv119__pointer_type_infoE)
                  00005b04    00000010                                   : typeinfo_.obj (.const:_ZTVN10__cxxabiv120__si_class_type_infoE)
                  00005b14    00000010                                   : typeinfo_.obj (.const:_ZTVN10__cxxabiv123__fundamental_type_infoE)
                  00005b24    0000000f     ADC.obj (.const:.string:_ZZNSaIP32DIO_PORT_Even_Interruptable_TypeE11_M_allocateEjRjEs)
                  00005b33    0000000f     ADC.obj (.const:.string:_ZZNSaItE11_M_allocateEjRjEs)
                  00005b42    0000000d     rtsv7M4_T_le_v4SPD16_eabi.lib : typeinfo_.obj (.const:.typeinfo:_ZTSSt9type_info)
                  00005b4f    00000001     --HOLE-- [fill = 0]
                  00005b50    0000000c                                   : typeinfo_.obj (.const:.typeinfo:_ZTIN10__cxxabiv117__class_type_infoE)
                  00005b5c    0000000c                                   : typeinfo_.obj (.const:.typeinfo:_ZTIN10__cxxabiv117__pbase_type_infoE)
                  00005b68    0000000c                                   : typeinfo_.obj (.const:.typeinfo:_ZTIN10__cxxabiv119__pointer_type_infoE)
                  00005b74    0000000c                                   : typeinfo_.obj (.const:.typeinfo:_ZTIN10__cxxabiv120__si_class_type_infoE)
                  00005b80    0000000c                                   : typeinfo_.obj (.const:.typeinfo:_ZTIN10__cxxabiv123__fundamental_type_infoE)
                  00005b8c    00000008     ADC.obj (.const:.typeinfo:_ZTI3ADC)
                  00005b94    00000008     rtsv7M4_T_le_v4SPD16_eabi.lib : typeinfo_.obj (.const:.typeinfo:_ZTISt9type_info)
                  00005b9c    00000008                                   : typeinfo_.obj (.const:.typeinfo:_ZTIe)
                  00005ba4    00000007     ADC.obj (.const:.string:_ZZNKSt4priv12_Vector_baseIP32DIO_PORT_Even_Interruptable_TypeSaIS2_EE21_M_throw_length_errorEvEs)
                  00005bab    00000007     ADC.obj (.const:.string:_ZZNKSt4priv12_Vector_baseItSaItEE21_M_throw_length_errorEvEs)
                  00005bb2    00000005     ADC.obj (.const:.typeinfo:_ZTS3ADC)
                  00005bb7    00000004     rtsv7M4_T_le_v4SPD16_eabi.lib : typeinfo_.obj (.const:.typeinfo:_ZTSPKe)

.cinit     0    00005bc8    000000a0     
                  00005bc8    00000078     (.cinit..data.load) [load image, compression = lzss]
                  00005c40    0000000c     (__TI_handler_table)
                  00005c4c    00000004     --HOLE-- [fill = 0]
                  00005c50    00000008     (.cinit..bss.load) [load image, compression = zero_init]
                  00005c58    00000010     (__TI_cinit_table)

.init_array 
*          0    00005bbc    00000008     
                  00005bbc    00000004     ADC.obj (.init_array)
                  00005bc0    00000004     I2C.obj (.init_array)

.sysmem    0    20000000    00000400     UNINITIALIZED
                  20000000    00000008     rtsv7M4_T_le_v4SPD16_eabi.lib : memory.obj (.sysmem)
                  20000008    000003f8     --HOLE--

.data      0    20000400    00000220     UNINITIALIZED
                  20000400    000000f0     rtsv7M4_T_le_v4SPD16_eabi.lib : defs.obj (.data:_ftable)
                  200004f0    00000078                                   : write.obj (.data:_device)
                  20000568    00000050                                   : write.obj (.data:_stream)
                  200005b8    00000019     I2C.obj (.data)
                  200005d1    00000001     ADC.obj (.data)
                  200005d2    00000002     --HOLE--
                  200005d4    00000010     rtsv7M4_T_le_v4SPD16_eabi.lib : defs.obj (.data)
                  200005e4    0000000c                                   : exit.obj (.data:$O1$$)
                  200005f0    0000000c                                   : memory.obj (.data:$O1$$)
                  200005fc    00000008                                   : _lock.obj (.data:$O1$$)
                  20000604    00000004                                   : dtor_list.obj (.data)
                  20000608    00000004                                   : errno.obj (.data)
                  2000060c    00000004                                   : fopen.obj (.data)
                  20000610    00000004                                   : open.obj (.data)
                  20000614    00000004                                   : stkdepth_vars.obj (.data)
                  20000618    00000004                                   : vars.obj (.data)
                  2000061c    00000004     system_msp432p401r.obj (.data)

.bss       0    20000620    000001f1     UNINITIALIZED
                  20000620    00000120     rtsv7M4_T_le_v4SPD16_eabi.lib : trgmsg.obj (.bss:_CIOBUF_)
                  20000740    000000a0     (.common:__TI_tmpnams)
                  200007e0    0000000c     ADC.obj (.bss:_ZN3ADC15m_vpStaticPortsE)
                  200007ec    0000000c     ADC.obj (.bss:_ZN3ADC15m_vu16StaticBitE)
                  200007f8    00000008     (.common:parmbuf)
                  20000800    00000004     I2C.obj (.bss)
                  20000804    00000004     (.common:_ZSt16__dummy_typeinfo)
                  20000808    00000004     (.common:__dso_handle)
                  2000080c    00000002     (.common:_ZN3ADC9m_u32CTL0E)
                  2000080e    00000002     (.common:_ZN3ADC9m_u32CTL1E)
                  20000810    00000001     (.common:_ZN3ADC18m_u8AnalogChannelsE)

.stack     0    2000fe00    00000200     UNINITIALIZED
                  2000fe00    00000200     --HOLE--

MODULE SUMMARY

       Module                        code    ro data   rw data
       ------                        ----    -------   -------
    ./
       ADC.obj                       7846    77        60     
       I2C.obj                       968     4         58     
       system_msp432p401r.obj        820     0         8      
       main.obj                      384     0         0      
       startup_msp432p401r_ccs.obj   14      228       0      
    +--+-----------------------------+-------+---------+---------+
       Total:                        10032   309       126    
                                                              
    /home/david/ti/ccsv7/tools/compiler/ti-cgt-arm_16.9.6.LTS/lib/rtsv7M4_T_le_v4SPD16_eabi.lib
       _printfi.obj                  4414    0         0      
       memory.obj                    976     0         24     
       defs.obj                      0       0         832    
       trgmsg.obj                    104     0         576    
       typeinfo_.obj                 188     356       8      
       ull_div_t2.obj                500     0         0      
       fopen.obj                     452     0         8      
       write.obj                     40      0         400    
       fd_add_t2.obj                 438     0         0      
       fd_div_t2.obj                 310     0         0      
       fputs.obj                     308     0         0      
       fd_cmp_t2.obj                 268     0         0      
       dtor_list.obj                 244     0         16     
       ctype.obj                     0       257       0      
       fd_mul_t2.obj                 252     0         0      
       s_scalbn.obj                  252     0         0      
       setvbuf.obj                   220     0         0      
       fflush.obj                    200     0         0      
       open.obj                      188     0         8      
       _io_perm.obj                  172     0         0      
       memcpy_t2.obj                 156     0         0      
       fclose.obj                    152     0         0      
       fputc.obj                     152     0         0      
       memset_t2.obj                 122     0         0      
       autoinit.obj                  112     0         0      
       getdevice.obj                 112     0         0      
       hostopen.obj                  96      0         16     
       printf.obj                    112     0         0      
       exit.obj                      84      0         24     
       copy_decompress_lzss.obj      104     0         0      
       hostlseek.obj                 104     0         0      
       hostrename.obj                104     0         0      
       fseek.obj                     100     0         0      
       s_frexp.obj                   100     0         0      
       close.obj                     92      0         0      
       hostread.obj                  88      0         0      
       hostwrite.obj                 88      0         0      
       boot.obj                      84      0         0      
       ltoa.obj                      84      0         0      
       atoi.obj                      76      0         0      
       cpy_tbl.obj                   76      0         0      
       dll_main.obj                  72      0         0      
       fd_toi_t2.obj                 72      0         0      
       hostclose.obj                 68      0         0      
       hostunlink.obj                68      0         0      
       strncpy.obj                   54      0         0      
       new_.obj                      48      0         0      
       i_tofd_t2.obj                 46      0         0      
       unlink.obj                    44      0         0      
       lseek.obj                     40      0         0      
       _lock.obj                     20      0         16     
       memmov.obj                    36      0         0      
       memchr.obj                    32      0         0      
       memccpy.obj                   28      0         0      
       args_main.obj                 24      0         0      
       strcmp.obj                    24      0         0      
       strchr.obj                    22      0         0      
       s_copysign.obj                20      0         0      
       strcpy.obj                    20      0         0      
       strlen.obj                    20      0         0      
       copy_decompress_none.obj      14      0         0      
       copy_zero_init.obj            12      0         0      
       delete.obj                    8       0         0      
       errno.obj                     0       0         8      
       stkdepth_vars.obj             0       0         8      
       vars.obj                      0       0         8      
       pre_init.obj                  4       0         0      
       mpu_init.obj                  2       0         0      
       newhandler.obj                2       0         0      
       startup.obj                   2       0         0      
    +--+-----------------------------+-------+---------+---------+
       Total:                        12526   613       1952   
                                                              
       Heap:                         0       0         2048   
       Stack:                        0       0         1024   
       Linker Generated:             0       156       0      
    +--+-----------------------------+-------+---------+---------+
       Grand Total:                  22558   1078      5150   


LINKER GENERATED COPY TABLES

__TI_cinit_table @ 00005c58 records: 2, size/record: 8, table size: 16
	.data: load addr=00005bc8, load size=00000078 bytes, run addr=20000400, run size=00000220 bytes, compression=lzss
	.bss: load addr=00005c50, load size=00000008 bytes, run addr=20000620, run size=000001f1 bytes, compression=zero_init


LINKER GENERATED HANDLER TABLE

__TI_handler_table @ 00005c40 records: 3, size/record: 4, table size: 12
	index: 0, handler: __TI_decompress_lzss
	index: 1, handler: __TI_decompress_none
	index: 2, handler: __TI_zero_init


GLOBAL SYMBOLS: SORTED ALPHABETICALLY BY Name 

address   name                                                                                                                                           
-------   ----                                                                                                                                           
000057f5  ADC14_IRQHandler                                                                                                                               
000057f5  AES256_IRQHandler                                                                                                                              
000057f5  BusFault_Handler                                                                                                                               
00004465  C$$EXIT                                                                                                                                        
00004037  C$$IO$$                                                                                                                                        
000057f5  COMP_E0_IRQHandler                                                                                                                             
000057f5  COMP_E1_IRQHandler                                                                                                                             
000057f5  CS_IRQHandler                                                                                                                                  
000057f5  DMA_ERR_IRQHandler                                                                                                                             
000057f5  DMA_INT0_IRQHandler                                                                                                                            
000057f5  DMA_INT1_IRQHandler                                                                                                                            
000057f5  DMA_INT2_IRQHandler                                                                                                                            
000057f5  DMA_INT3_IRQHandler                                                                                                                            
000057f5  DebugMon_Handler                                                                                                                               
000057f5  Default_Handler                                                                                                                                
000057f5  EUSCIA0_IRQHandler                                                                                                                             
00001e83  EUSCIA1_IRQHandler                                                                                                                             
00001e83  EUSCIA1_IRQHandler                                                                                                                             
000057f5  EUSCIA2_IRQHandler                                                                                                                             
000057f5  EUSCIA3_IRQHandler                                                                                                                             
000057f5  EUSCIB0_IRQHandler                                                                                                                             
000057f5  EUSCIB1_IRQHandler                                                                                                                             
000057f5  EUSCIB2_IRQHandler                                                                                                                             
000057f5  EUSCIB3_IRQHandler                                                                                                                             
000057f5  FLCTL_IRQHandler                                                                                                                               
000057f5  FPU_IRQHandler                                                                                                                                 
00004755  HOSTclose                                                                                                                                      
00003f39  HOSTlseek                                                                                                                                      
00004139  HOSTopen                                                                                                                                       
00004361  HOSTread                                                                                                                                       
00003fa1  HOSTrename                                                                                                                                     
00004799  HOSTunlink                                                                                                                                     
000043b9  HOSTwrite                                                                                                                                      
000057f5  HardFault_Handler                                                                                                                              
000057f5  MemManage_Handler                                                                                                                              
000057f5  NMI_Handler                                                                                                                                    
000057f5  PCM_IRQHandler                                                                                                                                 
000057f5  PORT1_IRQHandler                                                                                                                               
000057f5  PORT2_IRQHandler                                                                                                                               
000057f5  PORT3_IRQHandler                                                                                                                               
000057f5  PORT4_IRQHandler                                                                                                                               
000057f5  PORT5_IRQHandler                                                                                                                               
000057f5  PORT6_IRQHandler                                                                                                                               
000057f5  PSS_IRQHandler                                                                                                                                 
000057f5  PendSV_Handler                                                                                                                                 
000057f5  RTC_C_IRQHandler                                                                                                                               
000057e9  Reset_Handler                                                                                                                                  
00005bbc  SHT$$INIT_ARRAY$$Base                                                                                                                          
00005bc4  SHT$$INIT_ARRAY$$Limit                                                                                                                         
000057f5  SVC_Handler                                                                                                                                    
000057f5  SysTick_Handler                                                                                                                                
2000061c  SystemCoreClock                                                                                                                                
000021e1  SystemCoreClockUpdate                                                                                                                          
00002459  SystemInit                                                                                                                                     
000057f5  T32_INT1_IRQHandler                                                                                                                            
000057f5  T32_INT2_IRQHandler                                                                                                                            
000057f5  T32_INTC_IRQHandler                                                                                                                            
000057f5  TA0_0_IRQHandler                                                                                                                               
000057f5  TA0_N_IRQHandler                                                                                                                               
000057f5  TA1_0_IRQHandler                                                                                                                               
000057f5  TA1_N_IRQHandler                                                                                                                               
000057f5  TA2_0_IRQHandler                                                                                                                               
000057f5  TA2_N_IRQHandler                                                                                                                               
000057f5  TA3_0_IRQHandler                                                                                                                               
000057f5  TA3_N_IRQHandler                                                                                                                               
000057f5  UsageFault_Handler                                                                                                                             
4000480c  WDTCTL_SYM                                                                                                                                     
000057f5  WDT_A_IRQHandler                                                                                                                               
00002aff  _Z10init_timerv                                                                                                                                
0000128f  _Z11bintoOneHoth                                                                                                                               
00002a85  _Z13configure_adcP32DIO_PORT_Even_Interruptable_Typet                                                                                          
00002ae5  _Z13configure_ledP32DIO_PORT_Even_Interruptable_Typet                                                                                          
000012a7  _Z16getAnalogChannelP32DIO_PORT_Even_Interruptable_Typet                                                                                       
00002a83  _Z21__default_new_handlerv                                                                                                                     
00002b09  _Z5setupv                                                                                                                                      
00002b19  _Z9main_loopv                                                                                                                                  
0000378d  _ZN10__cxxabiv116__enum_type_infoD0Ev                                                                                                          
0000378b  _ZN10__cxxabiv116__enum_type_infoD1Ev                                                                                                          
0000378b  _ZN10__cxxabiv116__enum_type_infoD2Ev                                                                                                          
00003783  _ZN10__cxxabiv117__array_type_infoD0Ev                                                                                                         
00003781  _ZN10__cxxabiv117__array_type_infoD1Ev                                                                                                         
00003781  _ZN10__cxxabiv117__array_type_infoD2Ev                                                                                                         
00003779  _ZN10__cxxabiv117__class_type_infoD0Ev                                                                                                         
00003777  _ZN10__cxxabiv117__class_type_infoD1Ev                                                                                                         
00003777  _ZN10__cxxabiv117__class_type_infoD2Ev                                                                                                         
0000376f  _ZN10__cxxabiv117__pbase_type_infoD0Ev                                                                                                         
0000376d  _ZN10__cxxabiv117__pbase_type_infoD1Ev                                                                                                         
0000376d  _ZN10__cxxabiv117__pbase_type_infoD2Ev                                                                                                         
00003765  _ZN10__cxxabiv119__pointer_type_infoD0Ev                                                                                                       
00003763  _ZN10__cxxabiv119__pointer_type_infoD1Ev                                                                                                       
00003763  _ZN10__cxxabiv119__pointer_type_infoD2Ev                                                                                                       
0000375b  _ZN10__cxxabiv120__function_type_infoD0Ev                                                                                                      
00003759  _ZN10__cxxabiv120__function_type_infoD1Ev                                                                                                      
00003759  _ZN10__cxxabiv120__function_type_infoD2Ev                                                                                                      
00003751  _ZN10__cxxabiv120__si_class_type_infoD0Ev                                                                                                      
0000374f  _ZN10__cxxabiv120__si_class_type_infoD1Ev                                                                                                      
0000374f  _ZN10__cxxabiv120__si_class_type_infoD2Ev                                                                                                      
00003747  _ZN10__cxxabiv121__vmi_class_type_infoD0Ev                                                                                                     
00003745  _ZN10__cxxabiv121__vmi_class_type_infoD1Ev                                                                                                     
00003745  _ZN10__cxxabiv121__vmi_class_type_infoD2Ev                                                                                                     
0000373d  _ZN10__cxxabiv123__fundamental_type_infoD0Ev                                                                                                   
0000373b  _ZN10__cxxabiv123__fundamental_type_infoD1Ev                                                                                                   
0000373b  _ZN10__cxxabiv123__fundamental_type_infoD2Ev                                                                                                   
00003733  _ZN10__cxxabiv129__pointer_to_member_type_infoD0Ev                                                                                             
00003731  _ZN10__cxxabiv129__pointer_to_member_type_infoD1Ev                                                                                             
00003731  _ZN10__cxxabiv129__pointer_to_member_type_infoD2Ev                                                                                             
00001695  _ZN3ADC11quick_setupEb                                                                                                                         
200007e0  _ZN3ADC15m_vpStaticPortsE                                                                                                                      
200007ec  _ZN3ADC15m_vu16StaticBitE                                                                                                                      
20000810  _ZN3ADC18m_u8AnalogChannelsE                                                                                                                   
200005d1  _ZN3ADC19m_bStaticConfiguredE                                                                                                                  
000018f1  _ZN3ADC4initEv                                                                                                                                 
0000191b  _ZN3ADC4readEP32DIO_PORT_Even_Interruptable_Typet                                                                                              
000017cd  _ZN3ADC5setupEb                                                                                                                                
000018c7  _ZN3ADC5setupEjjb                                                                                                                              
2000080c  _ZN3ADC9m_u32CTL0E                                                                                                                             
2000080e  _ZN3ADC9m_u32CTL1E                                                                                                                             
00001355  _ZN3ADCC1EP32DIO_PORT_Even_Interruptable_Typet                                                                                                 
00001471  _ZN3ADCC1EP32DIO_PORT_Even_Interruptable_Typetjj                                                                                               
000015f1  _ZN3ADCC1ERKS_                                                                                                                                 
000013c9  _ZN3ADCC1ESt6vectorIP32DIO_PORT_Even_Interruptable_TypeSaIS2_EES0_ItSaItEE                                                                     
00001515  _ZN3ADCC1ESt6vectorIP32DIO_PORT_Even_Interruptable_TypeSaIS2_EES0_ItSaItEEjj                                                                   
00001311  _ZN3ADCC1Ev                                                                                                                                    
00001355  _ZN3ADCC2EP32DIO_PORT_Even_Interruptable_Typet                                                                                                 
00001471  _ZN3ADCC2EP32DIO_PORT_Even_Interruptable_Typetjj                                                                                               
000015f1  _ZN3ADCC2ERKS_                                                                                                                                 
000013c9  _ZN3ADCC2ESt6vectorIP32DIO_PORT_Even_Interruptable_TypeSaIS2_EES0_ItSaItEE                                                                     
00001515  _ZN3ADCC2ESt6vectorIP32DIO_PORT_Even_Interruptable_TypeSaIS2_EES0_ItSaItEEjj                                                                   
00001311  _ZN3ADCC2Ev                                                                                                                                    
00001671  _ZN3ADCD0Ev                                                                                                                                    
00001659  _ZN3ADCD1Ev                                                                                                                                    
00001659  _ZN3ADCD2Ev                                                                                                                                    
200005c4  _ZN3I2C10m_spRxBuffE                                                                                                                           
200005cc  _ZN3I2C12m_sbReadDoneE                                                                                                                         
200005c0  _ZN3I2C13m_sstIteratorE                                                                                                                        
200005b8  _ZN3I2C14m_u8RetryCountE                                                                                                                       
200005c8  _ZN3I2C15m_sstRxBuffSizeE                                                                                                                      
20000800  _ZN3I2C15m_su8ByteValuesE                                                                                                                      
200005bc  _ZN3I2C18m_sstByteArraySizeE                                                                                                                   
000020cb  _ZN3I2C4readEPhjPb                                                                                                                             
00002069  _ZN3I2C4sendEPhj                                                                                                                               
200005d0  _ZN3I2C9m_bActiveE                                                                                                                             
00001fe9  _ZN3I2CC1Eh                                                                                                                                    
00001fe9  _ZN3I2CC2Eh                                                                                                                                    
0000212d  _ZN3I2CD1Ev                                                                                                                                    
0000212d  _ZN3I2CD2Ev                                                                                                                                    
00005725  _ZNKSaIP32DIO_PORT_Even_Interruptable_TypeE8max_sizeEv                                                                                         
00005733  _ZNKSaItE8max_sizeEv                                                                                                                           
00005645  _ZNKSt4priv12_Vector_baseIP32DIO_PORT_Even_Interruptable_TypeSaIS2_EE21_M_throw_length_errorEv                                                 
00005655  _ZNKSt4priv12_Vector_baseItSaItEE21_M_throw_length_errorEv                                                                                     
000053f5  _ZNKSt6vectorIP32DIO_PORT_Even_Interruptable_TypeSaIS1_EE4sizeEv                                                                               
0000540b  _ZNKSt6vectorIP32DIO_PORT_Even_Interruptable_TypeSaIS1_EE8capacityEv                                                                           
00004e21  _ZNKSt6vectorIP32DIO_PORT_Even_Interruptable_TypeSaIS1_EE8max_sizeEv                                                                           
00005421  _ZNKSt6vectorItSaItEE4sizeEv                                                                                                                   
00005437  _ZNKSt6vectorItSaItEE8capacityEv                                                                                                               
00004e45  _ZNKSt6vectorItSaItEE8max_sizeEv                                                                                                               
000036f3  _ZNKSt9type_info4nameEv                                                                                                                        
00003723  _ZNKSt9type_info6beforeERKS_                                                                                                                   
0000370d  _ZNKSt9type_infoeqERKS_                                                                                                                        
000036f7  _ZNKSt9type_infoneERKS_                                                                                                                        
00005393  _ZNSaIP32DIO_PORT_Even_Interruptable_TypeE10deallocateEPS0_j                                                                                   
0000450d  _ZNSaIP32DIO_PORT_Even_Interruptable_TypeE11_M_allocateEjRj                                                                                    
00005741  _ZNSaIP32DIO_PORT_Even_Interruptable_TypeEC1ERKS1_                                                                                             
000057f7  _ZNSaIP32DIO_PORT_Even_Interruptable_TypeEC1Ev                                                                                                 
00005665  _ZNSaIP32DIO_PORT_Even_Interruptable_TypeEC2ERKS1_                                                                                             
00005803  _ZNSaIP32DIO_PORT_Even_Interruptable_TypeED1Ev                                                                                                 
0000580f  _ZNSaIP32DIO_PORT_Even_Interruptable_TypeED2Ev                                                                                                 
000053ab  _ZNSaItE10deallocateEPtj                                                                                                                       
00004559  _ZNSaItE11_M_allocateEjRj                                                                                                                      
0000574f  _ZNSaItEC1ERKS_                                                                                                                                
0000581b  _ZNSaItEC1Ev                                                                                                                                   
00005675  _ZNSaItEC2ERKS_                                                                                                                                
00005827  _ZNSaItED1Ev                                                                                                                                   
00005833  _ZNSaItED2Ev                                                                                                                                   
0000575d  _ZNSt11__new_alloc10deallocateEPvj                                                                                                             
0000583f  _ZNSt11__new_alloc8allocateEj                                                                                                                  
0000584b  _ZNSt12_BothPtrTypeIPKP32DIO_PORT_Even_Interruptable_TypePS1_E7_AnswerEv                                                                       
00005857  _ZNSt12_BothPtrTypeIPKtPtE7_AnswerEv                                                                                                           
00005863  _ZNSt12_BothPtrTypeIPP32DIO_PORT_Even_Interruptable_TypeS2_E7_AnswerEv                                                                         
0000586f  _ZNSt12_BothPtrTypeIPtS0_E7_AnswerEv                                                                                                           
0000587b  _ZNSt12_TrivialCopyIP32DIO_PORT_Even_Interruptable_TypeS1_E7_AnswerEv                                                                          
00005887  _ZNSt12_TrivialCopyIttE7_AnswerEv                                                                                                              
00005893  _ZNSt13_TrivialUCopyIP32DIO_PORT_Even_Interruptable_TypeS1_E7_AnswerEv                                                                         
0000589f  _ZNSt13_TrivialUCopyIttE7_AnswerEv                                                                                                             
0000544d  _ZNSt16reverse_iteratorIPP32DIO_PORT_Even_Interruptable_TypeEC1ERKS3_                                                                          
00005513  _ZNSt16reverse_iteratorIPP32DIO_PORT_Even_Interruptable_TypeEC1ES2_                                                                            
00005463  _ZNSt16reverse_iteratorIPtEC1ERKS1_                                                                                                            
00005527  _ZNSt16reverse_iteratorIPtEC1ES0_                                                                                                              
000048ed  _ZNSt4priv10__copy_auxIPP32DIO_PORT_Even_Interruptable_TypeS3_EET0_T_S5_S4_RKSt11__true_type                                                   
0000491d  _ZNSt4priv10__copy_auxIPtS1_EET0_T_S3_S2_RKSt11__true_type                                                                                     
000052f7  _ZNSt4priv10__distanceIPP32DIO_PORT_Even_Interruptable_TypeEENSt15iterator_traitsIT_E15difference_typeERKS5_S9_RKSt26random_access_iterator_tag
00005311  _ZNSt4priv10__distanceIPtEENSt15iterator_traitsIT_E15difference_typeERKS3_S7_RKSt26random_access_iterator_tag                                  
0000511b  _ZNSt4priv11__copy_ptrsIPKP32DIO_PORT_Even_Interruptable_TypePS2_EET0_T_S7_S6_RKSt11__true_type                                                
00005137  _ZNSt4priv11__copy_ptrsIPKtPtEET0_T_S5_S4_RKSt11__true_type                                                                                    
00005153  _ZNSt4priv11__copy_ptrsIPP32DIO_PORT_Even_Interruptable_TypeS3_EET0_T_S5_S4_RKSt11__true_type                                                  
0000516f  _ZNSt4priv11__copy_ptrsIPtS1_EET0_T_S3_S2_RKSt11__true_type                                                                                    
0000494d  _ZNSt4priv11__ucopy_auxIPKP32DIO_PORT_Even_Interruptable_TypePS2_EET0_T_S7_S6_RKSt11__true_type                                                
0000497d  _ZNSt4priv11__ucopy_auxIPKtPtEET0_T_S5_S4_RKSt11__true_type                                                                                    
000049ad  _ZNSt4priv11__ucopy_auxIPP32DIO_PORT_Even_Interruptable_TypeS3_EET0_T_S5_S4_RKSt11__true_type                                                  
000049dd  _ZNSt4priv11__ucopy_auxIPtS1_EET0_T_S3_S2_RKSt11__true_type                                                                                    
00004e8d  _ZNSt4priv12_Vector_baseIP32DIO_PORT_Even_Interruptable_TypeSaIS2_EEC1ERKS3_                                                                   
00005685  _ZNSt4priv12_Vector_baseIP32DIO_PORT_Even_Interruptable_TypeSaIS2_EEC2ERKS3_                                                                   
00004a6d  _ZNSt4priv12_Vector_baseIP32DIO_PORT_Even_Interruptable_TypeSaIS2_EED1Ev                                                                       
000058ab  _ZNSt4priv12_Vector_baseIP32DIO_PORT_Even_Interruptable_TypeSaIS2_EED2Ev                                                                       
00004eaf  _ZNSt4priv12_Vector_baseItSaItEEC1ERKS1_                                                                                                       
00005695  _ZNSt4priv12_Vector_baseItSaItEEC2ERKS1_                                                                                                       
00004a9b  _ZNSt4priv12_Vector_baseItSaItEED1Ev                                                                                                           
000058b7  _ZNSt4priv12_Vector_baseItSaItEED2Ev                                                                                                           
0000518b  _ZNSt4priv12__ucopy_ptrsIPKP32DIO_PORT_Even_Interruptable_TypePS2_EET0_T_S7_S6_RKSt11__true_type                                               
000051a7  _ZNSt4priv12__ucopy_ptrsIPKtPtEET0_T_S5_S4_RKSt11__true_type                                                                                   
000051c3  _ZNSt4priv12__ucopy_ptrsIPP32DIO_PORT_Even_Interruptable_TypeS3_EET0_T_S5_S4_RKSt11__true_type                                                 
000051df  _ZNSt4priv12__ucopy_ptrsIPtS1_EET0_T_S3_S2_RKSt11__true_type                                                                                   
00004ac9  _ZNSt4priv14__copy_trivialEPKvS1_Pv                                                                                                            
00004c95  _ZNSt4priv15__ucopy_trivialEPKvS1_Pv                                                                                                           
000051fb  _ZNSt4priv17_STLP_alloc_proxyIPP32DIO_PORT_Even_Interruptable_TypeS2_SaIS2_EE8allocateEjRj                                                     
00005217  _ZNSt4priv17_STLP_alloc_proxyIPP32DIO_PORT_Even_Interruptable_TypeS2_SaIS2_EE8allocateEjRjRKSt11__true_type                                    
0000532b  _ZNSt4priv17_STLP_alloc_proxyIPP32DIO_PORT_Even_Interruptable_TypeS2_SaIS2_EEC1ERKS4_S3_                                                       
0000576b  _ZNSt4priv17_STLP_alloc_proxyIPP32DIO_PORT_Even_Interruptable_TypeS2_SaIS2_EED1Ev                                                              
00005233  _ZNSt4priv17_STLP_alloc_proxyIPttSaItEE8allocateEjRj                                                                                           
0000524f  _ZNSt4priv17_STLP_alloc_proxyIPttSaItEE8allocateEjRjRKSt11__true_type                                                                          
00005345  _ZNSt4priv17_STLP_alloc_proxyIPttSaItEEC1ERKS2_S1_                                                                                             
00005779  _ZNSt4priv17_STLP_alloc_proxyIPttSaItEED1Ev                                                                                                    
0000526b  _ZNSt4priv20__copy_backward_ptrsIPP32DIO_PORT_Even_Interruptable_TypeS3_EET0_T_S5_S4_RKSt11__true_type                                         
00005287  _ZNSt4priv20__copy_backward_ptrsIPtS1_EET0_T_S3_S2_RKSt11__true_type                                                                           
00004f9d  _ZNSt4priv20__uninitialized_moveIPP32DIO_PORT_Even_Interruptable_TypeS3_St11__true_typeEET0_T_S6_S5_T1_RKSt12__false_type                      
00004fbd  _ZNSt4priv20__uninitialized_moveIPtS1_St11__true_typeEET0_T_S4_S3_T1_RKSt12__false_type                                                        
00004a0d  _ZNSt4priv23__copy_trivial_backwardEPKvS1_Pv                                                                                                   
00004af7  _ZNSt4priv8__fill_nIPP32DIO_PORT_Even_Interruptable_TypejS2_EET_S4_T0_RKT1_                                                                    
00004b25  _ZNSt4priv8__fill_nIPtjtEET_S2_T0_RKT1_                                                                                                        
0000535f  _ZNSt4priv9__advanceIPP32DIO_PORT_Even_Interruptable_TypejEEvRT_T0_RKSt26random_access_iterator_tag                                            
00005379  _ZNSt4priv9__advanceIPtjEEvRT_T0_RKSt26random_access_iterator_tag                                                                              
000058c3  _ZNSt6_IsPODIP32DIO_PORT_Even_Interruptable_TypeE7_AnswerEv                                                                                    
000058cf  _ZNSt6_IsPODItE7_AnswerEv                                                                                                                      
00004199  _ZNSt6vectorIP32DIO_PORT_Even_Interruptable_TypeSaIS1_EE15_M_range_insertIPS1_EEvS5_T_S6_RKSt20forward_iterator_tag                            
00004ed1  _ZNSt6vectorIP32DIO_PORT_Even_Interruptable_TypeSaIS1_EE18_M_insert_dispatchIPS1_EEvS5_T_S6_RKSt12__false_type                                 
00003c9f  _ZNSt6vectorIP32DIO_PORT_Even_Interruptable_TypeSaIS1_EE18_M_insert_overflowEPS1_RKS1_RKSt11__true_typejb                                      
000047dd  _ZNSt6vectorIP32DIO_PORT_Even_Interruptable_TypeSaIS1_EE19_M_clear_after_moveEv                                                                
000034ad  _ZNSt6vectorIP32DIO_PORT_Even_Interruptable_TypeSaIS1_EE19_M_range_insert_auxIPS1_EEvS5_T_S6_jRKSt12__false_type                               
00004b53  _ZNSt6vectorIP32DIO_PORT_Even_Interruptable_TypeSaIS1_EE20_M_allocate_and_copyIPKS1_EEPS1_RjT_S9_                                              
000042ad  _ZNSt6vectorIP32DIO_PORT_Even_Interruptable_TypeSaIS1_EE20_M_compute_next_sizeEj                                                               
00003b21  _ZNSt6vectorIP32DIO_PORT_Even_Interruptable_TypeSaIS1_EE23_M_range_insert_reallocIPS1_EEvS5_T_S6_j                                             
00005787  _ZNSt6vectorIP32DIO_PORT_Even_Interruptable_TypeSaIS1_EE3endEv                                                                                 
00005479  _ZNSt6vectorIP32DIO_PORT_Even_Interruptable_TypeSaIS1_EE4rendEv                                                                                
00005795  _ZNSt6vectorIP32DIO_PORT_Even_Interruptable_TypeSaIS1_EE5beginEv                                                                               
00004ef3  _ZNSt6vectorIP32DIO_PORT_Even_Interruptable_TypeSaIS1_EE6_M_setEPS1_S4_S4_                                                                     
[...]
000057f5  NMI_Handler                                                                                                                                    
000057f5  PCM_IRQHandler                                                                                                                                 
000057f5  PORT1_IRQHandler                                                                                                                               
000057f5  PORT2_IRQHandler                                                                                                                               
000057f5  PORT3_IRQHandler                                                                                                                               
000057f5  PORT4_IRQHandler                                                                                                                               
000057f5  PORT5_IRQHandler                                                                                                                               
000057f5  PORT6_IRQHandler                                                                                                                               
000057f5  PSS_IRQHandler                                                                                                                                 
000057f5  PendSV_Handler                                                                                                                                 
000057f5  RTC_C_IRQHandler                                                                                                                               
000057f5  SVC_Handler                                                                                                                                    
000057f5  SysTick_Handler                                                                                                                                
000057f5  T32_INT1_IRQHandler                                                                                                                            
000057f5  T32_INT2_IRQHandler                                                                                                                            
000057f5  T32_INTC_IRQHandler                                                                                                                            
000057f5  TA0_0_IRQHandler                                                                                                                               
000057f5  TA0_N_IRQHandler                                                                                                                               
000057f5  TA1_0_IRQHandler                                                                                                                               
000057f5  TA1_N_IRQHandler                                                                                                                               
000057f5  TA2_0_IRQHandler                                                                                                                               
000057f5  TA2_N_IRQHandler                                                                                                                               
000057f5  TA3_0_IRQHandler                                                                                                                               
000057f5  TA3_N_IRQHandler                                                                                                                               
000057f5  UsageFault_Handler                                                                                                                             
000057f5  WDT_A_IRQHandler                                                                                                                               
000057f7  _ZNSaIP32DIO_PORT_Even_Interruptable_TypeEC1Ev                                                                                                 
00005803  _ZNSaIP32DIO_PORT_Even_Interruptable_TypeED1Ev                                                                                                 
0000580f  _ZNSaIP32DIO_PORT_Even_Interruptable_TypeED2Ev                                                                                                 
0000581b  _ZNSaItEC1Ev                                                                                                                                   
00005827  _ZNSaItED1Ev                                                                                                                                   
00005833  _ZNSaItED2Ev                                                                                                                                   
0000583f  _ZNSt11__new_alloc8allocateEj                                                                                                                  
0000584b  _ZNSt12_BothPtrTypeIPKP32DIO_PORT_Even_Interruptable_TypePS1_E7_AnswerEv                                                                       
00005857  _ZNSt12_BothPtrTypeIPKtPtE7_AnswerEv                                                                                                           
00005863  _ZNSt12_BothPtrTypeIPP32DIO_PORT_Even_Interruptable_TypeS2_E7_AnswerEv                                                                         
0000586f  _ZNSt12_BothPtrTypeIPtS0_E7_AnswerEv                                                                                                           
0000587b  _ZNSt12_TrivialCopyIP32DIO_PORT_Even_Interruptable_TypeS1_E7_AnswerEv                                                                          
00005887  _ZNSt12_TrivialCopyIttE7_AnswerEv                                                                                                              
00005893  _ZNSt13_TrivialUCopyIP32DIO_PORT_Even_Interruptable_TypeS1_E7_AnswerEv                                                                         
0000589f  _ZNSt13_TrivialUCopyIttE7_AnswerEv                                                                                                             
000058ab  _ZNSt4priv12_Vector_baseIP32DIO_PORT_Even_Interruptable_TypeSaIS2_EED2Ev                                                                       
000058b7  _ZNSt4priv12_Vector_baseItSaItEED2Ev                                                                                                           
000058c3  _ZNSt6_IsPODIP32DIO_PORT_Even_Interruptable_TypeE7_AnswerEv                                                                                    
000058cf  _ZNSt6_IsPODItE7_AnswerEv                                                                                                                      
000058db  _ZSt12__stl_deletePv                                                                                                                           
000058e7  _ZSt9__stl_newj                                                                                                                                
000058f3  __TI_zero_init                                                                                                                                 
000058ff  _ZdlPv                                                                                                                                         
00005907  _system_pre_init                                                                                                                               
0000590c  _ctypes_                                                                                                                                       
00005a0d  _ZTSN10__cxxabiv123__fundamental_type_infoE                                                                                                    
00005a35  _ZTSN10__cxxabiv120__si_class_type_infoE                                                                                                       
00005a5a  _ZTSN10__cxxabiv119__pointer_type_infoE                                                                                                        
00005a7e  _ZTSN10__cxxabiv117__class_type_infoE                                                                                                          
00005aa0  _ZTSN10__cxxabiv117__pbase_type_infoE                                                                                                          
00005ac2  _ZTSe                                                                                                                                          
00005ac4  _ZTIPKe                                                                                                                                        
00005ad4  _ZTV3ADC                                                                                                                                       
00005ae4  _ZTVN10__cxxabiv117__class_type_infoE                                                                                                          
00005af4  _ZTVN10__cxxabiv119__pointer_type_infoE                                                                                                        
00005b04  _ZTVN10__cxxabiv120__si_class_type_infoE                                                                                                       
00005b14  _ZTVN10__cxxabiv123__fundamental_type_infoE                                                                                                    
00005b24  _ZZNSaIP32DIO_PORT_Even_Interruptable_TypeE11_M_allocateEjRjEs                                                                                 
00005b33  _ZZNSaItE11_M_allocateEjRjEs                                                                                                                   
00005b42  _ZTSSt9type_info                                                                                                                               
00005b50  _ZTIN10__cxxabiv117__class_type_infoE                                                                                                          
00005b5c  _ZTIN10__cxxabiv117__pbase_type_infoE                                                                                                          
00005b68  _ZTIN10__cxxabiv119__pointer_type_infoE                                                                                                        
00005b74  _ZTIN10__cxxabiv120__si_class_type_infoE                                                                                                       
00005b80  _ZTIN10__cxxabiv123__fundamental_type_infoE                                                                                                    
00005b8c  _ZTI3ADC                                                                                                                                       
00005b94  _ZTISt9type_info                                                                                                                               
00005b9c  _ZTIe                                                                                                                                          
00005ba4  _ZZNKSt4priv12_Vector_baseIP32DIO_PORT_Even_Interruptable_TypeSaIS2_EE21_M_throw_length_errorEvEs                                              
00005bab  _ZZNKSt4priv12_Vector_baseItSaItEE21_M_throw_length_errorEvEs                                                                                  
00005bb2  _ZTS3ADC                                                                                                                                       
00005bb7  _ZTSPKe                                                                                                                                        
00005bbc  SHT$$INIT_ARRAY$$Base                                                                                                                          
00005bc4  SHT$$INIT_ARRAY$$Limit                                                                                                                         
00005c40  __TI_Handler_Table_Base                                                                                                                        
00005c4c  __TI_Handler_Table_Limit                                                                                                                       
00005c58  __TI_CINIT_Base                                                                                                                                
00005c68  __TI_CINIT_Limit                                                                                                                               
20000000  _sys_memory                                                                                                                                    
20000400  _ftable                                                                                                                                        
200004f0  _device                                                                                                                                        
20000568  _stream                                                                                                                                        
200005b8  _ZN3I2C14m_u8RetryCountE                                                                                                                       
200005bc  _ZN3I2C18m_sstByteArraySizeE                                                                                                                   
200005c0  _ZN3I2C13m_sstIteratorE                                                                                                                        
200005c4  _ZN3I2C10m_spRxBuffE                                                                                                                           
200005c8  _ZN3I2C15m_sstRxBuffSizeE                                                                                                                      
200005cc  _ZN3I2C12m_sbReadDoneE                                                                                                                         
200005d0  _ZN3I2C9m_bActiveE                                                                                                                             
200005d1  _ZN3ADC19m_bStaticConfiguredE                                                                                                                  
200005d4  __TI_ft_end                                                                                                                                    
200005d8  __aeabi_stdin                                                                                                                                  
200005dc  __aeabi_stdout                                                                                                                                 
200005e0  __aeabi_stderr                                                                                                                                 
200005e4  __TI_cleanup_ptr                                                                                                                               
200005e8  __TI_dtors_ptr                                                                                                                                 
200005ec  __TI_enable_exit_profile_output                                                                                                                
200005fc  _lock                                                                                                                                          
20000600  _unlock                                                                                                                                        
20000608  errno                                                                                                                                          
20000614  main_func_sp                                                                                                                                   
20000618  _new_handler                                                                                                                                   
2000061c  SystemCoreClock                                                                                                                                
20000620  __CIOBUF_                                                                                                                                      
20000740  __TI_tmpnams                                                                                                                                   
200007e0  _ZN3ADC15m_vpStaticPortsE                                                                                                                      
200007ec  _ZN3ADC15m_vu16StaticBitE                                                                                                                      
200007f8  parmbuf                                                                                                                                        
20000800  _ZN3I2C15m_su8ByteValuesE                                                                                                                      
20000804  _ZSt16__dummy_typeinfo                                                                                                                         
20000808  __dso_handle                                                                                                                                   
2000080c  _ZN3ADC9m_u32CTL0E                                                                                                                             
2000080e  _ZN3ADC9m_u32CTL1E                                                                                                                             
20000810  _ZN3ADC18m_u8AnalogChannelsE                                                                                                                   
2000fe00  __stack                                                                                                                                        
20010000  __STACK_END                                                                                                                                    
4000480c  WDTCTL_SYM                                                                                                                                     
ffffffff  __TI_pprof_out_hndl                                                                                                                            
ffffffff  __TI_prof_data_size                                                                                                                            
ffffffff  __TI_prof_data_start                                                                                                                           
ffffffff  __binit__                                                                                                                                      
ffffffff  __c_args__                                                                                                                                     
ffffffff  binit                                                                                                                                          

[485 symbols]
