******************************************************************************
                  TI ARM Linker Unix v16.9.6                   
******************************************************************************
>> Linked Sun Mar 25 16:33:18 2018

OUTPUT FILE NAME:   <NIghtLight.out>
ENTRY POINT SYMBOL: "_c_int00"  address: 00002f55


MEMORY CONFIGURATION

         name            origin    length      used     unused   attr    fill
----------------------  --------  ---------  --------  --------  ----  --------
  MAIN                  00000000   00040000  00003531  0003cacf  R  X
  INFO                  00200000   00004000  00000000  00004000  R  X
  SRAM_CODE             01000000   00010000  000009c4  0000f63c  RW X
  SRAM_DATA             20000000   00010000  000009c4  0000f63c  RW  


SEGMENT ALLOCATION MAP

run origin  load origin   length   init length attrs members
----------  ----------- ---------- ----------- ----- -------
00000000    00000000    00003538   00003538    r-x
  00000000    00000000    000000e4   000000e4    r-- .intvecs
  000000e4    000000e4    000032b4   000032b4    r-x .text
  00003398    00003398    00000101   00000101    r-- .const
  000034a0    000034a0    00000098   00000098    r-- .cinit
20000000    20000000    000007c4   00000000    rw-
  20000000    20000000    00000400   00000000    rw- .sysmem
  20000400    20000400    000001fc   00000000    rw- .data
  200005fc    200005fc    000001c8   00000000    rw- .bss
2000fe00    2000fe00    00000200   00000000    rw-
  2000fe00    2000fe00    00000200   00000000    rw- .stack


SECTION ALLOCATION MAP

 output                                  attributes/
section   page    origin      length       input sections
--------  ----  ----------  ----------   ----------------
.intvecs   0    00000000    000000e4     
                  00000000    000000e4     startup_msp432p401r_ccs.obj (.intvecs:retain)

.text      0    000000e4    000032b4     
                  000000e4    0000113e     rtsv7M4_T_le_v4SPD16_eabi.lib : _printfi.obj (.text)
                  00001222    00000002                                   : mpu_init.obj (.text)
                  00001224    000003d0                                   : memory.obj (.text)
                  000015f4    00000334     system_msp432p401r.obj (.text)
                  00001928    000001f4     rtsv7M4_T_le_v4SPD16_eabi.lib : ull_div_t2.obj (.text)
                  00001b1c    000001c4                                   : fopen.obj (.text)
                  00001ce0    000001b6                                   : fd_add_t2.obj (.text)
                  00001e96    00000136                                   : fd_div_t2.obj (.text)
                  00001fcc    00000134                                   : fputs.obj (.text)
                  00002100    000000fc                                   : fd_mul_t2.obj (.text)
                  000021fc    000000fc                                   : s_scalbn.obj (.text)
                  000022f8    000000dc                                   : setvbuf.obj (.text)
                  000023d4    000000d8     main.obj (.text)
                  000024ac    000000c8     rtsv7M4_T_le_v4SPD16_eabi.lib : fflush.obj (.text)
                  00002574    000000bc                                   : open.obj (.text)
                  00002630    000000ac                                   : _io_perm.obj (.text)
                  000026dc    0000009c                                   : memcpy_t2.obj (.text)
                  00002778    00000098                                   : fclose.obj (.text)
                  00002810    00000098                                   : fputc.obj (.text)
                  000028a8    00000086                                   : fd_cmp_t2.obj (.text:__aeabi_cdcmple)
                  0000292e    00000086                                   : fd_cmp_t2.obj (.text:__aeabi_cdrcmple)
                  000029b4    0000007a                                   : memset_t2.obj (.text)
                  00002a2e    00000002                                   : startup.obj (.text)
                  00002a30    00000070                                   : autoinit.obj (.text)
                  00002aa0    00000070                                   : getdevice.obj (.text)
                  00002b10    00000070                                   : printf.obj (.text)
                  00002b80    00000068                                   : copy_decompress_lzss.obj (.text:decompress:lzss)
                  00002be8    00000068                                   : hostlseek.obj (.text)
                  00002c50    00000068                                   : hostrename.obj (.text)
                  00002cb8    00000068                                   : trgmsg.obj (.text)
                  00002d20    00000064                                   : fseek.obj (.text)
                  00002d84    00000064                                   : s_frexp.obj (.text)
                  00002de8    00000060                                   : hostopen.obj (.text)
                  00002e48    0000005c                                   : close.obj (.text)
                  00002ea4    00000058                                   : hostread.obj (.text)
                  00002efc    00000058                                   : hostwrite.obj (.text)
                  00002f54    00000054                                   : boot.obj (.text)
                  00002fa8    00000054                                   : exit.obj (.text)
                  00002ffc    00000054                                   : ltoa.obj (.text)
                  00003050    0000004c                                   : atoi.obj (.text)
                  0000309c    0000004c                                   : cpy_tbl.obj (.text)
                  000030e8    00000048                                   : fd_toi_t2.obj (.text)
                  00003130    00000044                                   : hostclose.obj (.text)
                  00003174    00000044                                   : hostunlink.obj (.text)
                  000031b8    00000036                                   : strncpy.obj (.text)
                  000031ee    0000002e                                   : i_tofd_t2.obj (.text)
                  0000321c    0000002c                                   : unlink.obj (.text)
                  00003248    00000028                                   : lseek.obj (.text)
                  00003270    00000028                                   : write.obj (.text)
                  00003298    00000020                                   : memchr.obj (.text)
                  000032b8    0000001c                                   : memccpy.obj (.text)
                  000032d4    00000018                                   : args_main.obj (.text)
                  000032ec    00000018                                   : strcmp.obj (.text)
                  00003304    00000016                                   : strchr.obj (.text)
                  0000331a    00000002     --HOLE-- [fill = 0]
                  0000331c    00000014                                   : _lock.obj (.text)
                  00003330    00000014                                   : s_copysign.obj (.text)
                  00003344    00000014                                   : strcpy.obj (.text)
                  00003358    00000014                                   : strlen.obj (.text)
                  0000336c    0000000e                                   : copy_decompress_none.obj (.text:decompress:none)
                  0000337a    0000000e     startup_msp432p401r_ccs.obj (.text)
                  00003388    0000000c     rtsv7M4_T_le_v4SPD16_eabi.lib : copy_zero_init.obj (.text:decompress:ZI)
                  00003394    00000004                                   : pre_init.obj (.text)

.const     0    00003398    00000101     
                  00003398    00000101     rtsv7M4_T_le_v4SPD16_eabi.lib : ctype.obj (.const:.string:_ctypes_)

.cinit     0    000034a0    00000098     
                  000034a0    00000071     (.cinit..data.load) [load image, compression = lzss]
                  00003511    00000003     --HOLE-- [fill = 0]
                  00003514    0000000c     (__TI_handler_table)
                  00003520    00000008     (.cinit..bss.load) [load image, compression = zero_init]
                  00003528    00000010     (__TI_cinit_table)

.init_array 
*          0    00000000    00000000     UNINITIALIZED

.binit     0    00000000    00000000     

.sysmem    0    20000000    00000400     UNINITIALIZED
                  20000000    00000008     rtsv7M4_T_le_v4SPD16_eabi.lib : memory.obj (.sysmem)
                  20000008    000003f8     --HOLE--

.data      0    20000400    000001fc     UNINITIALIZED
                  20000400    000000f0     rtsv7M4_T_le_v4SPD16_eabi.lib : defs.obj (.data:_ftable)
                  200004f0    00000078                                   : write.obj (.data:_device)
                  20000568    00000050                                   : write.obj (.data:_stream)
                  200005b8    00000010                                   : defs.obj (.data)
                  200005c8    0000000c                                   : exit.obj (.data:$O1$$)
                  200005d4    0000000c                                   : memory.obj (.data:$O1$$)
                  200005e0    00000008                                   : _lock.obj (.data:$O1$$)
                  200005e8    00000004                                   : errno.obj (.data)
                  200005ec    00000004                                   : fopen.obj (.data)
                  200005f0    00000004                                   : open.obj (.data)
                  200005f4    00000004                                   : stkdepth_vars.obj (.data)
                  200005f8    00000004     system_msp432p401r.obj (.data)

.bss       0    200005fc    000001c8     UNINITIALIZED
                  200005fc    00000120     rtsv7M4_T_le_v4SPD16_eabi.lib : trgmsg.obj (.bss:_CIOBUF_)
                  2000071c    000000a0     (.common:__TI_tmpnams)
                  200007bc    00000008     (.common:parmbuf)

.stack     0    2000fe00    00000200     UNINITIALIZED
                  2000fe00    00000200     --HOLE--

MODULE SUMMARY

       Module                        code    ro data   rw data
       ------                        ----    -------   -------
    ./
       system_msp432p401r.obj        820     0         8      
       startup_msp432p401r_ccs.obj   14      228       0      
       main.obj                      216     0         0      
    +--+-----------------------------+-------+---------+---------+
       Total:                        1050    228       8      
                                                              
    /home/david/ti/ccsv7/tools/compiler/ti-cgt-arm_16.9.6.LTS/lib/rtsv7M4_T_le_v4SPD16_eabi.lib
       _printfi.obj                  4414    0         0      
       memory.obj                    976     0         24     
       defs.obj                      0       0         832    
       trgmsg.obj                    104     0         576    
       ull_div_t2.obj                500     0         0      
       fopen.obj                     452     0         8      
       write.obj                     40      0         400    
       fd_add_t2.obj                 438     0         0      
       fd_div_t2.obj                 310     0         0      
       fputs.obj                     308     0         0      
       fd_cmp_t2.obj                 268     0         0      
       ctype.obj                     0       257       0      
       fd_mul_t2.obj                 252     0         0      
       s_scalbn.obj                  252     0         0      
       setvbuf.obj                   220     0         0      
       fflush.obj                    200     0         0      
       open.obj                      188     0         8      
       _io_perm.obj                  172     0         0      
       memcpy_t2.obj                 156     0         0      
       fclose.obj                    152     0         0      
       fputc.obj                     152     0         0      
       memset_t2.obj                 122     0         0      
       autoinit.obj                  112     0         0      
       getdevice.obj                 112     0         0      
       hostopen.obj                  96      0         16     
       printf.obj                    112     0         0      
       exit.obj                      84      0         24     
       copy_decompress_lzss.obj      104     0         0      
       hostlseek.obj                 104     0         0      
       hostrename.obj                104     0         0      
       fseek.obj                     100     0         0      
       s_frexp.obj                   100     0         0      
       close.obj                     92      0         0      
       hostread.obj                  88      0         0      
       hostwrite.obj                 88      0         0      
       boot.obj                      84      0         0      
       ltoa.obj                      84      0         0      
       atoi.obj                      76      0         0      
       cpy_tbl.obj                   76      0         0      
       fd_toi_t2.obj                 72      0         0      
       hostclose.obj                 68      0         0      
       hostunlink.obj                68      0         0      
       strncpy.obj                   54      0         0      
       i_tofd_t2.obj                 46      0         0      
       unlink.obj                    44      0         0      
       lseek.obj                     40      0         0      
       _lock.obj                     20      0         16     
       memchr.obj                    32      0         0      
       memccpy.obj                   28      0         0      
       args_main.obj                 24      0         0      
       strcmp.obj                    24      0         0      
       strchr.obj                    22      0         0      
       s_copysign.obj                20      0         0      
       strcpy.obj                    20      0         0      
       strlen.obj                    20      0         0      
       copy_decompress_none.obj      14      0         0      
       copy_zero_init.obj            12      0         0      
       errno.obj                     0       0         8      
       stkdepth_vars.obj             0       0         8      
       pre_init.obj                  4       0         0      
       mpu_init.obj                  2       0         0      
       startup.obj                   2       0         0      
    +--+-----------------------------+-------+---------+---------+
       Total:                        11928   257       1920   
                                                              
       Heap:                         0       0         2048   
       Stack:                        0       0         1024   
       Linker Generated:             0       149       0      
    +--+-----------------------------+-------+---------+---------+
       Grand Total:                  12978   634       5000   


LINKER GENERATED COPY TABLES

__TI_cinit_table @ 00003528 records: 2, size/record: 8, table size: 16
	.data: load addr=000034a0, load size=00000071 bytes, run addr=20000400, run size=000001fc bytes, compression=lzss
	.bss: load addr=00003520, load size=00000008 bytes, run addr=200005fc, run size=000001c8 bytes, compression=zero_init


LINKER GENERATED HANDLER TABLE

__TI_handler_table @ 00003514 records: 3, size/record: 4, table size: 12
	index: 0, handler: __TI_decompress_lzss
	index: 1, handler: __TI_decompress_none
	index: 2, handler: __TI_zero_init


GLOBAL SYMBOLS: SORTED ALPHABETICALLY BY Name 

address   name                           
-------   ----                           
00003387  ADC14_IRQHandler               
00003387  AES256_IRQHandler              
00003387  BusFault_Handler               
00002fa9  C$$EXIT                        
00002ce7  C$$IO$$                        
00003387  COMP_E0_IRQHandler             
00003387  COMP_E1_IRQHandler             
00003387  CS_IRQHandler                  
00003387  DMA_ERR_IRQHandler             
00003387  DMA_INT0_IRQHandler            
00003387  DMA_INT1_IRQHandler            
00003387  DMA_INT2_IRQHandler            
00003387  DMA_INT3_IRQHandler            
00003387  DebugMon_Handler               
00003387  Default_Handler                
00003387  EUSCIA0_IRQHandler             
00003387  EUSCIA1_IRQHandler             
00003387  EUSCIA2_IRQHandler             
00003387  EUSCIA3_IRQHandler             
00003387  EUSCIB0_IRQHandler             
00003387  EUSCIB1_IRQHandler             
00003387  EUSCIB2_IRQHandler             
00003387  EUSCIB3_IRQHandler             
00003387  FLCTL_IRQHandler               
00003387  FPU_IRQHandler                 
00003131  HOSTclose                      
00002be9  HOSTlseek                      
00002de9  HOSTopen                       
00002ea5  HOSTread                       
00002c51  HOSTrename                     
00003175  HOSTunlink                     
00002efd  HOSTwrite                      
00003387  HardFault_Handler              
00003387  MemManage_Handler              
00003387  NMI_Handler                    
00003387  PCM_IRQHandler                 
00003387  PORT1_IRQHandler               
00003387  PORT2_IRQHandler               
00003387  PORT3_IRQHandler               
00003387  PORT4_IRQHandler               
00003387  PORT5_IRQHandler               
00003387  PORT6_IRQHandler               
00003387  PSS_IRQHandler                 
00003387  PendSV_Handler                 
00003387  RTC_C_IRQHandler               
0000337b  Reset_Handler                  
UNDEFED   SHT$$INIT_ARRAY$$Base          
UNDEFED   SHT$$INIT_ARRAY$$Limit         
00003387  SVC_Handler                    
00003387  SysTick_Handler                
200005f8  SystemCoreClock                
000015f5  SystemCoreClockUpdate          
0000186d  SystemInit                     
00003387  T32_INT1_IRQHandler            
00003387  T32_INT2_IRQHandler            
00003387  T32_INTC_IRQHandler            
00003387  TA0_0_IRQHandler               
00003387  TA0_N_IRQHandler               
00003387  TA1_0_IRQHandler               
00003387  TA1_N_IRQHandler               
00003387  TA2_0_IRQHandler               
00003387  TA2_N_IRQHandler               
00003387  TA3_0_IRQHandler               
00003387  TA3_N_IRQHandler               
00003387  UsageFault_Handler             
4000480c  WDTCTL_SYM                     
00003387  WDT_A_IRQHandler               
200005fc  __CIOBUF_                      
20010000  __STACK_END                    
00000200  __STACK_SIZE                   
00000400  __SYSMEM_SIZE                  
00003528  __TI_CINIT_Base                
00003538  __TI_CINIT_Limit               
00003514  __TI_Handler_Table_Base        
00003520  __TI_Handler_Table_Limit       
00002a31  __TI_auto_init                 
00001be5  __TI_cleanup                   
200005c8  __TI_cleanup_ptr               
00002779  __TI_closefile                 
00002b81  __TI_decompress_lzss           
0000336d  __TI_decompress_none           
000024ad  __TI_doflush                   
200005cc  __TI_dtors_ptr                 
200005d0  __TI_enable_exit_profile_output
200005b8  __TI_ft_end                    
ffffffff  __TI_pprof_out_hndl            
00000929  __TI_printfi                   
ffffffff  __TI_prof_data_size            
ffffffff  __TI_prof_data_start           
00002693  __TI_rd_ok                     
00002ceb  __TI_readmsg                   
00000000  __TI_static_base__             
2000071c  __TI_tmpnams                   
00002cb9  __TI_writemsg                  
00002631  __TI_wrt_ok                    
00003389  __TI_zero_init                 
000028a9  __aeabi_cdcmpeq                
000028a9  __aeabi_cdcmple                
0000292f  __aeabi_cdrcmple               
000030e9  __aeabi_d2iz                   
00001ceb  __aeabi_dadd                   
00001e97  __aeabi_ddiv                   
00002101  __aeabi_dmul                   
00001ce1  __aeabi_dsub                   
000031ef  __aeabi_i2d                    
000029b5  __aeabi_memclr                 
000029b5  __aeabi_memclr4                
000029b5  __aeabi_memclr8                
000026dd  __aeabi_memcpy                 
000026dd  __aeabi_memcpy4                
000026dd  __aeabi_memcpy8                
000029b7  __aeabi_memset                 
000029b7  __aeabi_memset4                
000029b7  __aeabi_memset8                
200005c4  __aeabi_stderr                 
200005bc  __aeabi_stdin                  
200005c0  __aeabi_stdout                 
00001929  __aeabi_uldivmod               
ffffffff  __binit__                      
ffffffff  __c_args__                     
00001223  __mpu_init                     
2000fe00  __stack                        
000032d5  _args_main                     
00002f55  _c_int00                       
00003398  _ctypes_                       
200004f0  _device                        
20000400  _ftable                        
200005e0  _lock                          
0000332b  _nop                           
00003323  _register_lock                 
0000331d  _register_unlock               
20000568  _stream                        
20000000  _sys_memory                    
00002a2f  _system_post_cinit             
00003395  _system_pre_init               
200005e4  _unlock                        
00002fad  abort                          
00003051  atoi                           
ffffffff  binit                          
000015c5  calloc                         
00002e49  close                          
000023d5  configure_adc                  
00002413  configure_led                  
0000309d  copy_in                        
00003331  copysign                       
00003331  copysignl                      
200005e8  errno                          
00002fb5  exit                           
000027df  fclose                         
000024f9  fflush                         
00002aa1  finddevice                     
00001c3b  fopen                          
00002811  fputc                          
00001fcd  fputs                          
0000130f  free                           
00001c11  freopen                        
00002d85  frexp                          
00002d85  frexpl                         
00002d21  fseek                          
00002acb  getdevice                      
0000242d  init_timer                     
00000000  interruptVectors               
000021fd  ldexp                          
000021fd  ldexpl                         
00003249  lseek                          
00002ffd  ltoa                           
00002455  main                           
200005f4  main_func_sp                   
00002447  main_loop                      
000012a5  malloc                         
000014d9  memalign                       
000032b9  memccpy                        
00003299  memchr                         
000026dd  memcpy                         
000029bd  memset                         
00001225  minit                          
00002575  open                           
200007bc  parmbuf                        
00002b19  printf                         
00002811  putc                           
00002895  putchar                        
000020d9  puts                           
000013cf  realloc                        
0000321d  remove                         
000021fd  scalbn                         
000021fd  scalbnl                        
00002437  setup                          
000022f9  setvbuf                        
00003305  strchr                         
000032ed  strcmp                         
00003345  strcpy                         
00003359  strlen                         
000031b9  strncpy                        
0000321d  unlink                         
00003271  write                          


GLOBAL SYMBOLS: SORTED BY Symbol Address 

address   name                           
-------   ----                           
00000000  __TI_static_base__             
00000000  interruptVectors               
00000200  __STACK_SIZE                   
00000400  __SYSMEM_SIZE                  
00000929  __TI_printfi                   
00001223  __mpu_init                     
00001225  minit                          
000012a5  malloc                         
0000130f  free                           
000013cf  realloc                        
000014d9  memalign                       
000015c5  calloc                         
000015f5  SystemCoreClockUpdate          
0000186d  SystemInit                     
00001929  __aeabi_uldivmod               
00001be5  __TI_cleanup                   
00001c11  freopen                        
00001c3b  fopen                          
00001ce1  __aeabi_dsub                   
00001ceb  __aeabi_dadd                   
00001e97  __aeabi_ddiv                   
00001fcd  fputs                          
000020d9  puts                           
00002101  __aeabi_dmul                   
000021fd  ldexp                          
000021fd  ldexpl                         
000021fd  scalbn                         
000021fd  scalbnl                        
000022f9  setvbuf                        
000023d5  configure_adc                  
00002413  configure_led                  
0000242d  init_timer                     
00002437  setup                          
00002447  main_loop                      
00002455  main                           
000024ad  __TI_doflush                   
000024f9  fflush                         
00002575  open                           
00002631  __TI_wrt_ok                    
00002693  __TI_rd_ok                     
000026dd  __aeabi_memcpy                 
000026dd  __aeabi_memcpy4                
000026dd  __aeabi_memcpy8                
000026dd  memcpy                         
00002779  __TI_closefile                 
000027df  fclose                         
00002811  fputc                          
00002811  putc                           
00002895  putchar                        
000028a9  __aeabi_cdcmpeq                
000028a9  __aeabi_cdcmple                
0000292f  __aeabi_cdrcmple               
000029b5  __aeabi_memclr                 
000029b5  __aeabi_memclr4                
000029b5  __aeabi_memclr8                
000029b7  __aeabi_memset                 
000029b7  __aeabi_memset4                
000029b7  __aeabi_memset8                
000029bd  memset                         
00002a2f  _system_post_cinit             
00002a31  __TI_auto_init                 
00002aa1  finddevice                     
00002acb  getdevice                      
00002b19  printf                         
00002b81  __TI_decompress_lzss           
00002be9  HOSTlseek                      
00002c51  HOSTrename                     
00002cb9  __TI_writemsg                  
00002ce7  C$$IO$$                        
00002ceb  __TI_readmsg                   
00002d21  fseek                          
00002d85  frexp                          
00002d85  frexpl                         
00002de9  HOSTopen                       
00002e49  close                          
00002ea5  HOSTread                       
00002efd  HOSTwrite                      
00002f55  _c_int00                       
00002fa9  C$$EXIT                        
00002fad  abort                          
00002fb5  exit                           
00002ffd  ltoa                           
00003051  atoi                           
0000309d  copy_in                        
000030e9  __aeabi_d2iz                   
00003131  HOSTclose                      
00003175  HOSTunlink                     
000031b9  strncpy                        
000031ef  __aeabi_i2d                    
0000321d  remove                         
0000321d  unlink                         
00003249  lseek                          
00003271  write                          
00003299  memchr                         
000032b9  memccpy                        
000032d5  _args_main                     
000032ed  strcmp                         
00003305  strchr                         
0000331d  _register_unlock               
00003323  _register_lock                 
0000332b  _nop                           
00003331  copysign                       
00003331  copysignl                      
00003345  strcpy                         
00003359  strlen                         
0000336d  __TI_decompress_none           
0000337b  Reset_Handler                  
00003387  ADC14_IRQHandler               
00003387  AES256_IRQHandler              
00003387  BusFault_Handler               
00003387  COMP_E0_IRQHandler             
00003387  COMP_E1_IRQHandler             
00003387  CS_IRQHandler                  
00003387  DMA_ERR_IRQHandler             
00003387  DMA_INT0_IRQHandler            
00003387  DMA_INT1_IRQHandler            
00003387  DMA_INT2_IRQHandler            
00003387  DMA_INT3_IRQHandler            
00003387  DebugMon_Handler               
00003387  Default_Handler                
00003387  EUSCIA0_IRQHandler             
00003387  EUSCIA1_IRQHandler             
00003387  EUSCIA2_IRQHandler             
00003387  EUSCIA3_IRQHandler             
00003387  EUSCIB0_IRQHandler             
00003387  EUSCIB1_IRQHandler             
00003387  EUSCIB2_IRQHandler             
00003387  EUSCIB3_IRQHandler             
00003387  FLCTL_IRQHandler               
00003387  FPU_IRQHandler                 
00003387  HardFault_Handler              
00003387  MemManage_Handler              
00003387  NMI_Handler                    
00003387  PCM_IRQHandler                 
00003387  PORT1_IRQHandler               
00003387  PORT2_IRQHandler               
00003387  PORT3_IRQHandler               
00003387  PORT4_IRQHandler               
00003387  PORT5_IRQHandler               
00003387  PORT6_IRQHandler               
00003387  PSS_IRQHandler                 
00003387  PendSV_Handler                 
00003387  RTC_C_IRQHandler               
00003387  SVC_Handler                    
00003387  SysTick_Handler                
00003387  T32_INT1_IRQHandler            
00003387  T32_INT2_IRQHandler            
00003387  T32_INTC_IRQHandler            
00003387  TA0_0_IRQHandler               
00003387  TA0_N_IRQHandler               
00003387  TA1_0_IRQHandler               
00003387  TA1_N_IRQHandler               
00003387  TA2_0_IRQHandler               
00003387  TA2_N_IRQHandler               
00003387  TA3_0_IRQHandler               
00003387  TA3_N_IRQHandler               
00003387  UsageFault_Handler             
00003387  WDT_A_IRQHandler               
00003389  __TI_zero_init                 
00003395  _system_pre_init               
00003398  _ctypes_                       
00003514  __TI_Handler_Table_Base        
00003520  __TI_Handler_Table_Limit       
00003528  __TI_CINIT_Base                
00003538  __TI_CINIT_Limit               
20000000  _sys_memory                    
20000400  _ftable                        
200004f0  _device                        
20000568  _stream                        
200005b8  __TI_ft_end                    
200005bc  __aeabi_stdin                  
200005c0  __aeabi_stdout                 
200005c4  __aeabi_stderr                 
200005c8  __TI_cleanup_ptr               
200005cc  __TI_dtors_ptr                 
200005d0  __TI_enable_exit_profile_output
200005e0  _lock                          
200005e4  _unlock                        
200005e8  errno                          
200005f4  main_func_sp                   
200005f8  SystemCoreClock                
200005fc  __CIOBUF_                      
2000071c  __TI_tmpnams                   
200007bc  parmbuf                        
2000fe00  __stack                        
20010000  __STACK_END                    
4000480c  WDTCTL_SYM                     
ffffffff  __TI_pprof_out_hndl            
ffffffff  __TI_prof_data_size            
ffffffff  __TI_prof_data_start           
ffffffff  __binit__                      
ffffffff  __c_args__                     
ffffffff  binit                          
UNDEFED   SHT$$INIT_ARRAY$$Base          
UNDEFED   SHT$$INIT_ARRAY$$Limit         

[195 symbols]
