******************************************************************************
                  TI ARM Linker Unix v16.9.6                   
******************************************************************************
>> Linked Sun Apr  8 22:18:51 2018

OUTPUT FILE NAME:   <NightLight.out>
ENTRY POINT SYMBOL: "_c_int00"  address: 00004049


MEMORY CONFIGURATION

         name            origin    length      used     unused   attr    fill
----------------------  --------  ---------  --------  --------  ----  --------
  MAIN                  00000000   00040000  0000588d  0003a773  R  X
  INFO                  00200000   00004000  00000000  00004000  R  X
  SRAM_CODE             01000000   00010000  000009f2  0000f60e  RW X
  SRAM_DATA             20000000   00010000  000009f2  0000f60e  RW  


SEGMENT ALLOCATION MAP

run origin  load origin   length   init length attrs members
----------  ----------- ---------- ----------- ----- -------
00000000    00000000    00005890   00005890    r-x
  00000000    00000000    000000e4   000000e4    r-- .intvecs
  000000e4    000000e4    0000545e   0000545e    r-x .text
  00005544    00005544    000002af   000002af    r-- .const
  000057f4    000057f4    00000004   00000004    r-- .init_array
  000057f8    000057f8    00000098   00000098    r-- .cinit
20000000    20000000    000007f5   00000000    rw-
  20000000    20000000    00000400   00000000    rw- .sysmem
  20000400    20000400    00000205   00000000    rw- .data
  20000608    20000608    000001ed   00000000    rw- .bss
2000fe00    2000fe00    00000200   00000000    rw-
  2000fe00    2000fe00    00000200   00000000    rw- .stack


SECTION ALLOCATION MAP

 output                                  attributes/
section   page    origin      length       input sections
--------  ----  ----------  ----------   ----------------
.intvecs   0    00000000    000000e4     
                  00000000    000000e4     startup_msp432p401r_ccs.obj (.intvecs:retain)

.binit     0    00000000    00000000     

.text      0    000000e4    0000545e     
                  000000e4    0000113e     rtsv7M4_T_le_v4SPD16_eabi.lib : _printfi.obj (.text)
                  00001222    00000002                                   : mpu_init.obj (.text)
                  00001224    00000824     ADC.obj (.text)
                  00001a48    000003d0     rtsv7M4_T_le_v4SPD16_eabi.lib : memory.obj (.text)
                  00001e18    00000334     system_msp432p401r.obj (.text)
                  0000214c    000001f4     rtsv7M4_T_le_v4SPD16_eabi.lib : ull_div_t2.obj (.text)
                  00002340    000001c4                                   : fopen.obj (.text)
                  00002504    000001b6                                   : fd_add_t2.obj (.text)
                  000026ba    00000002                                   : newhandler.obj (.text)
                  000026bc    00000180     main.obj (.text)
                  0000283c    00000136     rtsv7M4_T_le_v4SPD16_eabi.lib : fd_div_t2.obj (.text)
                  00002972    00000002                                   : startup.obj (.text)
                  00002974    00000134                                   : fputs.obj (.text)
                  00002aa8    000000fc                                   : fd_mul_t2.obj (.text)
                  00002ba4    000000fc                                   : s_scalbn.obj (.text)
                  00002ca0    000000f4                                   : dtor_list.obj (.text)
                  00002d94    000000dc                                   : setvbuf.obj (.text)
                  00002e70    000000d6     ADC.obj (.text:_ZNSt6vectorIP32DIO_PORT_Even_Interruptable_TypeSaIS1_EEaSERKS3_)
                  00002f46    000000d6     ADC.obj (.text:_ZNSt6vectorItSaItEEaSERKS1_)
                  0000301c    000000c8     rtsv7M4_T_le_v4SPD16_eabi.lib : fflush.obj (.text)
                  000030e4    000000bc     ADC.obj (.text:_ZNSt6vectorIP32DIO_PORT_Even_Interruptable_TypeSaIS1_EE19_M_range_insert_auxIPS1_EEvS5_T_S6_jRKSt12__false_type)
                  000031a0    000000bc     ADC.obj (.text:_ZNSt6vectorItSaItEE19_M_range_insert_auxIPtEEvS3_T_S4_jRKSt12__false_type)
                  0000325c    000000bc     rtsv7M4_T_le_v4SPD16_eabi.lib : open.obj (.text)
                  00003318    000000bc                                   : typeinfo_.obj (.text)
                  000033d4    000000ac                                   : _io_perm.obj (.text)
                  00003480    0000009c                                   : memcpy_t2.obj (.text)
                  0000351c    00000098                                   : fclose.obj (.text)
                  000035b4    00000098                                   : fputc.obj (.text)
                  0000364c    00000086                                   : fd_cmp_t2.obj (.text:__aeabi_cdcmple)
                  000036d2    00000086                                   : fd_cmp_t2.obj (.text:__aeabi_cdrcmple)
                  00003758    00000082     ADC.obj (.text:_ZNSt6vectorIP32DIO_PORT_Even_Interruptable_TypeSaIS1_EE23_M_range_insert_reallocIPS1_EEvS5_T_S6_j)
                  000037da    00000082     ADC.obj (.text:_ZNSt6vectorItSaItEE23_M_range_insert_reallocIPtEEvS3_T_S4_j)
                  0000385c    0000007a     rtsv7M4_T_le_v4SPD16_eabi.lib : memset_t2.obj (.text)
                  000038d6    00000070     ADC.obj (.text:_ZNSt6vectorIP32DIO_PORT_Even_Interruptable_TypeSaIS1_EE18_M_insert_overflowEPS1_RKS1_RKSt11__true_typejb)
                  00003946    00000070     ADC.obj (.text:_ZNSt6vectorItSaItEE18_M_insert_overflowEPtRKtRKSt11__true_typejb)
                  000039b6    00000002     --HOLE-- [fill = 0]
                  000039b8    00000070     rtsv7M4_T_le_v4SPD16_eabi.lib : autoinit.obj (.text)
                  00003a28    00000070                                   : getdevice.obj (.text)
                  00003a98    00000070                                   : printf.obj (.text)
                  00003b08    00000068                                   : copy_decompress_lzss.obj (.text:decompress:lzss)
                  00003b70    00000068                                   : hostlseek.obj (.text)
                  00003bd8    00000068                                   : hostrename.obj (.text)
                  00003c40    00000068                                   : trgmsg.obj (.text)
                  00003ca8    00000064                                   : fseek.obj (.text)
                  00003d0c    00000064                                   : s_frexp.obj (.text)
                  00003d70    00000060                                   : hostopen.obj (.text)
                  00003dd0    0000005c     ADC.obj (.text:_ZNSt6vectorIP32DIO_PORT_Even_Interruptable_TypeSaIS1_EE15_M_range_insertIPS1_EEvS5_T_S6_RKSt20forward_iterator_tag)
                  00003e2c    0000005c     ADC.obj (.text:_ZNSt6vectorItSaItEE15_M_range_insertIPtEEvS3_T_S4_RKSt20forward_iterator_tag)
                  00003e88    0000005c     rtsv7M4_T_le_v4SPD16_eabi.lib : close.obj (.text)
                  00003ee4    0000005a     ADC.obj (.text:_ZNSt6vectorIP32DIO_PORT_Even_Interruptable_TypeSaIS1_EE20_M_compute_next_sizeEj)
                  00003f3e    0000005a     ADC.obj (.text:_ZNSt6vectorItSaItEE20_M_compute_next_sizeEj)
                  00003f98    00000058     rtsv7M4_T_le_v4SPD16_eabi.lib : hostread.obj (.text)
                  00003ff0    00000058                                   : hostwrite.obj (.text)
                  00004048    00000054                                   : boot.obj (.text)
                  0000409c    00000054                                   : exit.obj (.text)
                  000040f0    00000054                                   : ltoa.obj (.text)
                  00004144    0000004c     ADC.obj (.text:_ZNSaIP32DIO_PORT_Even_Interruptable_TypeE11_M_allocateEjRj)
                  00004190    0000004c     ADC.obj (.text:_ZNSaItE11_M_allocateEjRj)
                  000041dc    0000004c     rtsv7M4_T_le_v4SPD16_eabi.lib : atoi.obj (.text)
                  00004228    0000004c                                   : cpy_tbl.obj (.text)
                  00004274    00000048                                   : dll_main.obj (.text)
                  000042bc    00000048                                   : fd_toi_t2.obj (.text)
                  00004304    00000044     ADC.obj (.text:_ZNSt6vectorIP32DIO_PORT_Even_Interruptable_TypeSaIS1_EE9push_backERKS1_)
                  00004348    00000044     ADC.obj (.text:_ZNSt6vectorItSaItEE9push_backERKt)
                  0000438c    00000044     rtsv7M4_T_le_v4SPD16_eabi.lib : hostclose.obj (.text)
                  000043d0    00000044                                   : hostunlink.obj (.text)
                  00004414    00000036     ADC.obj (.text:_ZNSt6vectorIP32DIO_PORT_Even_Interruptable_TypeSaIS1_EE19_M_clear_after_moveEv)
                  0000444a    00000036     ADC.obj (.text:_ZNSt6vectorIP32DIO_PORT_Even_Interruptable_TypeSaIS1_EE8_M_clearEv)
                  00004480    00000036     ADC.obj (.text:_ZNSt6vectorItSaItEE19_M_clear_after_moveEv)
                  000044b6    00000036     ADC.obj (.text:_ZNSt6vectorItSaItEE8_M_clearEv)
                  000044ec    00000036     rtsv7M4_T_le_v4SPD16_eabi.lib : strncpy.obj (.text)
                  00004522    00000002     --HOLE-- [fill = 0]
                  00004524    00000030     ADC.obj (.text:_ZNSt4priv10__copy_auxIPP32DIO_PORT_Even_Interruptable_TypeS3_EET0_T_S5_S4_RKSt11__true_type)
                  00004554    00000030     ADC.obj (.text:_ZNSt4priv10__copy_auxIPtS1_EET0_T_S3_S2_RKSt11__true_type)
                  00004584    00000030     ADC.obj (.text:_ZNSt4priv11__ucopy_auxIPKP32DIO_PORT_Even_Interruptable_TypePS2_EET0_T_S7_S6_RKSt11__true_type)
                  000045b4    00000030     ADC.obj (.text:_ZNSt4priv11__ucopy_auxIPKtPtEET0_T_S5_S4_RKSt11__true_type)
                  000045e4    00000030     ADC.obj (.text:_ZNSt4priv11__ucopy_auxIPP32DIO_PORT_Even_Interruptable_TypeS3_EET0_T_S5_S4_RKSt11__true_type)
                  00004614    00000030     ADC.obj (.text:_ZNSt4priv11__ucopy_auxIPtS1_EET0_T_S3_S2_RKSt11__true_type)
                  00004644    00000030     ADC.obj (.text:_ZNSt4priv23__copy_trivial_backwardEPKvS1_Pv)
                  00004674    00000030     rtsv7M4_T_le_v4SPD16_eabi.lib : new_.obj (.text)
                  000046a4    0000002e     ADC.obj (.text:_ZNSt4priv12_Vector_baseIP32DIO_PORT_Even_Interruptable_TypeSaIS2_EED1Ev)
                  000046d2    0000002e     ADC.obj (.text:_ZNSt4priv12_Vector_baseItSaItEED1Ev)
                  00004700    0000002e     ADC.obj (.text:_ZNSt4priv14__copy_trivialEPKvS1_Pv)
                  0000472e    0000002e     ADC.obj (.text:_ZNSt4priv8__fill_nIPP32DIO_PORT_Even_Interruptable_TypejS2_EET_S4_T0_RKT1_)
                  0000475c    0000002e     ADC.obj (.text:_ZNSt4priv8__fill_nIPtjtEET_S2_T0_RKT1_)
                  0000478a    0000002e     ADC.obj (.text:_ZNSt6vectorIP32DIO_PORT_Even_Interruptable_TypeSaIS1_EE20_M_allocate_and_copyIPKS1_EEPS1_RjT_S9_)
                  000047b8    0000002e     ADC.obj (.text:_ZNSt6vectorItSaItEE20_M_allocate_and_copyIPKtEEPtRjT_S7_)
                  000047e6    0000002e     ADC.obj (.text:_ZSt15__destroy_rangeISt16reverse_iteratorIPP32DIO_PORT_Even_Interruptable_TypeES2_EvT_S5_PT0_)
                  00004814    0000002e     ADC.obj (.text:_ZSt15__destroy_rangeISt16reverse_iteratorIPtEtEvT_S3_PT0_)
                  00004842    0000002e     ADC.obj (.text:_ZSt17__destroy_mv_srcsISt16reverse_iteratorIPP32DIO_PORT_Even_Interruptable_TypeES2_EvT_S5_PT0_)
                  00004870    0000002e     ADC.obj (.text:_ZSt17__destroy_mv_srcsISt16reverse_iteratorIPtEtEvT_S3_PT0_)
                  0000489e    0000002e     rtsv7M4_T_le_v4SPD16_eabi.lib : i_tofd_t2.obj (.text)
                  000048cc    0000002c     ADC.obj (.text:_ZNSt4priv15__ucopy_trivialEPKvS1_Pv)
                  000048f8    0000002c     rtsv7M4_T_le_v4SPD16_eabi.lib : unlink.obj (.text)
                  00004924    00000028                                   : lseek.obj (.text)
                  0000494c    00000028                                   : write.obj (.text)
                  00004974    00000026     ADC.obj (.text:_ZNSt6vectorIP32DIO_PORT_Even_Interruptable_TypeSaIS1_EED1Ev)
                  0000499a    00000026     ADC.obj (.text:_ZNSt6vectorItSaItEED1Ev)
                  000049c0    00000026     ADC.obj (.text:_ZSt14_Destroy_RangeISt16reverse_iteratorIPP32DIO_PORT_Even_Interruptable_TypeEEvT_S5_)
                  000049e6    00000026     ADC.obj (.text:_ZSt14_Destroy_RangeISt16reverse_iteratorIPtEEvT_S3_)
                  00004a0c    00000026     ADC.obj (.text:_ZSt20_Destroy_Moved_RangeISt16reverse_iteratorIPP32DIO_PORT_Even_Interruptable_TypeEEvT_S5_)
                  00004a32    00000026     ADC.obj (.text:_ZSt20_Destroy_Moved_RangeISt16reverse_iteratorIPtEEvT_S3_)
                  00004a58    00000024     ADC.obj (.text:_ZNKSt6vectorIP32DIO_PORT_Even_Interruptable_TypeSaIS1_EE8max_sizeEv)
                  00004a7c    00000024     ADC.obj (.text:_ZNKSt6vectorItSaItEE8max_sizeEv)
                  00004aa0    00000024     rtsv7M4_T_le_v4SPD16_eabi.lib : memmov.obj (.text)
                  00004ac4    00000022     ADC.obj (.text:_ZNSt4priv12_Vector_baseIP32DIO_PORT_Even_Interruptable_TypeSaIS2_EEC1ERKS3_)
                  00004ae6    00000022     ADC.obj (.text:_ZNSt4priv12_Vector_baseItSaItEEC1ERKS1_)
                  00004b08    00000022     ADC.obj (.text:_ZNSt6vectorIP32DIO_PORT_Even_Interruptable_TypeSaIS1_EE18_M_insert_dispatchIPS1_EEvS5_T_S6_RKSt12__false_type)
                  00004b2a    00000022     ADC.obj (.text:_ZNSt6vectorIP32DIO_PORT_Even_Interruptable_TypeSaIS1_EE6_M_setEPS1_S4_S4_)
                  00004b4c    00000022     ADC.obj (.text:_ZNSt6vectorIP32DIO_PORT_Even_Interruptable_TypeSaIS1_EE6insertIPS1_EEvS5_T_S6_)
                  00004b6e    00000022     ADC.obj (.text:_ZNSt6vectorItSaItEE18_M_insert_dispatchIPtEEvS3_T_S4_RKSt12__false_type)
                  00004b90    00000022     ADC.obj (.text:_ZNSt6vectorItSaItEE6_M_setEPtS2_S2_)
                  00004bb2    00000022     ADC.obj (.text:_ZNSt6vectorItSaItEE6insertIPtEEvS3_T_S4_)
                  00004bd4    00000020     ADC.obj (.text:_ZNSt4priv20__uninitialized_moveIPP32DIO_PORT_Even_Interruptable_TypeS3_St11__true_typeEET0_T_S6_S5_T1_RKSt12__false_type)
                  00004bf4    00000020     ADC.obj (.text:_ZNSt4priv20__uninitialized_moveIPtS1_St11__true_typeEET0_T_S4_S3_T1_RKSt12__false_type)
                  00004c14    00000020     ADC.obj (.text:_ZSt15_Copy_ConstructIP32DIO_PORT_Even_Interruptable_TypeEvPT_RKS2_)
                  00004c34    00000020     ADC.obj (.text:_ZSt15_Copy_ConstructItEvPT_RKS0_)
                  00004c54    00000020     ADC.obj (.text:_ZSt18uninitialized_copyIPKP32DIO_PORT_Even_Interruptable_TypePS1_ET0_T_S6_S5_)
                  00004c74    00000020     ADC.obj (.text:_ZSt18uninitialized_copyIPKtPtET0_T_S4_S3_)
                  00004c94    00000020     ADC.obj (.text:_ZSt18uninitialized_copyIPP32DIO_PORT_Even_Interruptable_TypeS2_ET0_T_S4_S3_)
                  00004cb4    00000020     ADC.obj (.text:_ZSt18uninitialized_copyIPtS0_ET0_T_S2_S1_)
                  00004cd4    00000020     ADC.obj (.text:_ZSt4copyIPP32DIO_PORT_Even_Interruptable_TypeS2_ET0_T_S4_S3_)
                  00004cf4    00000020     ADC.obj (.text:_ZSt4copyIPtS0_ET0_T_S2_S1_)
                  00004d14    00000020     rtsv7M4_T_le_v4SPD16_eabi.lib : memchr.obj (.text)
                  00004d34    0000001e     ADC.obj (.text:_ZSt3maxIjERKT_S2_S2_)
                  00004d52    0000001c     ADC.obj (.text:_ZNSt4priv11__copy_ptrsIPKP32DIO_PORT_Even_Interruptable_TypePS2_EET0_T_S7_S6_RKSt11__true_type)
                  00004d6e    0000001c     ADC.obj (.text:_ZNSt4priv11__copy_ptrsIPKtPtEET0_T_S5_S4_RKSt11__true_type)
                  00004d8a    0000001c     ADC.obj (.text:_ZNSt4priv11__copy_ptrsIPP32DIO_PORT_Even_Interruptable_TypeS3_EET0_T_S5_S4_RKSt11__true_type)
                  00004da6    0000001c     ADC.obj (.text:_ZNSt4priv11__copy_ptrsIPtS1_EET0_T_S3_S2_RKSt11__true_type)
                  00004dc2    0000001c     ADC.obj (.text:_ZNSt4priv12__ucopy_ptrsIPKP32DIO_PORT_Even_Interruptable_TypePS2_EET0_T_S7_S6_RKSt11__true_type)
                  00004dde    0000001c     ADC.obj (.text:_ZNSt4priv12__ucopy_ptrsIPKtPtEET0_T_S5_S4_RKSt11__true_type)
                  00004dfa    0000001c     ADC.obj (.text:_ZNSt4priv12__ucopy_ptrsIPP32DIO_PORT_Even_Interruptable_TypeS3_EET0_T_S5_S4_RKSt11__true_type)
                  00004e16    0000001c     ADC.obj (.text:_ZNSt4priv12__ucopy_ptrsIPtS1_EET0_T_S3_S2_RKSt11__true_type)
                  00004e32    0000001c     ADC.obj (.text:_ZNSt4priv17_STLP_alloc_proxyIPP32DIO_PORT_Even_Interruptable_TypeS2_SaIS2_EE8allocateEjRj)
                  00004e4e    0000001c     ADC.obj (.text:_ZNSt4priv17_STLP_alloc_proxyIPP32DIO_PORT_Even_Interruptable_TypeS2_SaIS2_EE8allocateEjRjRKSt11__true_type)
                  00004e6a    0000001c     ADC.obj (.text:_ZNSt4priv17_STLP_alloc_proxyIPttSaItEE8allocateEjRj)
                  00004e86    0000001c     ADC.obj (.text:_ZNSt4priv17_STLP_alloc_proxyIPttSaItEE8allocateEjRjRKSt11__true_type)
                  00004ea2    0000001c     ADC.obj (.text:_ZNSt4priv20__copy_backward_ptrsIPP32DIO_PORT_Even_Interruptable_TypeS3_EET0_T_S5_S4_RKSt11__true_type)
                  00004ebe    0000001c     ADC.obj (.text:_ZNSt4priv20__copy_backward_ptrsIPtS1_EET0_T_S3_S2_RKSt11__true_type)
                  00004eda    0000001c     ADC.obj (.text:_ZSt15__destroy_rangeIPP32DIO_PORT_Even_Interruptable_TypeS1_EvT_S3_PT0_)
                  00004ef6    0000001c     ADC.obj (.text:_ZSt15__destroy_rangeIPttEvT_S1_PT0_)
                  00004f12    0000001c     rtsv7M4_T_le_v4SPD16_eabi.lib : memccpy.obj (.text)
                  00004f2e    0000001a     ADC.obj (.text:_ZNSt4priv10__distanceIPP32DIO_PORT_Even_Interruptable_TypeEENSt15iterator_traitsIT_E15difference_typeERKS5_S9_RKSt26random_access_iterator_tag)
                  00004f48    0000001a     ADC.obj (.text:_ZNSt4priv10__distanceIPtEENSt15iterator_traitsIT_E15difference_typeERKS3_S7_RKSt26random_access_iterator_tag)
                  00004f62    0000001a     ADC.obj (.text:_ZNSt4priv17_STLP_alloc_proxyIPP32DIO_PORT_Even_Interruptable_TypeS2_SaIS2_EEC1ERKS4_S3_)
                  00004f7c    0000001a     ADC.obj (.text:_ZNSt4priv17_STLP_alloc_proxyIPttSaItEEC1ERKS2_S1_)
                  00004f96    0000001a     ADC.obj (.text:_ZNSt4priv9__advanceIPP32DIO_PORT_Even_Interruptable_TypejEEvRT_T0_RKSt26random_access_iterator_tag)
                  00004fb0    0000001a     ADC.obj (.text:_ZNSt4priv9__advanceIPtjEEvRT_T0_RKSt26random_access_iterator_tag)
                  00004fca    00000018     ADC.obj (.text:_ZNSaIP32DIO_PORT_Even_Interruptable_TypeE10deallocateEPS0_j)
                  00004fe2    00000018     ADC.obj (.text:_ZNSaItE10deallocateEPtj)
                  00004ffa    00000002     --HOLE-- [fill = 0]
                  00004ffc    00000018     rtsv7M4_T_le_v4SPD16_eabi.lib : args_main.obj (.text)
                  00005014    00000018                                   : strcmp.obj (.text)
                  0000502c    00000016     ADC.obj (.text:_ZNKSt6vectorIP32DIO_PORT_Even_Interruptable_TypeSaIS1_EE4sizeEv)
                  00005042    00000016     ADC.obj (.text:_ZNKSt6vectorIP32DIO_PORT_Even_Interruptable_TypeSaIS1_EE8capacityEv)
                  00005058    00000016     ADC.obj (.text:_ZNKSt6vectorItSaItEE4sizeEv)
                  0000506e    00000016     ADC.obj (.text:_ZNKSt6vectorItSaItEE8capacityEv)
                  00005084    00000016     ADC.obj (.text:_ZNSt16reverse_iteratorIPP32DIO_PORT_Even_Interruptable_TypeEC1ERKS3_)
                  0000509a    00000016     ADC.obj (.text:_ZNSt16reverse_iteratorIPtEC1ERKS1_)
                  000050b0    00000016     ADC.obj (.text:_ZNSt6vectorIP32DIO_PORT_Even_Interruptable_TypeSaIS1_EE4rendEv)
                  000050c6    00000016     ADC.obj (.text:_ZNSt6vectorIP32DIO_PORT_Even_Interruptable_TypeSaIS1_EE6rbeginEv)
                  000050dc    00000016     ADC.obj (.text:_ZNSt6vectorItSaItEE4rendEv)
                  000050f2    00000016     ADC.obj (.text:_ZNSt6vectorItSaItEE6rbeginEv)
                  00005108    00000016     ADC.obj (.text:_ZSt19_Copy_Construct_auxIP32DIO_PORT_Even_Interruptable_TypeEvPT_RKS2_RKSt11__true_type)
                  0000511e    00000016     ADC.obj (.text:_ZSt19_Copy_Construct_auxItEvPT_RKS0_RKSt11__true_type)
                  00005134    00000016     rtsv7M4_T_le_v4SPD16_eabi.lib : strchr.obj (.text)
                  0000514a    00000014     ADC.obj (.text:_ZNSt16reverse_iteratorIPP32DIO_PORT_Even_Interruptable_TypeEC1ES2_)
                  0000515e    00000014     ADC.obj (.text:_ZNSt16reverse_iteratorIPtEC1ES0_)
                  00005172    00000014     ADC.obj (.text:_ZNSt6vectorIP32DIO_PORT_Even_Interruptable_TypeSaIS1_EEixEj)
                  00005186    00000014     ADC.obj (.text:_ZNSt6vectorItSaItEEixEj)
                  0000519a    00000002     --HOLE-- [fill = 0]
                  0000519c    00000014     rtsv7M4_T_le_v4SPD16_eabi.lib : _lock.obj (.text)
                  000051b0    00000014                                   : s_copysign.obj (.text)
                  000051c4    00000014                                   : strcpy.obj (.text)
                  000051d8    00000014                                   : strlen.obj (.text)
                  000051ec    00000012     ADC.obj (.text:_ZNSt6vectorIP32DIO_PORT_Even_Interruptable_TypeSaIS1_EEC1ERKS2_)
                  000051fe    00000012     ADC.obj (.text:_ZNSt6vectorItSaItEEC1ERKS0_)
                  00005210    00000012     ADC.obj (.text:_ZSt14_Destroy_RangeIPP32DIO_PORT_Even_Interruptable_TypeEvT_S3_)
                  00005222    00000012     ADC.obj (.text:_ZSt14_Destroy_RangeIPtEvT_S1_)
                  00005234    00000012     ADC.obj (.text:_ZSt7advanceIPP32DIO_PORT_Even_Interruptable_TypejEvRT_T0_)
                  00005246    00000012     ADC.obj (.text:_ZSt7advanceIPtjEvRT_T0_)
                  00005258    00000012     ADC.obj (.text:_ZSt8distanceIPP32DIO_PORT_Even_Interruptable_TypeENSt15iterator_traitsIT_E15difference_typeES4_S4_)
                  0000526a    00000012     ADC.obj (.text:_ZSt8distanceIPtENSt15iterator_traitsIT_E15difference_typeES2_S2_)
                  0000527c    00000010     ADC.obj (.text:_ZNKSt4priv12_Vector_baseIP32DIO_PORT_Even_Interruptable_TypeSaIS2_EE21_M_throw_length_errorEv)
                  0000528c    00000010     ADC.obj (.text:_ZNKSt4priv12_Vector_baseItSaItEE21_M_throw_length_errorEv)
                  0000529c    00000010     ADC.obj (.text:_ZNSaIP32DIO_PORT_Even_Interruptable_TypeEC2ERKS1_)
                  000052ac    00000010     ADC.obj (.text:_ZNSaItEC2ERKS_)
                  000052bc    00000010     ADC.obj (.text:_ZNSt4priv12_Vector_baseIP32DIO_PORT_Even_Interruptable_TypeSaIS2_EEC2ERKS3_)
                  000052cc    00000010     ADC.obj (.text:_ZNSt4priv12_Vector_baseItSaItEEC2ERKS1_)
                  000052dc    00000010     ADC.obj (.text:_ZSt15_UseTrivialCopyIP32DIO_PORT_Even_Interruptable_TypeS1_ESt12_TrivialCopyIT_T0_EPS3_PS4_)
                  000052ec    00000010     ADC.obj (.text:_ZSt15_UseTrivialCopyIttESt12_TrivialCopyIT_T0_EPS1_PS2_)
                  000052fc    00000010     ADC.obj (.text:_ZSt16_UseTrivialUCopyIP32DIO_PORT_Even_Interruptable_TypeS1_ESt13_TrivialUCopyIT_T0_EPS3_PS4_)
                  0000530c    00000010     ADC.obj (.text:_ZSt16_UseTrivialUCopyIttESt13_TrivialUCopyIT_T0_EPS1_PS2_)
                  0000531c    00000010     ADC.obj (.text:_ZSt19__destroy_range_auxIPP32DIO_PORT_Even_Interruptable_TypeS1_EvT_S3_PT0_RKSt11__true_type)
                  0000532c    00000010     ADC.obj (.text:_ZSt19__destroy_range_auxIPttEvT_S1_PT0_RKSt11__true_type)
                  0000533c    00000010     ADC.obj (.text:_ZSt19__destroy_range_auxISt16reverse_iteratorIPP32DIO_PORT_Even_Interruptable_TypeES2_EvT_S5_PT0_RKSt11__true_type)
                  0000534c    00000010     ADC.obj (.text:_ZSt19__destroy_range_auxISt16reverse_iteratorIPtEtEvT_S3_PT0_RKSt11__true_type)
                  0000535c    0000000e     ADC.obj (.text:_ZNKSaIP32DIO_PORT_Even_Interruptable_TypeE8max_sizeEv)
                  0000536a    0000000e     ADC.obj (.text:_ZNKSaItE8max_sizeEv)
                  00005378    0000000e     ADC.obj (.text:_ZNSaIP32DIO_PORT_Even_Interruptable_TypeEC1ERKS1_)
                  00005386    0000000e     ADC.obj (.text:_ZNSaItEC1ERKS_)
                  00005394    0000000e     ADC.obj (.text:_ZNSt11__new_alloc10deallocateEPvj)
                  000053a2    0000000e     ADC.obj (.text:_ZNSt4priv17_STLP_alloc_proxyIPP32DIO_PORT_Even_Interruptable_TypeS2_SaIS2_EED1Ev)
                  000053b0    0000000e     ADC.obj (.text:_ZNSt4priv17_STLP_alloc_proxyIPttSaItEED1Ev)
                  000053be    0000000e     ADC.obj (.text:_ZNSt6vectorIP32DIO_PORT_Even_Interruptable_TypeSaIS1_EE3endEv)
                  000053cc    0000000e     ADC.obj (.text:_ZNSt6vectorIP32DIO_PORT_Even_Interruptable_TypeSaIS1_EE5beginEv)
                  000053da    0000000e     ADC.obj (.text:_ZNSt6vectorItSaItEE3endEv)
                  000053e8    0000000e     ADC.obj (.text:_ZNSt6vectorItSaItEE5beginEv)
                  000053f6    0000000e     ADC.obj (.text:_ZSt7_Is_PODIP32DIO_PORT_Even_Interruptable_TypeESt6_IsPODIT_EPS3_)
                  00005404    0000000e     ADC.obj (.text:_ZSt7_Is_PODItESt6_IsPODIT_EPS1_)
                  00005412    0000000e     rtsv7M4_T_le_v4SPD16_eabi.lib : copy_decompress_none.obj (.text:decompress:none)
                  00005420    0000000e     startup_msp432p401r_ccs.obj (.text)
                  0000542e    0000000c     ADC.obj (.text:_ZNSaIP32DIO_PORT_Even_Interruptable_TypeEC1Ev)
                  0000543a    0000000c     ADC.obj (.text:_ZNSaIP32DIO_PORT_Even_Interruptable_TypeED1Ev)
                  00005446    0000000c     ADC.obj (.text:_ZNSaIP32DIO_PORT_Even_Interruptable_TypeED2Ev)
                  00005452    0000000c     ADC.obj (.text:_ZNSaItEC1Ev)
                  0000545e    0000000c     ADC.obj (.text:_ZNSaItED1Ev)
                  0000546a    0000000c     ADC.obj (.text:_ZNSaItED2Ev)
                  00005476    0000000c     ADC.obj (.text:_ZNSt11__new_alloc8allocateEj)
                  00005482    0000000c     ADC.obj (.text:_ZNSt12_BothPtrTypeIPKP32DIO_PORT_Even_Interruptable_TypePS1_E7_AnswerEv)
                  0000548e    0000000c     ADC.obj (.text:_ZNSt12_BothPtrTypeIPKtPtE7_AnswerEv)
                  0000549a    0000000c     ADC.obj (.text:_ZNSt12_BothPtrTypeIPP32DIO_PORT_Even_Interruptable_TypeS2_E7_AnswerEv)
                  000054a6    0000000c     ADC.obj (.text:_ZNSt12_BothPtrTypeIPtS0_E7_AnswerEv)
                  000054b2    0000000c     ADC.obj (.text:_ZNSt12_TrivialCopyIP32DIO_PORT_Even_Interruptable_TypeS1_E7_AnswerEv)
                  000054be    0000000c     ADC.obj (.text:_ZNSt12_TrivialCopyIttE7_AnswerEv)
                  000054ca    0000000c     ADC.obj (.text:_ZNSt13_TrivialUCopyIP32DIO_PORT_Even_Interruptable_TypeS1_E7_AnswerEv)
                  000054d6    0000000c     ADC.obj (.text:_ZNSt13_TrivialUCopyIttE7_AnswerEv)
                  000054e2    0000000c     ADC.obj (.text:_ZNSt4priv12_Vector_baseIP32DIO_PORT_Even_Interruptable_TypeSaIS2_EED2Ev)
                  000054ee    0000000c     ADC.obj (.text:_ZNSt4priv12_Vector_baseItSaItEED2Ev)
                  000054fa    0000000c     ADC.obj (.text:_ZNSt6_IsPODIP32DIO_PORT_Even_Interruptable_TypeE7_AnswerEv)
                  00005506    0000000c     ADC.obj (.text:_ZNSt6_IsPODItE7_AnswerEv)
                  00005512    0000000c     ADC.obj (.text:_ZSt12__stl_deletePv)
                  0000551e    0000000c     ADC.obj (.text:_ZSt9__stl_newj)
                  0000552a    0000000c     rtsv7M4_T_le_v4SPD16_eabi.lib : copy_zero_init.obj (.text:decompress:ZI)
                  00005536    00000008                                   : delete.obj (.text)
                  0000553e    00000004                                   : pre_init.obj (.text)

.const     0    00005544    000002af     
                  00005544    00000101     rtsv7M4_T_le_v4SPD16_eabi.lib : ctype.obj (.const:.string:_ctypes_)
                  00005645    00000028                                   : typeinfo_.obj (.const:.typeinfo:_ZTSN10__cxxabiv123__fundamental_type_infoE)
                  0000566d    00000025                                   : typeinfo_.obj (.const:.typeinfo:_ZTSN10__cxxabiv120__si_class_type_infoE)
                  00005692    00000024                                   : typeinfo_.obj (.const:.typeinfo:_ZTSN10__cxxabiv119__pointer_type_infoE)
                  000056b6    00000022                                   : typeinfo_.obj (.const:.typeinfo:_ZTSN10__cxxabiv117__class_type_infoE)
                  000056d8    00000022                                   : typeinfo_.obj (.const:.typeinfo:_ZTSN10__cxxabiv117__pbase_type_infoE)
                  000056fa    00000002                                   : typeinfo_.obj (.const:.typeinfo:_ZTSe)
                  000056fc    00000010                                   : typeinfo_.obj (.const:.typeinfo:_ZTIPKe)
                  0000570c    00000010     ADC.obj (.const:_ZTV3ADC)
                  0000571c    00000010     rtsv7M4_T_le_v4SPD16_eabi.lib : typeinfo_.obj (.const:_ZTVN10__cxxabiv117__class_type_infoE)
                  0000572c    00000010                                   : typeinfo_.obj (.const:_ZTVN10__cxxabiv119__pointer_type_infoE)
                  0000573c    00000010                                   : typeinfo_.obj (.const:_ZTVN10__cxxabiv120__si_class_type_infoE)
                  0000574c    00000010                                   : typeinfo_.obj (.const:_ZTVN10__cxxabiv123__fundamental_type_infoE)
                  0000575c    0000000f     ADC.obj (.const:.string:_ZZNSaIP32DIO_PORT_Even_Interruptable_TypeE11_M_allocateEjRjEs)
                  0000576b    0000000f     ADC.obj (.const:.string:_ZZNSaItE11_M_allocateEjRjEs)
                  0000577a    0000000d     rtsv7M4_T_le_v4SPD16_eabi.lib : typeinfo_.obj (.const:.typeinfo:_ZTSSt9type_info)
                  00005787    00000001     --HOLE-- [fill = 0]
                  00005788    0000000c                                   : typeinfo_.obj (.const:.typeinfo:_ZTIN10__cxxabiv117__class_type_infoE)
                  00005794    0000000c                                   : typeinfo_.obj (.const:.typeinfo:_ZTIN10__cxxabiv117__pbase_type_infoE)
                  000057a0    0000000c                                   : typeinfo_.obj (.const:.typeinfo:_ZTIN10__cxxabiv119__pointer_type_infoE)
                  000057ac    0000000c                                   : typeinfo_.obj (.const:.typeinfo:_ZTIN10__cxxabiv120__si_class_type_infoE)
                  000057b8    0000000c                                   : typeinfo_.obj (.const:.typeinfo:_ZTIN10__cxxabiv123__fundamental_type_infoE)
                  000057c4    00000008     ADC.obj (.const:.typeinfo:_ZTI3ADC)
                  000057cc    00000008     rtsv7M4_T_le_v4SPD16_eabi.lib : typeinfo_.obj (.const:.typeinfo:_ZTISt9type_info)
                  000057d4    00000008                                   : typeinfo_.obj (.const:.typeinfo:_ZTIe)
                  000057dc    00000007     ADC.obj (.const:.string:_ZZNKSt4priv12_Vector_baseIP32DIO_PORT_Even_Interruptable_TypeSaIS2_EE21_M_throw_length_errorEvEs)
                  000057e3    00000007     ADC.obj (.const:.string:_ZZNKSt4priv12_Vector_baseItSaItEE21_M_throw_length_errorEvEs)
                  000057ea    00000005     ADC.obj (.const:.typeinfo:_ZTS3ADC)
                  000057ef    00000004     rtsv7M4_T_le_v4SPD16_eabi.lib : typeinfo_.obj (.const:.typeinfo:_ZTSPKe)

.cinit     0    000057f8    00000098     
                  000057f8    00000074     (.cinit..data.load) [load image, compression = lzss]
                  0000586c    0000000c     (__TI_handler_table)
                  00005878    00000008     (.cinit..bss.load) [load image, compression = zero_init]
                  00005880    00000010     (__TI_cinit_table)

.init_array 
*          0    000057f4    00000004     
                  000057f4    00000004     ADC.obj (.init_array)

.sysmem    0    20000000    00000400     UNINITIALIZED
                  20000000    00000008     rtsv7M4_T_le_v4SPD16_eabi.lib : memory.obj (.sysmem)
                  20000008    000003f8     --HOLE--

.data      0    20000400    00000205     UNINITIALIZED
                  20000400    000000f0     rtsv7M4_T_le_v4SPD16_eabi.lib : defs.obj (.data:_ftable)
                  200004f0    00000078                                   : write.obj (.data:_device)
                  20000568    00000050                                   : write.obj (.data:_stream)
                  200005b8    00000010                                   : defs.obj (.data)
                  200005c8    0000000c                                   : exit.obj (.data:$O1$$)
                  200005d4    0000000c                                   : memory.obj (.data:$O1$$)
                  200005e0    00000008                                   : _lock.obj (.data:$O1$$)
                  200005e8    00000004                                   : dtor_list.obj (.data)
                  200005ec    00000004                                   : errno.obj (.data)
                  200005f0    00000004                                   : fopen.obj (.data)
                  200005f4    00000004                                   : open.obj (.data)
                  200005f8    00000004                                   : stkdepth_vars.obj (.data)
                  200005fc    00000004                                   : vars.obj (.data)
                  20000600    00000004     system_msp432p401r.obj (.data)
                  20000604    00000001     ADC.obj (.data)

.bss       0    20000608    000001ed     UNINITIALIZED
                  20000608    00000120     rtsv7M4_T_le_v4SPD16_eabi.lib : trgmsg.obj (.bss:_CIOBUF_)
                  20000728    000000a0     (.common:__TI_tmpnams)
                  200007c8    0000000c     ADC.obj (.bss:_ZN3ADC15m_vpStaticPortsE)
                  200007d4    0000000c     ADC.obj (.bss:_ZN3ADC15m_vu16StaticBitE)
                  200007e0    00000008     (.common:parmbuf)
                  200007e8    00000004     (.common:_ZSt16__dummy_typeinfo)
                  200007ec    00000004     (.common:__dso_handle)
                  200007f0    00000002     (.common:_ZN3ADC9m_u32CTL0E)
                  200007f2    00000002     (.common:_ZN3ADC9m_u32CTL1E)
                  200007f4    00000001     (.common:_ZN3ADC18m_u8AnalogChannelsE)

.stack     0    2000fe00    00000200     UNINITIALIZED
                  2000fe00    00000200     --HOLE--

MODULE SUMMARY

       Module                        code    ro data   rw data
       ------                        ----    -------   -------
    ./
       ADC.obj                       7846    77        60     
       system_msp432p401r.obj        820     0         8      
       main.obj                      384     0         0      
       startup_msp432p401r_ccs.obj   14      228       0      
    +--+-----------------------------+-------+---------+---------+
       Total:                        9064    305       68     
                                                              
    /home/david/ti/ccsv7/tools/compiler/ti-cgt-arm_16.9.6.LTS/lib/rtsv7M4_T_le_v4SPD16_eabi.lib
       _printfi.obj                  4414    0         0      
       memory.obj                    976     0         24     
       defs.obj                      0       0         832    
       trgmsg.obj                    104     0         576    
       typeinfo_.obj                 188     356       8      
       ull_div_t2.obj                500     0         0      
       fopen.obj                     452     0         8      
       write.obj                     40      0         400    
       fd_add_t2.obj                 438     0         0      
       fd_div_t2.obj                 310     0         0      
       fputs.obj                     308     0         0      
       fd_cmp_t2.obj                 268     0         0      
       dtor_list.obj                 244     0         16     
       ctype.obj                     0       257       0      
       fd_mul_t2.obj                 252     0         0      
       s_scalbn.obj                  252     0         0      
       setvbuf.obj                   220     0         0      
       fflush.obj                    200     0         0      
       open.obj                      188     0         8      
       _io_perm.obj                  172     0         0      
       memcpy_t2.obj                 156     0         0      
       fclose.obj                    152     0         0      
       fputc.obj                     152     0         0      
       memset_t2.obj                 122     0         0      
       autoinit.obj                  112     0         0      
       getdevice.obj                 112     0         0      
       hostopen.obj                  96      0         16     
       printf.obj                    112     0         0      
       exit.obj                      84      0         24     
       copy_decompress_lzss.obj      104     0         0      
       hostlseek.obj                 104     0         0      
       hostrename.obj                104     0         0      
       fseek.obj                     100     0         0      
       s_frexp.obj                   100     0         0      
       close.obj                     92      0         0      
       hostread.obj                  88      0         0      
       hostwrite.obj                 88      0         0      
       boot.obj                      84      0         0      
       ltoa.obj                      84      0         0      
       atoi.obj                      76      0         0      
       cpy_tbl.obj                   76      0         0      
       dll_main.obj                  72      0         0      
       fd_toi_t2.obj                 72      0         0      
       hostclose.obj                 68      0         0      
       hostunlink.obj                68      0         0      
       strncpy.obj                   54      0         0      
       new_.obj                      48      0         0      
       i_tofd_t2.obj                 46      0         0      
       unlink.obj                    44      0         0      
       lseek.obj                     40      0         0      
       _lock.obj                     20      0         16     
       memmov.obj                    36      0         0      
       memchr.obj                    32      0         0      
       memccpy.obj                   28      0         0      
       args_main.obj                 24      0         0      
       strcmp.obj                    24      0         0      
       strchr.obj                    22      0         0      
       s_copysign.obj                20      0         0      
       strcpy.obj                    20      0         0      
       strlen.obj                    20      0         0      
       copy_decompress_none.obj      14      0         0      
       copy_zero_init.obj            12      0         0      
       delete.obj                    8       0         0      
       errno.obj                     0       0         8      
       stkdepth_vars.obj             0       0         8      
       vars.obj                      0       0         8      
       pre_init.obj                  4       0         0      
       mpu_init.obj                  2       0         0      
       newhandler.obj                2       0         0      
       startup.obj                   2       0         0      
    +--+-----------------------------+-------+---------+---------+
       Total:                        12526   613       1952   
                                                              
       Heap:                         0       0         2048   
       Stack:                        0       0         1024   
       Linker Generated:             0       152       0      
    +--+-----------------------------+-------+---------+---------+
       Grand Total:                  21590   1070      5092   


LINKER GENERATED COPY TABLES

__TI_cinit_table @ 00005880 records: 2, size/record: 8, table size: 16
	.data: load addr=000057f8, load size=00000074 bytes, run addr=20000400, run size=00000205 bytes, compression=lzss
	.bss: load addr=00005878, load size=00000008 bytes, run addr=20000608, run size=000001ed bytes, compression=zero_init


LINKER GENERATED HANDLER TABLE

__TI_handler_table @ 0000586c records: 3, size/record: 4, table size: 12
	index: 0, handler: __TI_decompress_lzss
	index: 1, handler: __TI_decompress_none
	index: 2, handler: __TI_zero_init


GLOBAL SYMBOLS: SORTED ALPHABETICALLY BY Name 

address   name                                                                                                                                           
-------   ----                                                                                                                                           
0000542d  ADC14_IRQHandler                                                                                                                               
0000542d  AES256_IRQHandler                                                                                                                              
0000542d  BusFault_Handler                                                                                                                               
0000409d  C$$EXIT                                                                                                                                        
00003c6f  C$$IO$$                                                                                                                                        
0000542d  COMP_E0_IRQHandler                                                                                                                             
0000542d  COMP_E1_IRQHandler                                                                                                                             
0000542d  CS_IRQHandler                                                                                                                                  
0000542d  DMA_ERR_IRQHandler                                                                                                                             
0000542d  DMA_INT0_IRQHandler                                                                                                                            
0000542d  DMA_INT1_IRQHandler                                                                                                                            
0000542d  DMA_INT2_IRQHandler                                                                                                                            
0000542d  DMA_INT3_IRQHandler                                                                                                                            
0000542d  DebugMon_Handler                                                                                                                               
0000542d  Default_Handler                                                                                                                                
0000542d  EUSCIA0_IRQHandler                                                                                                                             
0000542d  EUSCIA1_IRQHandler                                                                                                                             
0000542d  EUSCIA2_IRQHandler                                                                                                                             
0000542d  EUSCIA3_IRQHandler                                                                                                                             
0000542d  EUSCIB0_IRQHandler                                                                                                                             
0000542d  EUSCIB1_IRQHandler                                                                                                                             
0000542d  EUSCIB2_IRQHandler                                                                                                                             
0000542d  EUSCIB3_IRQHandler                                                                                                                             
0000542d  FLCTL_IRQHandler                                                                                                                               
0000542d  FPU_IRQHandler                                                                                                                                 
0000438d  HOSTclose                                                                                                                                      
00003b71  HOSTlseek                                                                                                                                      
00003d71  HOSTopen                                                                                                                                       
00003f99  HOSTread                                                                                                                                       
00003bd9  HOSTrename                                                                                                                                     
000043d1  HOSTunlink                                                                                                                                     
00003ff1  HOSTwrite                                                                                                                                      
0000542d  HardFault_Handler                                                                                                                              
0000542d  MemManage_Handler                                                                                                                              
0000542d  NMI_Handler                                                                                                                                    
0000542d  PCM_IRQHandler                                                                                                                                 
0000542d  PORT1_IRQHandler                                                                                                                               
0000542d  PORT2_IRQHandler                                                                                                                               
0000542d  PORT3_IRQHandler                                                                                                                               
0000542d  PORT4_IRQHandler                                                                                                                               
0000542d  PORT5_IRQHandler                                                                                                                               
0000542d  PORT6_IRQHandler                                                                                                                               
0000542d  PSS_IRQHandler                                                                                                                                 
0000542d  PendSV_Handler                                                                                                                                 
0000542d  RTC_C_IRQHandler                                                                                                                               
00005421  Reset_Handler                                                                                                                                  
000057f4  SHT$$INIT_ARRAY$$Base                                                                                                                          
000057f8  SHT$$INIT_ARRAY$$Limit                                                                                                                         
0000542d  SVC_Handler                                                                                                                                    
0000542d  SysTick_Handler                                                                                                                                
20000600  SystemCoreClock                                                                                                                                
00001e19  SystemCoreClockUpdate                                                                                                                          
00002091  SystemInit                                                                                                                                     
0000542d  T32_INT1_IRQHandler                                                                                                                            
0000542d  T32_INT2_IRQHandler                                                                                                                            
0000542d  T32_INTC_IRQHandler                                                                                                                            
0000542d  TA0_0_IRQHandler                                                                                                                               
0000542d  TA0_N_IRQHandler                                                                                                                               
0000542d  TA1_0_IRQHandler                                                                                                                               
0000542d  TA1_N_IRQHandler                                                                                                                               
0000542d  TA2_0_IRQHandler                                                                                                                               
0000542d  TA2_N_IRQHandler                                                                                                                               
0000542d  TA3_0_IRQHandler                                                                                                                               
0000542d  TA3_N_IRQHandler                                                                                                                               
0000542d  UsageFault_Handler                                                                                                                             
4000480c  WDTCTL_SYM                                                                                                                                     
0000542d  WDT_A_IRQHandler                                                                                                                               
00002737  _Z10init_timerv                                                                                                                                
0000128f  _Z11bintoOneHoth                                                                                                                               
000026bd  _Z13configure_adcP32DIO_PORT_Even_Interruptable_Typet                                                                                          
0000271d  _Z13configure_ledP32DIO_PORT_Even_Interruptable_Typet                                                                                          
000012a7  _Z16getAnalogChannelP32DIO_PORT_Even_Interruptable_Typet                                                                                       
000026bb  _Z21__default_new_handlerv                                                                                                                     
00002741  _Z5setupv                                                                                                                                      
00002751  _Z9main_loopv                                                                                                                                  
000033c5  _ZN10__cxxabiv116__enum_type_infoD0Ev                                                                                                          
000033c3  _ZN10__cxxabiv116__enum_type_infoD1Ev                                                                                                          
000033c3  _ZN10__cxxabiv116__enum_type_infoD2Ev                                                                                                          
000033bb  _ZN10__cxxabiv117__array_type_infoD0Ev                                                                                                         
000033b9  _ZN10__cxxabiv117__array_type_infoD1Ev                                                                                                         
000033b9  _ZN10__cxxabiv117__array_type_infoD2Ev                                                                                                         
000033b1  _ZN10__cxxabiv117__class_type_infoD0Ev                                                                                                         
000033af  _ZN10__cxxabiv117__class_type_infoD1Ev                                                                                                         
000033af  _ZN10__cxxabiv117__class_type_infoD2Ev                                                                                                         
000033a7  _ZN10__cxxabiv117__pbase_type_infoD0Ev                                                                                                         
000033a5  _ZN10__cxxabiv117__pbase_type_infoD1Ev                                                                                                         
000033a5  _ZN10__cxxabiv117__pbase_type_infoD2Ev                                                                                                         
0000339d  _ZN10__cxxabiv119__pointer_type_infoD0Ev                                                                                                       
0000339b  _ZN10__cxxabiv119__pointer_type_infoD1Ev                                                                                                       
0000339b  _ZN10__cxxabiv119__pointer_type_infoD2Ev                                                                                                       
00003393  _ZN10__cxxabiv120__function_type_infoD0Ev                                                                                                      
00003391  _ZN10__cxxabiv120__function_type_infoD1Ev                                                                                                      
00003391  _ZN10__cxxabiv120__function_type_infoD2Ev                                                                                                      
00003389  _ZN10__cxxabiv120__si_class_type_infoD0Ev                                                                                                      
00003387  _ZN10__cxxabiv120__si_class_type_infoD1Ev                                                                                                      
00003387  _ZN10__cxxabiv120__si_class_type_infoD2Ev                                                                                                      
0000337f  _ZN10__cxxabiv121__vmi_class_type_infoD0Ev                                                                                                     
0000337d  _ZN10__cxxabiv121__vmi_class_type_infoD1Ev                                                                                                     
0000337d  _ZN10__cxxabiv121__vmi_class_type_infoD2Ev                                                                                                     
00003375  _ZN10__cxxabiv123__fundamental_type_infoD0Ev                                                                                                   
00003373  _ZN10__cxxabiv123__fundamental_type_infoD1Ev                                                                                                   
00003373  _ZN10__cxxabiv123__fundamental_type_infoD2Ev                                                                                                   
0000336b  _ZN10__cxxabiv129__pointer_to_member_type_infoD0Ev                                                                                             
00003369  _ZN10__cxxabiv129__pointer_to_member_type_infoD1Ev                                                                                             
00003369  _ZN10__cxxabiv129__pointer_to_member_type_infoD2Ev                                                                                             
00001695  _ZN3ADC11quick_setupEb                                                                                                                         
200007c8  _ZN3ADC15m_vpStaticPortsE                                                                                                                      
200007d4  _ZN3ADC15m_vu16StaticBitE                                                                                                                      
200007f4  _ZN3ADC18m_u8AnalogChannelsE                                                                                                                   
20000604  _ZN3ADC19m_bStaticConfiguredE                                                                                                                  
000018f1  _ZN3ADC4initEv                                                                                                                                 
0000191b  _ZN3ADC4readEP32DIO_PORT_Even_Interruptable_Typet                                                                                              
000017cd  _ZN3ADC5setupEb                                                                                                                                
000018c7  _ZN3ADC5setupEjjb                                                                                                                              
200007f0  _ZN3ADC9m_u32CTL0E                                                                                                                             
200007f2  _ZN3ADC9m_u32CTL1E                                                                                                                             
00001355  _ZN3ADCC1EP32DIO_PORT_Even_Interruptable_Typet                                                                                                 
00001471  _ZN3ADCC1EP32DIO_PORT_Even_Interruptable_Typetjj                                                                                               
000015f1  _ZN3ADCC1ERKS_                                                                                                                                 
000013c9  _ZN3ADCC1ESt6vectorIP32DIO_PORT_Even_Interruptable_TypeSaIS2_EES0_ItSaItEE                                                                     
00001515  _ZN3ADCC1ESt6vectorIP32DIO_PORT_Even_Interruptable_TypeSaIS2_EES0_ItSaItEEjj                                                                   
00001311  _ZN3ADCC1Ev                                                                                                                                    
00001355  _ZN3ADCC2EP32DIO_PORT_Even_Interruptable_Typet                                                                                                 
00001471  _ZN3ADCC2EP32DIO_PORT_Even_Interruptable_Typetjj                                                                                               
000015f1  _ZN3ADCC2ERKS_                                                                                                                                 
000013c9  _ZN3ADCC2ESt6vectorIP32DIO_PORT_Even_Interruptable_TypeSaIS2_EES0_ItSaItEE                                                                     
00001515  _ZN3ADCC2ESt6vectorIP32DIO_PORT_Even_Interruptable_TypeSaIS2_EES0_ItSaItEEjj                                                                   
00001311  _ZN3ADCC2Ev                                                                                                                                    
00001671  _ZN3ADCD0Ev                                                                                                                                    
00001659  _ZN3ADCD1Ev                                                                                                                                    
00001659  _ZN3ADCD2Ev                                                                                                                                    
0000535d  _ZNKSaIP32DIO_PORT_Even_Interruptable_TypeE8max_sizeEv                                                                                         
0000536b  _ZNKSaItE8max_sizeEv                                                                                                                           
0000527d  _ZNKSt4priv12_Vector_baseIP32DIO_PORT_Even_Interruptable_TypeSaIS2_EE21_M_throw_length_errorEv                                                 
0000528d  _ZNKSt4priv12_Vector_baseItSaItEE21_M_throw_length_errorEv                                                                                     
0000502d  _ZNKSt6vectorIP32DIO_PORT_Even_Interruptable_TypeSaIS1_EE4sizeEv                                                                               
00005043  _ZNKSt6vectorIP32DIO_PORT_Even_Interruptable_TypeSaIS1_EE8capacityEv                                                                           
00004a59  _ZNKSt6vectorIP32DIO_PORT_Even_Interruptable_TypeSaIS1_EE8max_sizeEv                                                                           
00005059  _ZNKSt6vectorItSaItEE4sizeEv                                                                                                                   
0000506f  _ZNKSt6vectorItSaItEE8capacityEv                                                                                                               
00004a7d  _ZNKSt6vectorItSaItEE8max_sizeEv                                                                                                               
0000332b  _ZNKSt9type_info4nameEv                                                                                                                        
0000335b  _ZNKSt9type_info6beforeERKS_                                                                                                                   
00003345  _ZNKSt9type_infoeqERKS_                                                                                                                        
0000332f  _ZNKSt9type_infoneERKS_                                                                                                                        
00004fcb  _ZNSaIP32DIO_PORT_Even_Interruptable_TypeE10deallocateEPS0_j                                                                                   
00004145  _ZNSaIP32DIO_PORT_Even_Interruptable_TypeE11_M_allocateEjRj                                                                                    
00005379  _ZNSaIP32DIO_PORT_Even_Interruptable_TypeEC1ERKS1_                                                                                             
0000542f  _ZNSaIP32DIO_PORT_Even_Interruptable_TypeEC1Ev                                                                                                 
0000529d  _ZNSaIP32DIO_PORT_Even_Interruptable_TypeEC2ERKS1_                                                                                             
0000543b  _ZNSaIP32DIO_PORT_Even_Interruptable_TypeED1Ev                                                                                                 
00005447  _ZNSaIP32DIO_PORT_Even_Interruptable_TypeED2Ev                                                                                                 
00004fe3  _ZNSaItE10deallocateEPtj                                                                                                                       
00004191  _ZNSaItE11_M_allocateEjRj                                                                                                                      
00005387  _ZNSaItEC1ERKS_                                                                                                                                
00005453  _ZNSaItEC1Ev                                                                                                                                   
000052ad  _ZNSaItEC2ERKS_                                                                                                                                
0000545f  _ZNSaItED1Ev                                                                                                                                   
0000546b  _ZNSaItED2Ev                                                                                                                                   
00005395  _ZNSt11__new_alloc10deallocateEPvj                                                                                                             
00005477  _ZNSt11__new_alloc8allocateEj                                                                                                                  
00005483  _ZNSt12_BothPtrTypeIPKP32DIO_PORT_Even_Interruptable_TypePS1_E7_AnswerEv                                                                       
0000548f  _ZNSt12_BothPtrTypeIPKtPtE7_AnswerEv                                                                                                           
0000549b  _ZNSt12_BothPtrTypeIPP32DIO_PORT_Even_Interruptable_TypeS2_E7_AnswerEv                                                                         
000054a7  _ZNSt12_BothPtrTypeIPtS0_E7_AnswerEv                                                                                                           
000054b3  _ZNSt12_TrivialCopyIP32DIO_PORT_Even_Interruptable_TypeS1_E7_AnswerEv                                                                          
000054bf  _ZNSt12_TrivialCopyIttE7_AnswerEv                                                                                                              
000054cb  _ZNSt13_TrivialUCopyIP32DIO_PORT_Even_Interruptable_TypeS1_E7_AnswerEv                                                                         
000054d7  _ZNSt13_TrivialUCopyIttE7_AnswerEv                                                                                                             
00005085  _ZNSt16reverse_iteratorIPP32DIO_PORT_Even_Interruptable_TypeEC1ERKS3_                                                                          
0000514b  _ZNSt16reverse_iteratorIPP32DIO_PORT_Even_Interruptable_TypeEC1ES2_                                                                            
0000509b  _ZNSt16reverse_iteratorIPtEC1ERKS1_                                                                                                            
0000515f  _ZNSt16reverse_iteratorIPtEC1ES0_                                                                                                              
00004525  _ZNSt4priv10__copy_auxIPP32DIO_PORT_Even_Interruptable_TypeS3_EET0_T_S5_S4_RKSt11__true_type                                                   
00004555  _ZNSt4priv10__copy_auxIPtS1_EET0_T_S3_S2_RKSt11__true_type                                                                                     
00004f2f  _ZNSt4priv10__distanceIPP32DIO_PORT_Even_Interruptable_TypeEENSt15iterator_traitsIT_E15difference_typeERKS5_S9_RKSt26random_access_iterator_tag
00004f49  _ZNSt4priv10__distanceIPtEENSt15iterator_traitsIT_E15difference_typeERKS3_S7_RKSt26random_access_iterator_tag                                  
00004d53  _ZNSt4priv11__copy_ptrsIPKP32DIO_PORT_Even_Interruptable_TypePS2_EET0_T_S7_S6_RKSt11__true_type                                                
00004d6f  _ZNSt4priv11__copy_ptrsIPKtPtEET0_T_S5_S4_RKSt11__true_type                                                                                    
00004d8b  _ZNSt4priv11__copy_ptrsIPP32DIO_PORT_Even_Interruptable_TypeS3_EET0_T_S5_S4_RKSt11__true_type                                                  
00004da7  _ZNSt4priv11__copy_ptrsIPtS1_EET0_T_S3_S2_RKSt11__true_type                                                                                    
00004585  _ZNSt4priv11__ucopy_auxIPKP32DIO_PORT_Even_Interruptable_TypePS2_EET0_T_S7_S6_RKSt11__true_type                                                
000045b5  _ZNSt4priv11__ucopy_auxIPKtPtEET0_T_S5_S4_RKSt11__true_type                                                                                    
000045e5  _ZNSt4priv11__ucopy_auxIPP32DIO_PORT_Even_Interruptable_TypeS3_EET0_T_S5_S4_RKSt11__true_type                                                  
00004615  _ZNSt4priv11__ucopy_auxIPtS1_EET0_T_S3_S2_RKSt11__true_type                                                                                    
00004ac5  _ZNSt4priv12_Vector_baseIP32DIO_PORT_Even_Interruptable_TypeSaIS2_EEC1ERKS3_                                                                   
000052bd  _ZNSt4priv12_Vector_baseIP32DIO_PORT_Even_Interruptable_TypeSaIS2_EEC2ERKS3_                                                                   
000046a5  _ZNSt4priv12_Vector_baseIP32DIO_PORT_Even_Interruptable_TypeSaIS2_EED1Ev                                                                       
000054e3  _ZNSt4priv12_Vector_baseIP32DIO_PORT_Even_Interruptable_TypeSaIS2_EED2Ev                                                                       
00004ae7  _ZNSt4priv12_Vector_baseItSaItEEC1ERKS1_                                                                                                       
000052cd  _ZNSt4priv12_Vector_baseItSaItEEC2ERKS1_                                                                                                       
000046d3  _ZNSt4priv12_Vector_baseItSaItEED1Ev                                                                                                           
000054ef  _ZNSt4priv12_Vector_baseItSaItEED2Ev                                                                                                           
00004dc3  _ZNSt4priv12__ucopy_ptrsIPKP32DIO_PORT_Even_Interruptable_TypePS2_EET0_T_S7_S6_RKSt11__true_type                                               
00004ddf  _ZNSt4priv12__ucopy_ptrsIPKtPtEET0_T_S5_S4_RKSt11__true_type                                                                                   
00004dfb  _ZNSt4priv12__ucopy_ptrsIPP32DIO_PORT_Even_Interruptable_TypeS3_EET0_T_S5_S4_RKSt11__true_type                                                 
00004e17  _ZNSt4priv12__ucopy_ptrsIPtS1_EET0_T_S3_S2_RKSt11__true_type                                                                                   
00004701  _ZNSt4priv14__copy_trivialEPKvS1_Pv                                                                                                            
000048cd  _ZNSt4priv15__ucopy_trivialEPKvS1_Pv                                                                                                           
00004e33  _ZNSt4priv17_STLP_alloc_proxyIPP32DIO_PORT_Even_Interruptable_TypeS2_SaIS2_EE8allocateEjRj                                                     
00004e4f  _ZNSt4priv17_STLP_alloc_proxyIPP32DIO_PORT_Even_Interruptable_TypeS2_SaIS2_EE8allocateEjRjRKSt11__true_type                                    
00004f63  _ZNSt4priv17_STLP_alloc_proxyIPP32DIO_PORT_Even_Interruptable_TypeS2_SaIS2_EEC1ERKS4_S3_                                                       
000053a3  _ZNSt4priv17_STLP_alloc_proxyIPP32DIO_PORT_Even_Interruptable_TypeS2_SaIS2_EED1Ev                                                              
00004e6b  _ZNSt4priv17_STLP_alloc_proxyIPttSaItEE8allocateEjRj                                                                                           
00004e87  _ZNSt4priv17_STLP_alloc_proxyIPttSaItEE8allocateEjRjRKSt11__true_type                                                                          
00004f7d  _ZNSt4priv17_STLP_alloc_proxyIPttSaItEEC1ERKS2_S1_                                                                                             
000053b1  _ZNSt4priv17_STLP_alloc_proxyIPttSaItEED1Ev                                                                                                    
00004ea3  _ZNSt4priv20__copy_backward_ptrsIPP32DIO_PORT_Even_Interruptable_TypeS3_EET0_T_S5_S4_RKSt11__true_type                                         
00004ebf  _ZNSt4priv20__copy_backward_ptrsIPtS1_EET0_T_S3_S2_RKSt11__true_type                                                                           
00004bd5  _ZNSt4priv20__uninitialized_moveIPP32DIO_PORT_Even_Interruptable_TypeS3_St11__true_typeEET0_T_S6_S5_T1_RKSt12__false_type                      
00004bf5  _ZNSt4priv20__uninitialized_moveIPtS1_St11__true_typeEET0_T_S4_S3_T1_RKSt12__false_type                                                        
00004645  _ZNSt4priv23__copy_trivial_backwardEPKvS1_Pv                                                                                                   
0000472f  _ZNSt4priv8__fill_nIPP32DIO_PORT_Even_Interruptable_TypejS2_EET_S4_T0_RKT1_                                                                    
0000475d  _ZNSt4priv8__fill_nIPtjtEET_S2_T0_RKT1_                                                                                                        
00004f97  _ZNSt4priv9__advanceIPP32DIO_PORT_Even_Interruptable_TypejEEvRT_T0_RKSt26random_access_iterator_tag                                            
00004fb1  _ZNSt4priv9__advanceIPtjEEvRT_T0_RKSt26random_access_iterator_tag                                                                              
000054fb  _ZNSt6_IsPODIP32DIO_PORT_Even_Interruptable_TypeE7_AnswerEv                                                                                    
00005507  _ZNSt6_IsPODItE7_AnswerEv                                                                                                                      
00003dd1  _ZNSt6vectorIP32DIO_PORT_Even_Interruptable_TypeSaIS1_EE15_M_range_insertIPS1_EEvS5_T_S6_RKSt20forward_iterator_tag                            
00004b09  _ZNSt6vectorIP32DIO_PORT_Even_Interruptable_TypeSaIS1_EE18_M_insert_dispatchIPS1_EEvS5_T_S6_RKSt12__false_type                                 
000038d7  _ZNSt6vectorIP32DIO_PORT_Even_Interruptable_TypeSaIS1_EE18_M_insert_overflowEPS1_RKS1_RKSt11__true_typejb                                      
00004415  _ZNSt6vectorIP32DIO_PORT_Even_Interruptable_TypeSaIS1_EE19_M_clear_after_moveEv                                                                
000030e5  _ZNSt6vectorIP32DIO_PORT_Even_Interruptable_TypeSaIS1_EE19_M_range_insert_auxIPS1_EEvS5_T_S6_jRKSt12__false_type                               
0000478b  _ZNSt6vectorIP32DIO_PORT_Even_Interruptable_TypeSaIS1_EE20_M_allocate_and_copyIPKS1_EEPS1_RjT_S9_                                              
00003ee5  _ZNSt6vectorIP32DIO_PORT_Even_Interruptable_TypeSaIS1_EE20_M_compute_next_sizeEj                                                               
00003759  _ZNSt6vectorIP32DIO_PORT_Even_Interruptable_TypeSaIS1_EE23_M_range_insert_reallocIPS1_EEvS5_T_S6_j                                             
000053bf  _ZNSt6vectorIP32DIO_PORT_Even_Interruptable_TypeSaIS1_EE3endEv                                                                                 
000050b1  _ZNSt6vectorIP32DIO_PORT_Even_Interruptable_TypeSaIS1_EE4rendEv                                                                                
000053cd  _ZNSt6vectorIP32DIO_PORT_Even_Interruptable_TypeSaIS1_EE5beginEv                                                                               
00004b2b  _ZNSt6vectorIP32DIO_PORT_Even_Interruptable_TypeSaIS1_EE6_M_setEPS1_S4_S4_                                                                     
00004b4d  _ZNSt6vectorIP32DIO_PORT_Even_Interruptable_TypeSaIS1_EE6insertIPS1_EEvS5_T_S6_                                                                
000050c7  _ZNSt6vectorIP32DIO_PORT_Even_Interruptable_TypeSaIS1_EE6rbeginEv                                                                              
0000444b  _ZNSt6vectorIP32DIO_PORT_Even_Interruptable_TypeSaIS1_EE8_M_clearEv                                                                            
00004305  _ZNSt6vectorIP32DIO_PORT_Even_Interruptable_TypeSaIS1_EE9push_backERKS1_                                                                       
000051ed  _ZNSt6vectorIP32DIO_PORT_Even_Interruptable_TypeSaIS1_EEC1ERKS2_                                                                               
00004975  _ZNSt6vectorIP32DIO_PORT_Even_Interruptable_TypeSaIS1_EED1Ev                                                                                   
00002e71  _ZNSt6vectorIP32DIO_PORT_Even_Interruptable_TypeSaIS1_EEaSERKS3_                                                                               
00005173  _ZNSt6vectorIP32DIO_PORT_Even_Interruptable_TypeSaIS1_EEixEj                                                                                   
00003e2d  _ZNSt6vectorItSaItEE15_M_range_insertIPtEEvS3_T_S4_RKSt20forward_iterator_tag                                                                  
00004b6f  _ZNSt6vectorItSaItEE18_M_insert_dispatchIPtEEvS3_T_S4_RKSt12__false_type                                                                       
00003947  _ZNSt6vectorItSaItEE18_M_insert_overflowEPtRKtRKSt11__true_typejb                                                                              
00004481  _ZNSt6vectorItSaItEE19_M_clear_after_moveEv                                                                                                    
000031a1  _ZNSt6vectorItSaItEE19_M_range_insert_auxIPtEEvS3_T_S4_jRKSt12__false_type                                                                     
000047b9  _ZNSt6vectorItSaItEE20_M_allocate_and_copyIPKtEEPtRjT_S7_                                                                                      
00003f3f  _ZNSt6vectorItSaItEE20_M_compute_next_sizeEj                                                                                                   
000037db  _ZNSt6vectorItSaItEE23_M_range_insert_reallocIPtEEvS3_T_S4_j                                                                                   
000053db  _ZNSt6vectorItSaItEE3endEv                                                                                                                     
000050dd  _ZNSt6vectorItSaItEE4rendEv                                                                                                                    
[...]
0000542d  EUSCIB0_IRQHandler                                                                                                                             
0000542d  EUSCIB1_IRQHandler                                                                                                                             
0000542d  EUSCIB2_IRQHandler                                                                                                                             
0000542d  EUSCIB3_IRQHandler                                                                                                                             
0000542d  FLCTL_IRQHandler                                                                                                                               
0000542d  FPU_IRQHandler                                                                                                                                 
0000542d  HardFault_Handler                                                                                                                              
0000542d  MemManage_Handler                                                                                                                              
0000542d  NMI_Handler                                                                                                                                    
0000542d  PCM_IRQHandler                                                                                                                                 
0000542d  PORT1_IRQHandler                                                                                                                               
0000542d  PORT2_IRQHandler                                                                                                                               
0000542d  PORT3_IRQHandler                                                                                                                               
0000542d  PORT4_IRQHandler                                                                                                                               
0000542d  PORT5_IRQHandler                                                                                                                               
0000542d  PORT6_IRQHandler                                                                                                                               
0000542d  PSS_IRQHandler                                                                                                                                 
0000542d  PendSV_Handler                                                                                                                                 
0000542d  RTC_C_IRQHandler                                                                                                                               
0000542d  SVC_Handler                                                                                                                                    
0000542d  SysTick_Handler                                                                                                                                
0000542d  T32_INT1_IRQHandler                                                                                                                            
0000542d  T32_INT2_IRQHandler                                                                                                                            
0000542d  T32_INTC_IRQHandler                                                                                                                            
0000542d  TA0_0_IRQHandler                                                                                                                               
0000542d  TA0_N_IRQHandler                                                                                                                               
0000542d  TA1_0_IRQHandler                                                                                                                               
0000542d  TA1_N_IRQHandler                                                                                                                               
0000542d  TA2_0_IRQHandler                                                                                                                               
0000542d  TA2_N_IRQHandler                                                                                                                               
0000542d  TA3_0_IRQHandler                                                                                                                               
0000542d  TA3_N_IRQHandler                                                                                                                               
0000542d  UsageFault_Handler                                                                                                                             
0000542d  WDT_A_IRQHandler                                                                                                                               
0000542f  _ZNSaIP32DIO_PORT_Even_Interruptable_TypeEC1Ev                                                                                                 
0000543b  _ZNSaIP32DIO_PORT_Even_Interruptable_TypeED1Ev                                                                                                 
00005447  _ZNSaIP32DIO_PORT_Even_Interruptable_TypeED2Ev                                                                                                 
00005453  _ZNSaItEC1Ev                                                                                                                                   
0000545f  _ZNSaItED1Ev                                                                                                                                   
0000546b  _ZNSaItED2Ev                                                                                                                                   
00005477  _ZNSt11__new_alloc8allocateEj                                                                                                                  
00005483  _ZNSt12_BothPtrTypeIPKP32DIO_PORT_Even_Interruptable_TypePS1_E7_AnswerEv                                                                       
0000548f  _ZNSt12_BothPtrTypeIPKtPtE7_AnswerEv                                                                                                           
0000549b  _ZNSt12_BothPtrTypeIPP32DIO_PORT_Even_Interruptable_TypeS2_E7_AnswerEv                                                                         
000054a7  _ZNSt12_BothPtrTypeIPtS0_E7_AnswerEv                                                                                                           
000054b3  _ZNSt12_TrivialCopyIP32DIO_PORT_Even_Interruptable_TypeS1_E7_AnswerEv                                                                          
000054bf  _ZNSt12_TrivialCopyIttE7_AnswerEv                                                                                                              
000054cb  _ZNSt13_TrivialUCopyIP32DIO_PORT_Even_Interruptable_TypeS1_E7_AnswerEv                                                                         
000054d7  _ZNSt13_TrivialUCopyIttE7_AnswerEv                                                                                                             
000054e3  _ZNSt4priv12_Vector_baseIP32DIO_PORT_Even_Interruptable_TypeSaIS2_EED2Ev                                                                       
000054ef  _ZNSt4priv12_Vector_baseItSaItEED2Ev                                                                                                           
000054fb  _ZNSt6_IsPODIP32DIO_PORT_Even_Interruptable_TypeE7_AnswerEv                                                                                    
00005507  _ZNSt6_IsPODItE7_AnswerEv                                                                                                                      
00005513  _ZSt12__stl_deletePv                                                                                                                           
0000551f  _ZSt9__stl_newj                                                                                                                                
0000552b  __TI_zero_init                                                                                                                                 
00005537  _ZdlPv                                                                                                                                         
0000553f  _system_pre_init                                                                                                                               
00005544  _ctypes_                                                                                                                                       
00005645  _ZTSN10__cxxabiv123__fundamental_type_infoE                                                                                                    
0000566d  _ZTSN10__cxxabiv120__si_class_type_infoE                                                                                                       
00005692  _ZTSN10__cxxabiv119__pointer_type_infoE                                                                                                        
000056b6  _ZTSN10__cxxabiv117__class_type_infoE                                                                                                          
000056d8  _ZTSN10__cxxabiv117__pbase_type_infoE                                                                                                          
000056fa  _ZTSe                                                                                                                                          
000056fc  _ZTIPKe                                                                                                                                        
0000570c  _ZTV3ADC                                                                                                                                       
0000571c  _ZTVN10__cxxabiv117__class_type_infoE                                                                                                          
0000572c  _ZTVN10__cxxabiv119__pointer_type_infoE                                                                                                        
0000573c  _ZTVN10__cxxabiv120__si_class_type_infoE                                                                                                       
0000574c  _ZTVN10__cxxabiv123__fundamental_type_infoE                                                                                                    
0000575c  _ZZNSaIP32DIO_PORT_Even_Interruptable_TypeE11_M_allocateEjRjEs                                                                                 
0000576b  _ZZNSaItE11_M_allocateEjRjEs                                                                                                                   
0000577a  _ZTSSt9type_info                                                                                                                               
00005788  _ZTIN10__cxxabiv117__class_type_infoE                                                                                                          
00005794  _ZTIN10__cxxabiv117__pbase_type_infoE                                                                                                          
000057a0  _ZTIN10__cxxabiv119__pointer_type_infoE                                                                                                        
000057ac  _ZTIN10__cxxabiv120__si_class_type_infoE                                                                                                       
000057b8  _ZTIN10__cxxabiv123__fundamental_type_infoE                                                                                                    
000057c4  _ZTI3ADC                                                                                                                                       
000057cc  _ZTISt9type_info                                                                                                                               
000057d4  _ZTIe                                                                                                                                          
000057dc  _ZZNKSt4priv12_Vector_baseIP32DIO_PORT_Even_Interruptable_TypeSaIS2_EE21_M_throw_length_errorEvEs                                              
000057e3  _ZZNKSt4priv12_Vector_baseItSaItEE21_M_throw_length_errorEvEs                                                                                  
000057ea  _ZTS3ADC                                                                                                                                       
000057ef  _ZTSPKe                                                                                                                                        
000057f4  SHT$$INIT_ARRAY$$Base                                                                                                                          
000057f8  SHT$$INIT_ARRAY$$Limit                                                                                                                         
0000586c  __TI_Handler_Table_Base                                                                                                                        
00005878  __TI_Handler_Table_Limit                                                                                                                       
00005880  __TI_CINIT_Base                                                                                                                                
00005890  __TI_CINIT_Limit                                                                                                                               
20000000  _sys_memory                                                                                                                                    
20000400  _ftable                                                                                                                                        
200004f0  _device                                                                                                                                        
20000568  _stream                                                                                                                                        
200005b8  __TI_ft_end                                                                                                                                    
200005bc  __aeabi_stdin                                                                                                                                  
200005c0  __aeabi_stdout                                                                                                                                 
200005c4  __aeabi_stderr                                                                                                                                 
200005c8  __TI_cleanup_ptr                                                                                                                               
200005cc  __TI_dtors_ptr                                                                                                                                 
200005d0  __TI_enable_exit_profile_output                                                                                                                
200005e0  _lock                                                                                                                                          
200005e4  _unlock                                                                                                                                        
200005ec  errno                                                                                                                                          
200005f8  main_func_sp                                                                                                                                   
200005fc  _new_handler                                                                                                                                   
20000600  SystemCoreClock                                                                                                                                
20000604  _ZN3ADC19m_bStaticConfiguredE                                                                                                                  
20000608  __CIOBUF_                                                                                                                                      
20000728  __TI_tmpnams                                                                                                                                   
200007c8  _ZN3ADC15m_vpStaticPortsE                                                                                                                      
200007d4  _ZN3ADC15m_vu16StaticBitE                                                                                                                      
200007e0  parmbuf                                                                                                                                        
200007e8  _ZSt16__dummy_typeinfo                                                                                                                         
200007ec  __dso_handle                                                                                                                                   
200007f0  _ZN3ADC9m_u32CTL0E                                                                                                                             
200007f2  _ZN3ADC9m_u32CTL1E                                                                                                                             
200007f4  _ZN3ADC18m_u8AnalogChannelsE                                                                                                                   
2000fe00  __stack                                                                                                                                        
20010000  __STACK_END                                                                                                                                    
4000480c  WDTCTL_SYM                                                                                                                                     
ffffffff  __TI_pprof_out_hndl                                                                                                                            
ffffffff  __TI_prof_data_size                                                                                                                            
ffffffff  __TI_prof_data_start                                                                                                                           
ffffffff  __binit__                                                                                                                                      
ffffffff  __c_args__                                                                                                                                     
ffffffff  binit                                                                                                                                          

[469 symbols]
