<?xml version="1.0"?>
<link_info>
   <banner>TI ARM Linker Unix v16.9.6.LTS</banner>
   <copyright>Copyright (c) 1996-2017 Texas Instruments Incorporated</copyright>
   <link_time>0x5ab944ce</link_time>
   <link_errors>0x0</link_errors>
   <output_file>NightLight.out</output_file>
   <entry_point>
      <name>_c_int00</name>
      <address>0x3039</address>
   </entry_point>
   <input_file_list>
      <input_file id="fl-2">
         <path>./</path>
         <kind>object</kind>
         <file>main.obj</file>
         <name>main.obj</name>
      </input_file>
      <input_file id="fl-3">
         <path>./</path>
         <kind>object</kind>
         <file>startup_msp432p401r_ccs.obj</file>
         <name>startup_msp432p401r_ccs.obj</name>
      </input_file>
      <input_file id="fl-4">
         <path>./</path>
         <kind>object</kind>
         <file>system_msp432p401r.obj</file>
         <name>system_msp432p401r.obj</name>
      </input_file>
      <input_file id="fl-8">
         <kind>object</kind>
         <file>&lt;internal&gt;</file>
         <name>&lt;internal&gt;</name>
      </input_file>
      <input_file id="fl-be">
         <path>/home/david/ti/ccsv7/tools/compiler/ti-cgt-arm_16.9.6.LTS/lib/</path>
         <kind>archive</kind>
         <file>rtsv7M4_T_le_v4SPD16_eabi.lib</file>
         <name>boot.obj</name>
      </input_file>
      <input_file id="fl-bf">
         <path>/home/david/ti/ccsv7/tools/compiler/ti-cgt-arm_16.9.6.LTS/lib/</path>
         <kind>archive</kind>
         <file>rtsv7M4_T_le_v4SPD16_eabi.lib</file>
         <name>copy_decompress_lzss.obj</name>
      </input_file>
      <input_file id="fl-c0">
         <path>/home/david/ti/ccsv7/tools/compiler/ti-cgt-arm_16.9.6.LTS/lib/</path>
         <kind>archive</kind>
         <file>rtsv7M4_T_le_v4SPD16_eabi.lib</file>
         <name>copy_decompress_none.obj</name>
      </input_file>
      <input_file id="fl-c1">
         <path>/home/david/ti/ccsv7/tools/compiler/ti-cgt-arm_16.9.6.LTS/lib/</path>
         <kind>archive</kind>
         <file>rtsv7M4_T_le_v4SPD16_eabi.lib</file>
         <name>copy_zero_init.obj</name>
      </input_file>
      <input_file id="fl-c2">
         <path>/home/david/ti/ccsv7/tools/compiler/ti-cgt-arm_16.9.6.LTS/lib/</path>
         <kind>archive</kind>
         <file>rtsv7M4_T_le_v4SPD16_eabi.lib</file>
         <name>exit.obj</name>
      </input_file>
      <input_file id="fl-c3">
         <path>/home/david/ti/ccsv7/tools/compiler/ti-cgt-arm_16.9.6.LTS/lib/</path>
         <kind>archive</kind>
         <file>rtsv7M4_T_le_v4SPD16_eabi.lib</file>
         <name>memcpy_t2.obj</name>
      </input_file>
      <input_file id="fl-c4">
         <path>/home/david/ti/ccsv7/tools/compiler/ti-cgt-arm_16.9.6.LTS/lib/</path>
         <kind>archive</kind>
         <file>rtsv7M4_T_le_v4SPD16_eabi.lib</file>
         <name>memset_t2.obj</name>
      </input_file>
      <input_file id="fl-c5">
         <path>/home/david/ti/ccsv7/tools/compiler/ti-cgt-arm_16.9.6.LTS/lib/</path>
         <kind>archive</kind>
         <file>rtsv7M4_T_le_v4SPD16_eabi.lib</file>
         <name>mpu_init.obj</name>
      </input_file>
      <input_file id="fl-c6">
         <path>/home/david/ti/ccsv7/tools/compiler/ti-cgt-arm_16.9.6.LTS/lib/</path>
         <kind>archive</kind>
         <file>rtsv7M4_T_le_v4SPD16_eabi.lib</file>
         <name>pre_init.obj</name>
      </input_file>
      <input_file id="fl-c7">
         <path>/home/david/ti/ccsv7/tools/compiler/ti-cgt-arm_16.9.6.LTS/lib/</path>
         <kind>archive</kind>
         <file>rtsv7M4_T_le_v4SPD16_eabi.lib</file>
         <name>printf.obj</name>
      </input_file>
      <input_file id="fl-c8">
         <path>/home/david/ti/ccsv7/tools/compiler/ti-cgt-arm_16.9.6.LTS/lib/</path>
         <kind>archive</kind>
         <file>rtsv7M4_T_le_v4SPD16_eabi.lib</file>
         <name>stkdepth_vars.obj</name>
      </input_file>
      <input_file id="fl-c9">
         <path>/home/david/ti/ccsv7/tools/compiler/ti-cgt-arm_16.9.6.LTS/lib/</path>
         <kind>archive</kind>
         <file>rtsv7M4_T_le_v4SPD16_eabi.lib</file>
         <name>time.obj</name>
      </input_file>
      <input_file id="fl-ca">
         <path>/home/david/ti/ccsv7/tools/compiler/ti-cgt-arm_16.9.6.LTS/lib/</path>
         <kind>archive</kind>
         <file>rtsv7M4_T_le_v4SPD16_eabi.lib</file>
         <name>_lock.obj</name>
      </input_file>
      <input_file id="fl-cb">
         <path>/home/david/ti/ccsv7/tools/compiler/ti-cgt-arm_16.9.6.LTS/lib/</path>
         <kind>archive</kind>
         <file>rtsv7M4_T_le_v4SPD16_eabi.lib</file>
         <name>_printfi.obj</name>
      </input_file>
      <input_file id="fl-cc">
         <path>/home/david/ti/ccsv7/tools/compiler/ti-cgt-arm_16.9.6.LTS/lib/</path>
         <kind>archive</kind>
         <file>rtsv7M4_T_le_v4SPD16_eabi.lib</file>
         <name>args_main.obj</name>
      </input_file>
      <input_file id="fl-cd">
         <path>/home/david/ti/ccsv7/tools/compiler/ti-cgt-arm_16.9.6.LTS/lib/</path>
         <kind>archive</kind>
         <file>rtsv7M4_T_le_v4SPD16_eabi.lib</file>
         <name>atoi.obj</name>
      </input_file>
      <input_file id="fl-ce">
         <path>/home/david/ti/ccsv7/tools/compiler/ti-cgt-arm_16.9.6.LTS/lib/</path>
         <kind>archive</kind>
         <file>rtsv7M4_T_le_v4SPD16_eabi.lib</file>
         <name>autoinit.obj</name>
      </input_file>
      <input_file id="fl-cf">
         <path>/home/david/ti/ccsv7/tools/compiler/ti-cgt-arm_16.9.6.LTS/lib/</path>
         <kind>archive</kind>
         <file>rtsv7M4_T_le_v4SPD16_eabi.lib</file>
         <name>cpy_tbl.obj</name>
      </input_file>
      <input_file id="fl-d0">
         <path>/home/david/ti/ccsv7/tools/compiler/ti-cgt-arm_16.9.6.LTS/lib/</path>
         <kind>archive</kind>
         <file>rtsv7M4_T_le_v4SPD16_eabi.lib</file>
         <name>ctype.obj</name>
      </input_file>
      <input_file id="fl-d1">
         <path>/home/david/ti/ccsv7/tools/compiler/ti-cgt-arm_16.9.6.LTS/lib/</path>
         <kind>archive</kind>
         <file>rtsv7M4_T_le_v4SPD16_eabi.lib</file>
         <name>defs.obj</name>
      </input_file>
      <input_file id="fl-d2">
         <path>/home/david/ti/ccsv7/tools/compiler/ti-cgt-arm_16.9.6.LTS/lib/</path>
         <kind>archive</kind>
         <file>rtsv7M4_T_le_v4SPD16_eabi.lib</file>
         <name>fd_add_t2.obj</name>
      </input_file>
      <input_file id="fl-d3">
         <path>/home/david/ti/ccsv7/tools/compiler/ti-cgt-arm_16.9.6.LTS/lib/</path>
         <kind>archive</kind>
         <file>rtsv7M4_T_le_v4SPD16_eabi.lib</file>
         <name>fd_cmp_t2.obj</name>
      </input_file>
      <input_file id="fl-d4">
         <path>/home/david/ti/ccsv7/tools/compiler/ti-cgt-arm_16.9.6.LTS/lib/</path>
         <kind>archive</kind>
         <file>rtsv7M4_T_le_v4SPD16_eabi.lib</file>
         <name>fd_div_t2.obj</name>
      </input_file>
      <input_file id="fl-d5">
         <path>/home/david/ti/ccsv7/tools/compiler/ti-cgt-arm_16.9.6.LTS/lib/</path>
         <kind>archive</kind>
         <file>rtsv7M4_T_le_v4SPD16_eabi.lib</file>
         <name>fd_mul_t2.obj</name>
      </input_file>
      <input_file id="fl-d6">
         <path>/home/david/ti/ccsv7/tools/compiler/ti-cgt-arm_16.9.6.LTS/lib/</path>
         <kind>archive</kind>
         <file>rtsv7M4_T_le_v4SPD16_eabi.lib</file>
         <name>fd_toi_t2.obj</name>
      </input_file>
      <input_file id="fl-d7">
         <path>/home/david/ti/ccsv7/tools/compiler/ti-cgt-arm_16.9.6.LTS/lib/</path>
         <kind>archive</kind>
         <file>rtsv7M4_T_le_v4SPD16_eabi.lib</file>
         <name>fputc.obj</name>
      </input_file>
      <input_file id="fl-d8">
         <path>/home/david/ti/ccsv7/tools/compiler/ti-cgt-arm_16.9.6.LTS/lib/</path>
         <kind>archive</kind>
         <file>rtsv7M4_T_le_v4SPD16_eabi.lib</file>
         <name>fputs.obj</name>
      </input_file>
      <input_file id="fl-d9">
         <path>/home/david/ti/ccsv7/tools/compiler/ti-cgt-arm_16.9.6.LTS/lib/</path>
         <kind>archive</kind>
         <file>rtsv7M4_T_le_v4SPD16_eabi.lib</file>
         <name>hosttime.obj</name>
      </input_file>
      <input_file id="fl-da">
         <path>/home/david/ti/ccsv7/tools/compiler/ti-cgt-arm_16.9.6.LTS/lib/</path>
         <kind>archive</kind>
         <file>rtsv7M4_T_le_v4SPD16_eabi.lib</file>
         <name>i_tofd_t2.obj</name>
      </input_file>
      <input_file id="fl-db">
         <path>/home/david/ti/ccsv7/tools/compiler/ti-cgt-arm_16.9.6.LTS/lib/</path>
         <kind>archive</kind>
         <file>rtsv7M4_T_le_v4SPD16_eabi.lib</file>
         <name>ltoa.obj</name>
      </input_file>
      <input_file id="fl-dc">
         <path>/home/david/ti/ccsv7/tools/compiler/ti-cgt-arm_16.9.6.LTS/lib/</path>
         <kind>archive</kind>
         <file>rtsv7M4_T_le_v4SPD16_eabi.lib</file>
         <name>memccpy.obj</name>
      </input_file>
      <input_file id="fl-dd">
         <path>/home/david/ti/ccsv7/tools/compiler/ti-cgt-arm_16.9.6.LTS/lib/</path>
         <kind>archive</kind>
         <file>rtsv7M4_T_le_v4SPD16_eabi.lib</file>
         <name>memchr.obj</name>
      </input_file>
      <input_file id="fl-de">
         <path>/home/david/ti/ccsv7/tools/compiler/ti-cgt-arm_16.9.6.LTS/lib/</path>
         <kind>archive</kind>
         <file>rtsv7M4_T_le_v4SPD16_eabi.lib</file>
         <name>s_frexp.obj</name>
      </input_file>
      <input_file id="fl-df">
         <path>/home/david/ti/ccsv7/tools/compiler/ti-cgt-arm_16.9.6.LTS/lib/</path>
         <kind>archive</kind>
         <file>rtsv7M4_T_le_v4SPD16_eabi.lib</file>
         <name>s_scalbn.obj</name>
      </input_file>
      <input_file id="fl-e0">
         <path>/home/david/ti/ccsv7/tools/compiler/ti-cgt-arm_16.9.6.LTS/lib/</path>
         <kind>archive</kind>
         <file>rtsv7M4_T_le_v4SPD16_eabi.lib</file>
         <name>startup.obj</name>
      </input_file>
      <input_file id="fl-e1">
         <path>/home/david/ti/ccsv7/tools/compiler/ti-cgt-arm_16.9.6.LTS/lib/</path>
         <kind>archive</kind>
         <file>rtsv7M4_T_le_v4SPD16_eabi.lib</file>
         <name>strchr.obj</name>
      </input_file>
      <input_file id="fl-e2">
         <path>/home/david/ti/ccsv7/tools/compiler/ti-cgt-arm_16.9.6.LTS/lib/</path>
         <kind>archive</kind>
         <file>rtsv7M4_T_le_v4SPD16_eabi.lib</file>
         <name>strlen.obj</name>
      </input_file>
      <input_file id="fl-e3">
         <path>/home/david/ti/ccsv7/tools/compiler/ti-cgt-arm_16.9.6.LTS/lib/</path>
         <kind>archive</kind>
         <file>rtsv7M4_T_le_v4SPD16_eabi.lib</file>
         <name>trgmsg.obj</name>
      </input_file>
      <input_file id="fl-e4">
         <path>/home/david/ti/ccsv7/tools/compiler/ti-cgt-arm_16.9.6.LTS/lib/</path>
         <kind>archive</kind>
         <file>rtsv7M4_T_le_v4SPD16_eabi.lib</file>
         <name>ull_div_t2.obj</name>
      </input_file>
      <input_file id="fl-e5">
         <path>/home/david/ti/ccsv7/tools/compiler/ti-cgt-arm_16.9.6.LTS/lib/</path>
         <kind>archive</kind>
         <file>rtsv7M4_T_le_v4SPD16_eabi.lib</file>
         <name>write.obj</name>
      </input_file>
      <input_file id="fl-e6">
         <path>/home/david/ti/ccsv7/tools/compiler/ti-cgt-arm_16.9.6.LTS/lib/</path>
         <kind>archive</kind>
         <file>rtsv7M4_T_le_v4SPD16_eabi.lib</file>
         <name>_io_perm.obj</name>
      </input_file>
      <input_file id="fl-e7">
         <path>/home/david/ti/ccsv7/tools/compiler/ti-cgt-arm_16.9.6.LTS/lib/</path>
         <kind>archive</kind>
         <file>rtsv7M4_T_le_v4SPD16_eabi.lib</file>
         <name>errno.obj</name>
      </input_file>
      <input_file id="fl-e8">
         <path>/home/david/ti/ccsv7/tools/compiler/ti-cgt-arm_16.9.6.LTS/lib/</path>
         <kind>archive</kind>
         <file>rtsv7M4_T_le_v4SPD16_eabi.lib</file>
         <name>fflush.obj</name>
      </input_file>
      <input_file id="fl-e9">
         <path>/home/david/ti/ccsv7/tools/compiler/ti-cgt-arm_16.9.6.LTS/lib/</path>
         <kind>archive</kind>
         <file>rtsv7M4_T_le_v4SPD16_eabi.lib</file>
         <name>fseek.obj</name>
      </input_file>
      <input_file id="fl-ea">
         <path>/home/david/ti/ccsv7/tools/compiler/ti-cgt-arm_16.9.6.LTS/lib/</path>
         <kind>archive</kind>
         <file>rtsv7M4_T_le_v4SPD16_eabi.lib</file>
         <name>hostclose.obj</name>
      </input_file>
      <input_file id="fl-eb">
         <path>/home/david/ti/ccsv7/tools/compiler/ti-cgt-arm_16.9.6.LTS/lib/</path>
         <kind>archive</kind>
         <file>rtsv7M4_T_le_v4SPD16_eabi.lib</file>
         <name>hostlseek.obj</name>
      </input_file>
      <input_file id="fl-ec">
         <path>/home/david/ti/ccsv7/tools/compiler/ti-cgt-arm_16.9.6.LTS/lib/</path>
         <kind>archive</kind>
         <file>rtsv7M4_T_le_v4SPD16_eabi.lib</file>
         <name>hostopen.obj</name>
      </input_file>
      <input_file id="fl-ed">
         <path>/home/david/ti/ccsv7/tools/compiler/ti-cgt-arm_16.9.6.LTS/lib/</path>
         <kind>archive</kind>
         <file>rtsv7M4_T_le_v4SPD16_eabi.lib</file>
         <name>hostread.obj</name>
      </input_file>
      <input_file id="fl-ee">
         <path>/home/david/ti/ccsv7/tools/compiler/ti-cgt-arm_16.9.6.LTS/lib/</path>
         <kind>archive</kind>
         <file>rtsv7M4_T_le_v4SPD16_eabi.lib</file>
         <name>hostrename.obj</name>
      </input_file>
      <input_file id="fl-ef">
         <path>/home/david/ti/ccsv7/tools/compiler/ti-cgt-arm_16.9.6.LTS/lib/</path>
         <kind>archive</kind>
         <file>rtsv7M4_T_le_v4SPD16_eabi.lib</file>
         <name>hostunlink.obj</name>
      </input_file>
      <input_file id="fl-f0">
         <path>/home/david/ti/ccsv7/tools/compiler/ti-cgt-arm_16.9.6.LTS/lib/</path>
         <kind>archive</kind>
         <file>rtsv7M4_T_le_v4SPD16_eabi.lib</file>
         <name>hostwrite.obj</name>
      </input_file>
      <input_file id="fl-f1">
         <path>/home/david/ti/ccsv7/tools/compiler/ti-cgt-arm_16.9.6.LTS/lib/</path>
         <kind>archive</kind>
         <file>rtsv7M4_T_le_v4SPD16_eabi.lib</file>
         <name>lseek.obj</name>
      </input_file>
      <input_file id="fl-f2">
         <path>/home/david/ti/ccsv7/tools/compiler/ti-cgt-arm_16.9.6.LTS/lib/</path>
         <kind>archive</kind>
         <file>rtsv7M4_T_le_v4SPD16_eabi.lib</file>
         <name>s_copysign.obj</name>
      </input_file>
      <input_file id="fl-f3">
         <path>/home/david/ti/ccsv7/tools/compiler/ti-cgt-arm_16.9.6.LTS/lib/</path>
         <kind>archive</kind>
         <file>rtsv7M4_T_le_v4SPD16_eabi.lib</file>
         <name>setvbuf.obj</name>
      </input_file>
      <input_file id="fl-f4">
         <path>/home/david/ti/ccsv7/tools/compiler/ti-cgt-arm_16.9.6.LTS/lib/</path>
         <kind>archive</kind>
         <file>rtsv7M4_T_le_v4SPD16_eabi.lib</file>
         <name>strcpy.obj</name>
      </input_file>
      <input_file id="fl-f5">
         <path>/home/david/ti/ccsv7/tools/compiler/ti-cgt-arm_16.9.6.LTS/lib/</path>
         <kind>archive</kind>
         <file>rtsv7M4_T_le_v4SPD16_eabi.lib</file>
         <name>fopen.obj</name>
      </input_file>
      <input_file id="fl-f6">
         <path>/home/david/ti/ccsv7/tools/compiler/ti-cgt-arm_16.9.6.LTS/lib/</path>
         <kind>archive</kind>
         <file>rtsv7M4_T_le_v4SPD16_eabi.lib</file>
         <name>memory.obj</name>
      </input_file>
      <input_file id="fl-f7">
         <path>/home/david/ti/ccsv7/tools/compiler/ti-cgt-arm_16.9.6.LTS/lib/</path>
         <kind>archive</kind>
         <file>rtsv7M4_T_le_v4SPD16_eabi.lib</file>
         <name>open.obj</name>
      </input_file>
      <input_file id="fl-f8">
         <path>/home/david/ti/ccsv7/tools/compiler/ti-cgt-arm_16.9.6.LTS/lib/</path>
         <kind>archive</kind>
         <file>rtsv7M4_T_le_v4SPD16_eabi.lib</file>
         <name>fclose.obj</name>
      </input_file>
      <input_file id="fl-f9">
         <path>/home/david/ti/ccsv7/tools/compiler/ti-cgt-arm_16.9.6.LTS/lib/</path>
         <kind>archive</kind>
         <file>rtsv7M4_T_le_v4SPD16_eabi.lib</file>
         <name>getdevice.obj</name>
      </input_file>
      <input_file id="fl-fa">
         <path>/home/david/ti/ccsv7/tools/compiler/ti-cgt-arm_16.9.6.LTS/lib/</path>
         <kind>archive</kind>
         <file>rtsv7M4_T_le_v4SPD16_eabi.lib</file>
         <name>remove.obj</name>
      </input_file>
      <input_file id="fl-fb">
         <path>/home/david/ti/ccsv7/tools/compiler/ti-cgt-arm_16.9.6.LTS/lib/</path>
         <kind>archive</kind>
         <file>rtsv7M4_T_le_v4SPD16_eabi.lib</file>
         <name>strcmp.obj</name>
      </input_file>
      <input_file id="fl-fc">
         <path>/home/david/ti/ccsv7/tools/compiler/ti-cgt-arm_16.9.6.LTS/lib/</path>
         <kind>archive</kind>
         <file>rtsv7M4_T_le_v4SPD16_eabi.lib</file>
         <name>strncpy.obj</name>
      </input_file>
      <input_file id="fl-fd">
         <path>/home/david/ti/ccsv7/tools/compiler/ti-cgt-arm_16.9.6.LTS/lib/</path>
         <kind>archive</kind>
         <file>rtsv7M4_T_le_v4SPD16_eabi.lib</file>
         <name>unlink.obj</name>
      </input_file>
      <input_file id="fl-fe">
         <path>/home/david/ti/ccsv7/tools/compiler/ti-cgt-arm_16.9.6.LTS/lib/</path>
         <kind>archive</kind>
         <file>rtsv7M4_T_le_v4SPD16_eabi.lib</file>
         <name>close.obj</name>
      </input_file>
   </input_file_list>
   <object_component_list>
      <object_component id="oc-2c">
         <name>.intvecs:retain</name>
         <load_address>0x0</load_address>
         <run_address>0x0</run_address>
         <size>0xe4</size>
         <input_file_ref idref="fl-3"/>
      </object_component>
      <object_component id="oc-128">
         <name>.text</name>
         <load_address>0xe4</load_address>
         <run_address>0xe4</run_address>
         <size>0x113e</size>
         <input_file_ref idref="fl-cb"/>
      </object_component>
      <object_component id="oc-56">
         <name>.text</name>
         <load_address>0x1222</load_address>
         <run_address>0x1222</run_address>
         <size>0x2</size>
         <input_file_ref idref="fl-c5"/>
      </object_component>
      <object_component id="oc-253">
         <name>.text</name>
         <load_address>0x1224</load_address>
         <run_address>0x1224</run_address>
         <size>0x3d0</size>
         <input_file_ref idref="fl-f6"/>
      </object_component>
      <object_component id="oc-be">
         <name>.text</name>
         <load_address>0x15f4</load_address>
         <run_address>0x15f4</run_address>
         <size>0x334</size>
         <input_file_ref idref="fl-4"/>
      </object_component>
      <object_component id="oc-17d">
         <name>.text</name>
         <load_address>0x1928</load_address>
         <run_address>0x1928</run_address>
         <size>0x1f4</size>
         <input_file_ref idref="fl-e4"/>
      </object_component>
      <object_component id="oc-259">
         <name>.text</name>
         <load_address>0x1b1c</load_address>
         <run_address>0x1b1c</run_address>
         <size>0x1c4</size>
         <input_file_ref idref="fl-f5"/>
      </object_component>
      <object_component id="oc-1a6">
         <name>.text</name>
         <load_address>0x1ce0</load_address>
         <run_address>0x1ce0</run_address>
         <size>0x1b6</size>
         <input_file_ref idref="fl-d2"/>
      </object_component>
      <object_component id="oc-18c">
         <name>.text</name>
         <load_address>0x1e96</load_address>
         <run_address>0x1e96</run_address>
         <size>0x136</size>
         <input_file_ref idref="fl-d4"/>
      </object_component>
      <object_component id="oc-122">
         <name>.text</name>
         <load_address>0x1fcc</load_address>
         <run_address>0x1fcc</run_address>
         <size>0x134</size>
         <input_file_ref idref="fl-d8"/>
      </object_component>
      <object_component id="oc-ab">
         <name>.text</name>
         <load_address>0x2100</load_address>
         <run_address>0x2100</run_address>
         <size>0x124</size>
         <input_file_ref idref="fl-2"/>
      </object_component>
      <object_component id="oc-187">
         <name>.text</name>
         <load_address>0x2224</load_address>
         <run_address>0x2224</run_address>
         <size>0xfc</size>
         <input_file_ref idref="fl-d5"/>
      </object_component>
      <object_component id="oc-1b1">
         <name>.text</name>
         <load_address>0x2320</load_address>
         <run_address>0x2320</run_address>
         <size>0xfc</size>
         <input_file_ref idref="fl-df"/>
      </object_component>
      <object_component id="oc-1fc">
         <name>.text</name>
         <load_address>0x241c</load_address>
         <run_address>0x241c</run_address>
         <size>0xdc</size>
         <input_file_ref idref="fl-f3"/>
      </object_component>
      <object_component id="oc-161">
         <name>.text</name>
         <load_address>0x24f8</load_address>
         <run_address>0x24f8</run_address>
         <size>0xc8</size>
         <input_file_ref idref="fl-e8"/>
      </object_component>
      <object_component id="oc-29f">
         <name>.text</name>
         <load_address>0x25c0</load_address>
         <run_address>0x25c0</run_address>
         <size>0xbc</size>
         <input_file_ref idref="fl-f7"/>
      </object_component>
      <object_component id="oc-15b">
         <name>.text</name>
         <load_address>0x267c</load_address>
         <run_address>0x267c</run_address>
         <size>0xac</size>
         <input_file_ref idref="fl-e6"/>
      </object_component>
      <object_component id="oc-3e">
         <name>.text</name>
         <load_address>0x2728</load_address>
         <run_address>0x2728</run_address>
         <size>0x9c</size>
         <input_file_ref idref="fl-c3"/>
      </object_component>
      <object_component id="oc-2a5">
         <name>.text</name>
         <load_address>0x27c4</load_address>
         <run_address>0x27c4</run_address>
         <size>0x98</size>
         <input_file_ref idref="fl-f8"/>
      </object_component>
      <object_component id="oc-11c">
         <name>.text</name>
         <load_address>0x285c</load_address>
         <run_address>0x285c</run_address>
         <size>0x98</size>
         <input_file_ref idref="fl-d7"/>
      </object_component>
      <object_component id="oc-138">
         <name>.text</name>
         <load_address>0x28f4</load_address>
         <run_address>0x28f4</run_address>
         <size>0x98</size>
         <input_file_ref idref="fl-d9"/>
      </object_component>
      <object_component id="oc-182">
         <name>.text:__aeabi_cdcmple</name>
         <load_address>0x298c</load_address>
         <run_address>0x298c</run_address>
         <size>0x86</size>
         <input_file_ref idref="fl-d3"/>
      </object_component>
      <object_component id="oc-191">
         <name>.text:__aeabi_cdrcmple</name>
         <load_address>0x2a12</load_address>
         <run_address>0x2a12</run_address>
         <size>0x86</size>
         <input_file_ref idref="fl-d3"/>
      </object_component>
      <object_component id="oc-4a">
         <name>.text</name>
         <load_address>0x2a98</load_address>
         <run_address>0x2a98</run_address>
         <size>0x7a</size>
         <input_file_ref idref="fl-c4"/>
      </object_component>
      <object_component id="oc-a3">
         <name>.text</name>
         <load_address>0x2b12</load_address>
         <run_address>0x2b12</run_address>
         <size>0x2</size>
         <input_file_ref idref="fl-e0"/>
      </object_component>
      <object_component id="oc-62">
         <name>.text</name>
         <load_address>0x2b14</load_address>
         <run_address>0x2b14</run_address>
         <size>0x70</size>
         <input_file_ref idref="fl-ce"/>
      </object_component>
      <object_component id="oc-2e2">
         <name>.text</name>
         <load_address>0x2b84</load_address>
         <run_address>0x2b84</run_address>
         <size>0x70</size>
         <input_file_ref idref="fl-f9"/>
      </object_component>
      <object_component id="oc-e4">
         <name>.text</name>
         <load_address>0x2bf4</load_address>
         <run_address>0x2bf4</run_address>
         <size>0x70</size>
         <input_file_ref idref="fl-c7"/>
      </object_component>
      <object_component id="oc-14">
         <name>.text:decompress:lzss</name>
         <load_address>0x2c64</load_address>
         <run_address>0x2c64</run_address>
         <size>0x68</size>
         <input_file_ref idref="fl-bf"/>
      </object_component>
      <object_component id="oc-2c8">
         <name>.text</name>
         <load_address>0x2ccc</load_address>
         <run_address>0x2ccc</run_address>
         <size>0x68</size>
         <input_file_ref idref="fl-eb"/>
      </object_component>
      <object_component id="oc-2d4">
         <name>.text</name>
         <load_address>0x2d34</load_address>
         <run_address>0x2d34</run_address>
         <size>0x68</size>
         <input_file_ref idref="fl-ee"/>
      </object_component>
      <object_component id="oc-1e5">
         <name>.text</name>
         <load_address>0x2d9c</load_address>
         <run_address>0x2d9c</run_address>
         <size>0x68</size>
         <input_file_ref idref="fl-e3"/>
      </object_component>
      <object_component id="oc-1f6">
         <name>.text</name>
         <load_address>0x2e04</load_address>
         <run_address>0x2e04</run_address>
         <size>0x64</size>
         <input_file_ref idref="fl-e9"/>
      </object_component>
      <object_component id="oc-1ab">
         <name>.text</name>
         <load_address>0x2e68</load_address>
         <run_address>0x2e68</run_address>
         <size>0x64</size>
         <input_file_ref idref="fl-de"/>
      </object_component>
      <object_component id="oc-2b0">
         <name>.text</name>
         <load_address>0x2ecc</load_address>
         <run_address>0x2ecc</run_address>
         <size>0x60</size>
         <input_file_ref idref="fl-ec"/>
      </object_component>
      <object_component id="oc-2eb">
         <name>.text</name>
         <load_address>0x2f2c</load_address>
         <run_address>0x2f2c</run_address>
         <size>0x5c</size>
         <input_file_ref idref="fl-fe"/>
      </object_component>
      <object_component id="oc-2bc">
         <name>.text</name>
         <load_address>0x2f88</load_address>
         <run_address>0x2f88</run_address>
         <size>0x58</size>
         <input_file_ref idref="fl-ed"/>
      </object_component>
      <object_component id="oc-2c2">
         <name>.text</name>
         <load_address>0x2fe0</load_address>
         <run_address>0x2fe0</run_address>
         <size>0x58</size>
         <input_file_ref idref="fl-f0"/>
      </object_component>
      <object_component id="oc-26">
         <name>.text</name>
         <load_address>0x3038</load_address>
         <run_address>0x3038</run_address>
         <size>0x54</size>
         <input_file_ref idref="fl-be"/>
      </object_component>
      <object_component id="oc-6e">
         <name>.text</name>
         <load_address>0x308c</load_address>
         <run_address>0x308c</run_address>
         <size>0x54</size>
         <input_file_ref idref="fl-c2"/>
      </object_component>
      <object_component id="oc-19b">
         <name>.text</name>
         <load_address>0x30e0</load_address>
         <run_address>0x30e0</run_address>
         <size>0x54</size>
         <input_file_ref idref="fl-db"/>
      </object_component>
      <object_component id="oc-1bd">
         <name>.text</name>
         <load_address>0x3134</load_address>
         <run_address>0x3134</run_address>
         <size>0x4c</size>
         <input_file_ref idref="fl-cd"/>
      </object_component>
      <object_component id="oc-9d">
         <name>.text</name>
         <load_address>0x3180</load_address>
         <run_address>0x3180</run_address>
         <size>0x4c</size>
         <input_file_ref idref="fl-cf"/>
      </object_component>
      <object_component id="oc-196">
         <name>.text</name>
         <load_address>0x31cc</load_address>
         <run_address>0x31cc</run_address>
         <size>0x48</size>
         <input_file_ref idref="fl-d6"/>
      </object_component>
      <object_component id="oc-2b6">
         <name>.text</name>
         <load_address>0x3214</load_address>
         <run_address>0x3214</run_address>
         <size>0x44</size>
         <input_file_ref idref="fl-ea"/>
      </object_component>
      <object_component id="oc-2ce">
         <name>.text</name>
         <load_address>0x3258</load_address>
         <run_address>0x3258</run_address>
         <size>0x44</size>
         <input_file_ref idref="fl-ef"/>
      </object_component>
      <object_component id="oc-315">
         <name>.text</name>
         <load_address>0x329c</load_address>
         <run_address>0x329c</run_address>
         <size>0x36</size>
         <input_file_ref idref="fl-fc"/>
      </object_component>
      <object_component id="oc-1a1">
         <name>.text</name>
         <load_address>0x32d2</load_address>
         <run_address>0x32d2</run_address>
         <size>0x2e</size>
         <input_file_ref idref="fl-da"/>
      </object_component>
      <object_component id="oc-2f1">
         <name>.text</name>
         <load_address>0x3300</load_address>
         <run_address>0x3300</run_address>
         <size>0x2c</size>
         <input_file_ref idref="fl-fd"/>
      </object_component>
      <object_component id="oc-24b">
         <name>.text</name>
         <load_address>0x332c</load_address>
         <run_address>0x332c</run_address>
         <size>0x28</size>
         <input_file_ref idref="fl-f1"/>
      </object_component>
      <object_component id="oc-167">
         <name>.text</name>
         <load_address>0x3354</load_address>
         <run_address>0x3354</run_address>
         <size>0x28</size>
         <input_file_ref idref="fl-e5"/>
      </object_component>
      <object_component id="oc-175">
         <name>.text</name>
         <load_address>0x337c</load_address>
         <run_address>0x337c</run_address>
         <size>0x20</size>
         <input_file_ref idref="fl-dd"/>
      </object_component>
      <object_component id="oc-1c3">
         <name>.text</name>
         <load_address>0x339c</load_address>
         <run_address>0x339c</run_address>
         <size>0x1c</size>
         <input_file_ref idref="fl-dc"/>
      </object_component>
      <object_component id="oc-68">
         <name>.text</name>
         <load_address>0x33b8</load_address>
         <run_address>0x33b8</run_address>
         <size>0x18</size>
         <input_file_ref idref="fl-cc"/>
      </object_component>
      <object_component id="oc-30f">
         <name>.text</name>
         <load_address>0x33d0</load_address>
         <run_address>0x33d0</run_address>
         <size>0x18</size>
         <input_file_ref idref="fl-fb"/>
      </object_component>
      <object_component id="oc-1b7">
         <name>.text</name>
         <load_address>0x33e8</load_address>
         <run_address>0x33e8</run_address>
         <size>0x16</size>
         <input_file_ref idref="fl-e1"/>
      </object_component>
      <object_component id="oc-100">
         <name>.text</name>
         <load_address>0x3400</load_address>
         <run_address>0x3400</run_address>
         <size>0x14</size>
         <input_file_ref idref="fl-ca"/>
      </object_component>
      <object_component id="oc-227">
         <name>.text</name>
         <load_address>0x3414</load_address>
         <run_address>0x3414</run_address>
         <size>0x14</size>
         <input_file_ref idref="fl-f2"/>
      </object_component>
      <object_component id="oc-307">
         <name>.text</name>
         <load_address>0x3428</load_address>
         <run_address>0x3428</run_address>
         <size>0x14</size>
         <input_file_ref idref="fl-f4"/>
      </object_component>
      <object_component id="oc-16f">
         <name>.text</name>
         <load_address>0x343c</load_address>
         <run_address>0x343c</run_address>
         <size>0x14</size>
         <input_file_ref idref="fl-e2"/>
      </object_component>
      <object_component id="oc-1a">
         <name>.text:decompress:none</name>
         <load_address>0x3450</load_address>
         <run_address>0x3450</run_address>
         <size>0xe</size>
         <input_file_ref idref="fl-c0"/>
      </object_component>
      <object_component id="oc-ea">
         <name>.text</name>
         <load_address>0x345e</load_address>
         <run_address>0x345e</run_address>
         <size>0xe</size>
         <input_file_ref idref="fl-c9"/>
      </object_component>
      <object_component id="oc-78">
         <name>.text</name>
         <load_address>0x346c</load_address>
         <run_address>0x346c</run_address>
         <size>0xe</size>
         <input_file_ref idref="fl-3"/>
      </object_component>
      <object_component id="oc-20">
         <name>.text:decompress:ZI</name>
         <load_address>0x347a</load_address>
         <run_address>0x347a</run_address>
         <size>0xc</size>
         <input_file_ref idref="fl-c1"/>
      </object_component>
      <object_component id="oc-5c">
         <name>.text</name>
         <load_address>0x3486</load_address>
         <run_address>0x3486</run_address>
         <size>0x4</size>
         <input_file_ref idref="fl-c6"/>
      </object_component>
      <object_component id="oc-234">
         <name>.const:.string:_ctypes_</name>
         <load_address>0x348a</load_address>
         <run_address>0x348a</run_address>
         <size>0x101</size>
         <input_file_ref idref="fl-d0"/>
      </object_component>
      <object_component id="oc-36f">
         <name>.cinit..data.load</name>
         <load_address>0x3590</load_address>
         <run_address>0x3590</run_address>
         <size>0x71</size>
      </object_component>
      <object_component id="oc-36d">
         <name>__TI_handler_table</name>
         <load_address>0x3604</load_address>
         <run_address>0x3604</run_address>
         <size>0xc</size>
      </object_component>
      <object_component id="oc-370">
         <name>.cinit..bss.load</name>
         <load_address>0x3610</load_address>
         <run_address>0x3610</run_address>
         <size>0x8</size>
      </object_component>
      <object_component id="oc-36e">
         <name>__TI_cinit_table</name>
         <load_address>0x3618</load_address>
         <run_address>0x3618</run_address>
         <size>0x10</size>
      </object_component>
      <object_component id="oc-34a">
         <name>.binit</name>
         <load_address>0x0</load_address>
         <run_address>0x0</run_address>
         <size>0x0</size>
      </object_component>
      <object_component id="oc-10c">
         <name>.data</name>
         <load_address>0x200005f8</load_address>
         <run_address>0x200005f8</run_address>
         <size>0x4</size>
         <input_file_ref idref="fl-4"/>
      </object_component>
      <object_component id="oc-b3">
         <name>.data:$O1$$</name>
         <load_address>0x200005c8</load_address>
         <run_address>0x200005c8</run_address>
         <size>0xc</size>
         <input_file_ref idref="fl-c2"/>
      </object_component>
      <object_component id="oc-74">
         <name>.data</name>
         <load_address>0x200005f4</load_address>
         <run_address>0x200005f4</run_address>
         <size>0x4</size>
         <input_file_ref idref="fl-c8"/>
      </object_component>
      <object_component id="oc-b6">
         <name>.data:$O1$$</name>
         <load_address>0x200005e0</load_address>
         <run_address>0x200005e0</run_address>
         <size>0x8</size>
         <input_file_ref idref="fl-ca"/>
      </object_component>
      <object_component id="oc-12e">
         <name>.data:_ftable</name>
         <load_address>0x20000400</load_address>
         <run_address>0x20000400</run_address>
         <size>0xf0</size>
         <input_file_ref idref="fl-d1"/>
      </object_component>
      <object_component id="oc-204">
         <name>.data</name>
         <load_address>0x200005b8</load_address>
         <run_address>0x200005b8</run_address>
         <size>0x10</size>
         <input_file_ref idref="fl-d1"/>
      </object_component>
      <object_component id="oc-26c">
         <name>.data:_device</name>
         <load_address>0x200004f0</load_address>
         <run_address>0x200004f0</run_address>
         <size>0x78</size>
         <input_file_ref idref="fl-e5"/>
      </object_component>
      <object_component id="oc-209">
         <name>.data:_stream</name>
         <load_address>0x20000568</load_address>
         <run_address>0x20000568</run_address>
         <size>0x50</size>
         <input_file_ref idref="fl-e5"/>
      </object_component>
      <object_component id="oc-22d">
         <name>.data</name>
         <load_address>0x200005e8</load_address>
         <run_address>0x200005e8</run_address>
         <size>0x4</size>
         <input_file_ref idref="fl-e7"/>
      </object_component>
      <object_component id="oc-2ab">
         <name>.data</name>
         <load_address>0x200005ec</load_address>
         <run_address>0x200005ec</run_address>
         <size>0x4</size>
         <input_file_ref idref="fl-f5"/>
      </object_component>
      <object_component id="oc-29b">
         <name>.data:$O1$$</name>
         <load_address>0x200005d4</load_address>
         <run_address>0x200005d4</run_address>
         <size>0xc</size>
         <input_file_ref idref="fl-f6"/>
      </object_component>
      <object_component id="oc-2e8">
         <name>.data</name>
         <load_address>0x200005f0</load_address>
         <run_address>0x200005f0</run_address>
         <size>0x4</size>
         <input_file_ref idref="fl-f7"/>
      </object_component>
      <object_component id="oc-244">
         <name>.bss:_CIOBUF_</name>
         <uninitialized>true</uninitialized>
         <run_address>0x200005fc</run_address>
         <size>0x120</size>
         <input_file_ref idref="fl-e3"/>
      </object_component>
      <object_component id="oc-2f7">
         <name>.common:__TI_tmpnams</name>
         <uninitialized>true</uninitialized>
         <run_address>0x2000071c</run_address>
         <size>0xa0</size>
      </object_component>
      <object_component id="oc-1eb">
         <name>.common:parmbuf</name>
         <uninitialized>true</uninitialized>
         <run_address>0x200007bc</run_address>
         <size>0x8</size>
      </object_component>
      <object_component id="oc-30">
         <name>.sysmem</name>
         <uninitialized>true</uninitialized>
         <run_address>0x20000000</run_address>
         <size>0x8</size>
         <input_file_ref idref="fl-f6"/>
      </object_component>
      <object_component id="oc-372">
         <name>.sysmem</name>
         <uninitialized>true</uninitialized>
         <run_address>0x20000000</run_address>
         <size>0x0</size>
      </object_component>
      <object_component id="oc-2f">
         <name>.stack</name>
         <uninitialized>true</uninitialized>
         <run_address>0x2000fe00</run_address>
         <size>0x0</size>
         <input_file_ref idref="fl-be"/>
      </object_component>
      <object_component id="oc-371">
         <name>.stack</name>
         <uninitialized>true</uninitialized>
         <run_address>0x2000fe00</run_address>
         <size>0x0</size>
      </object_component>
      <object_component id="oc-f1">
         <name>.debug_info</name>
         <load_address>0x0</load_address>
         <run_address>0x0</run_address>
         <size>0x59b</size>
         <input_file_ref idref="fl-2"/>
      </object_component>
      <object_component id="oc-ac">
         <name>.debug_info</name>
         <load_address>0x59b</load_address>
         <run_address>0x59b</run_address>
         <size>0x3fb</size>
         <input_file_ref idref="fl-2"/>
      </object_component>
      <object_component id="oc-147">
         <name>.debug_info</name>
         <load_address>0x996</load_address>
         <run_address>0x996</run_address>
         <size>0x37e2</size>
         <input_file_ref idref="fl-2"/>
      </object_component>
      <object_component id="oc-14c">
         <name>.debug_info</name>
         <load_address>0x4178</load_address>
         <run_address>0x4178</run_address>
         <size>0x1055</size>
         <input_file_ref idref="fl-2"/>
      </object_component>
      <object_component id="oc-151">
         <name>.debug_info</name>
         <load_address>0x51cd</load_address>
         <run_address>0x51cd</run_address>
         <size>0x189</size>
         <input_file_ref idref="fl-2"/>
      </object_component>
      <object_component id="oc-39">
         <name>.debug_info</name>
         <load_address>0x5356</load_address>
         <run_address>0x5356</run_address>
         <size>0x84</size>
         <input_file_ref idref="fl-2"/>
      </object_component>
      <object_component id="oc-f2">
         <name>.debug_info</name>
         <load_address>0x53da</load_address>
         <run_address>0x53da</run_address>
         <size>0x18b</size>
         <input_file_ref idref="fl-2"/>
      </object_component>
      <object_component id="oc-133">
         <name>.debug_info</name>
         <load_address>0x5565</load_address>
         <run_address>0x5565</run_address>
         <size>0x4e</size>
         <input_file_ref idref="fl-2"/>
      </object_component>
      <object_component id="oc-80">
         <name>.debug_info</name>
         <load_address>0x55b3</load_address>
         <run_address>0x55b3</run_address>
         <size>0x2c9</size>
         <input_file_ref idref="fl-3"/>
      </object_component>
      <object_component id="oc-2d">
         <name>.debug_info</name>
         <load_address>0x587c</load_address>
         <run_address>0x587c</run_address>
         <size>0x107</size>
         <input_file_ref idref="fl-3"/>
      </object_component>
      <object_component id="oc-79">
         <name>.debug_info</name>
         <load_address>0x5983</load_address>
         <run_address>0x5983</run_address>
         <size>0x1ce</size>
         <input_file_ref idref="fl-3"/>
      </object_component>
      <object_component id="oc-10d">
         <name>.debug_info</name>
         <load_address>0x5b51</load_address>
         <run_address>0x5b51</run_address>
         <size>0x100</size>
         <input_file_ref idref="fl-4"/>
      </object_component>
      <object_component id="oc-bf">
         <name>.debug_info</name>
         <load_address>0x5c51</load_address>
         <run_address>0x5c51</run_address>
         <size>0x272</size>
         <input_file_ref idref="fl-4"/>
      </object_component>
      <object_component id="oc-27">
         <name>.debug_info</name>
         <load_address>0x5ec3</load_address>
         <run_address>0x5ec3</run_address>
         <size>0x160</size>
         <input_file_ref idref="fl-be"/>
      </object_component>
      <object_component id="oc-8a">
         <name>.debug_info</name>
         <load_address>0x6023</load_address>
         <run_address>0x6023</run_address>
         <size>0x293</size>
         <input_file_ref idref="fl-bf"/>
      </object_component>
      <object_component id="oc-15">
         <name>.debug_info</name>
         <load_address>0x62b6</load_address>
         <run_address>0x62b6</run_address>
         <size>0x245</size>
         <input_file_ref idref="fl-bf"/>
      </object_component>
      <object_component id="oc-34">
         <name>.debug_info</name>
         <load_address>0x64fb</load_address>
         <run_address>0x64fb</run_address>
         <size>0x60</size>
         <input_file_ref idref="fl-bf"/>
      </object_component>
      <object_component id="oc-85">
         <name>.debug_info</name>
         <load_address>0x655b</load_address>
         <run_address>0x655b</run_address>
         <size>0x46</size>
         <input_file_ref idref="fl-bf"/>
      </object_component>
      <object_component id="oc-49">
         <name>.debug_info</name>
         <load_address>0x65a1</load_address>
         <run_address>0x65a1</run_address>
         <size>0x2da</size>
         <input_file_ref idref="fl-c0"/>
      </object_component>
      <object_component id="oc-1b">
         <name>.debug_info</name>
         <load_address>0x687b</load_address>
         <run_address>0x687b</run_address>
         <size>0x1df</size>
         <input_file_ref idref="fl-c0"/>
      </object_component>
      <object_component id="oc-44">
         <name>.debug_info</name>
         <load_address>0x6a5a</load_address>
         <run_address>0x6a5a</run_address>
         <size>0x46</size>
         <input_file_ref idref="fl-c0"/>
      </object_component>
      <object_component id="oc-8c">
         <name>.debug_info</name>
         <load_address>0x6aa0</load_address>
         <run_address>0x6aa0</run_address>
         <size>0x2c</size>
         <input_file_ref idref="fl-c0"/>
      </object_component>
      <object_component id="oc-55">
         <name>.debug_info</name>
         <load_address>0x6acc</load_address>
         <run_address>0x6acc</run_address>
         <size>0x2c9</size>
         <input_file_ref idref="fl-c1"/>
      </object_component>
      <object_component id="oc-21">
         <name>.debug_info</name>
         <load_address>0x6d95</load_address>
         <run_address>0x6d95</run_address>
         <size>0x1aa</size>
         <input_file_ref idref="fl-c1"/>
      </object_component>
      <object_component id="oc-50">
         <name>.debug_info</name>
         <load_address>0x6f3f</load_address>
         <run_address>0x6f3f</run_address>
         <size>0x46</size>
         <input_file_ref idref="fl-c1"/>
      </object_component>
      <object_component id="oc-94">
         <name>.debug_info</name>
         <load_address>0x6f85</load_address>
         <run_address>0x6f85</run_address>
         <size>0x2c</size>
         <input_file_ref idref="fl-c1"/>
      </object_component>
      <object_component id="oc-ba">
         <name>.debug_info</name>
         <load_address>0x6fb1</load_address>
         <run_address>0x6fb1</run_address>
         <size>0x3ce</size>
         <input_file_ref idref="fl-c2"/>
      </object_component>
      <object_component id="oc-b4">
         <name>.debug_info</name>
         <load_address>0x737f</load_address>
         <run_address>0x737f</run_address>
         <size>0x185</size>
         <input_file_ref idref="fl-c2"/>
      </object_component>
      <object_component id="oc-6f">
         <name>.debug_info</name>
         <load_address>0x7504</load_address>
         <run_address>0x7504</run_address>
         <size>0x214</size>
         <input_file_ref idref="fl-c2"/>
      </object_component>
      <object_component id="oc-3f">
         <name>.debug_info</name>
         <load_address>0x7718</load_address>
         <run_address>0x7718</run_address>
         <size>0x111</size>
         <input_file_ref idref="fl-c3"/>
      </object_component>
      <object_component id="oc-4b">
         <name>.debug_info</name>
         <load_address>0x7829</load_address>
         <run_address>0x7829</run_address>
         <size>0x13f</size>
         <input_file_ref idref="fl-c4"/>
      </object_component>
      <object_component id="oc-57">
         <name>.debug_info</name>
         <load_address>0x7968</load_address>
         <run_address>0x7968</run_address>
         <size>0x138</size>
         <input_file_ref idref="fl-c5"/>
      </object_component>
      <object_component id="oc-5d">
         <name>.debug_info</name>
         <load_address>0x7aa0</load_address>
         <run_address>0x7aa0</run_address>
         <size>0x148</size>
         <input_file_ref idref="fl-c6"/>
      </object_component>
      <object_component id="oc-132">
         <name>.debug_info</name>
         <load_address>0x7be8</load_address>
         <run_address>0x7be8</run_address>
         <size>0x3c6</size>
         <input_file_ref idref="fl-c7"/>
      </object_component>
      <object_component id="oc-e5">
         <name>.debug_info</name>
         <load_address>0x7fae</load_address>
         <run_address>0x7fae</run_address>
         <size>0x284</size>
         <input_file_ref idref="fl-c7"/>
      </object_component>
      <object_component id="oc-1e0">
         <name>.debug_info</name>
         <load_address>0x8232</load_address>
         <run_address>0x8232</run_address>
         <size>0xae</size>
         <input_file_ref idref="fl-c7"/>
      </object_component>
      <object_component id="oc-75">
         <name>.debug_info</name>
         <load_address>0x82e0</load_address>
         <run_address>0x82e0</run_address>
         <size>0x109</size>
         <input_file_ref idref="fl-c8"/>
      </object_component>
      <object_component id="oc-144">
         <name>.debug_info</name>
         <load_address>0x83e9</load_address>
         <run_address>0x83e9</run_address>
         <size>0x299</size>
         <input_file_ref idref="fl-c9"/>
      </object_component>
      <object_component id="oc-eb">
         <name>.debug_info</name>
         <load_address>0x8682</load_address>
         <run_address>0x8682</run_address>
         <size>0x176</size>
         <input_file_ref idref="fl-c9"/>
      </object_component>
      <object_component id="oc-13f">
         <name>.debug_info</name>
         <load_address>0x87f8</load_address>
         <run_address>0x87f8</run_address>
         <size>0x39</size>
         <input_file_ref idref="fl-c9"/>
      </object_component>
      <object_component id="oc-108">
         <name>.debug_info</name>
         <load_address>0x8831</load_address>
         <run_address>0x8831</run_address>
         <size>0x2be</size>
         <input_file_ref idref="fl-ca"/>
      </object_component>
      <object_component id="oc-b7">
         <name>.debug_info</name>
         <load_address>0x8aef</load_address>
         <run_address>0x8aef</run_address>
         <size>0x113</size>
         <input_file_ref idref="fl-ca"/>
      </object_component>
      <object_component id="oc-101">
         <name>.debug_info</name>
         <load_address>0x8c02</load_address>
         <run_address>0x8c02</run_address>
         <size>0x21f</size>
         <input_file_ref idref="fl-ca"/>
      </object_component>
      <object_component id="oc-1ca">
         <name>.debug_info</name>
         <load_address>0x8e21</load_address>
         <run_address>0x8e21</run_address>
         <size>0x51f</size>
         <input_file_ref idref="fl-cb"/>
      </object_component>
      <object_component id="oc-129">
         <name>.debug_info</name>
         <load_address>0x9340</load_address>
         <run_address>0x9340</run_address>
         <size>0x1543</size>
         <input_file_ref idref="fl-cb"/>
      </object_component>
      <object_component id="oc-1cb">
         <name>.debug_info</name>
         <load_address>0xa883</load_address>
         <run_address>0xa883</run_address>
         <size>0x86</size>
         <input_file_ref idref="fl-cb"/>
      </object_component>
      <object_component id="oc-1d5">
         <name>.debug_info</name>
         <load_address>0xa909</load_address>
         <run_address>0xa909</run_address>
         <size>0x2c</size>
         <input_file_ref idref="fl-cb"/>
      </object_component>
      <object_component id="oc-23d">
         <name>.debug_info</name>
         <load_address>0xa935</load_address>
         <run_address>0xa935</run_address>
         <size>0x46</size>
         <input_file_ref idref="fl-cb"/>
      </object_component>
      <object_component id="oc-1d0">
         <name>.debug_info</name>
         <load_address>0xa97b</load_address>
         <run_address>0xa97b</run_address>
         <size>0x39</size>
         <input_file_ref idref="fl-cb"/>
      </object_component>
      <object_component id="oc-b2">
         <name>.debug_info</name>
         <load_address>0xa9b4</load_address>
         <run_address>0xa9b4</run_address>
         <size>0x300</size>
         <input_file_ref idref="fl-cc"/>
      </object_component>
      <object_component id="oc-69">
         <name>.debug_info</name>
         <load_address>0xacb4</load_address>
         <run_address>0xacb4</run_address>
         <size>0x167</size>
         <input_file_ref idref="fl-cc"/>
      </object_component>
      <object_component id="oc-f9">
         <name>.debug_info</name>
         <load_address>0xae1b</load_address>
         <run_address>0xae1b</run_address>
         <size>0x5e</size>
         <input_file_ref idref="fl-cc"/>
      </object_component>
      <object_component id="oc-238">
         <name>.debug_info</name>
         <load_address>0xae79</load_address>
         <run_address>0xae79</run_address>
         <size>0x2ae</size>
         <input_file_ref idref="fl-cd"/>
      </object_component>
      <object_component id="oc-1be">
         <name>.debug_info</name>
         <load_address>0xb127</load_address>
         <run_address>0xb127</run_address>
         <size>0x171</size>
         <input_file_ref idref="fl-cd"/>
      </object_component>
      <object_component id="oc-aa">
         <name>.debug_info</name>
         <load_address>0xb298</load_address>
         <run_address>0xb298</run_address>
         <size>0x483</size>
         <input_file_ref idref="fl-ce"/>
      </object_component>
      <object_component id="oc-63">
         <name>.debug_info</name>
         <load_address>0xb71b</load_address>
         <run_address>0xb71b</run_address>
         <size>0x190</size>
         <input_file_ref idref="fl-ce"/>
      </object_component>
      <object_component id="oc-da">
         <name>.debug_info</name>
         <load_address>0xb8ab</load_address>
         <run_address>0xb8ab</run_address>
         <size>0x39</size>
         <input_file_ref idref="fl-ce"/>
      </object_component>
      <object_component id="oc-117">
         <name>.debug_info</name>
         <load_address>0xb8e4</load_address>
         <run_address>0xb8e4</run_address>
         <size>0x39</size>
         <input_file_ref idref="fl-ce"/>
      </object_component>
      <object_component id="oc-df">
         <name>.debug_info</name>
         <load_address>0xb91d</load_address>
         <run_address>0xb91d</run_address>
         <size>0xcd</size>
         <input_file_ref idref="fl-ce"/>
      </object_component>
      <object_component id="oc-d6">
         <name>.debug_info</name>
         <load_address>0xb9ea</load_address>
         <run_address>0xb9ea</run_address>
         <size>0x37a</size>
         <input_file_ref idref="fl-cf"/>
      </object_component>
      <object_component id="oc-9e">
         <name>.debug_info</name>
         <load_address>0xbd64</load_address>
         <run_address>0xbd64</run_address>
         <size>0x183</size>
         <input_file_ref idref="fl-cf"/>
      </object_component>
      <object_component id="oc-112">
         <name>.debug_info</name>
         <load_address>0xbee7</load_address>
         <run_address>0xbee7</run_address>
         <size>0x2c</size>
         <input_file_ref idref="fl-cf"/>
      </object_component>
      <object_component id="oc-28e">
         <name>.debug_info</name>
         <load_address>0xbf13</load_address>
         <run_address>0xbf13</run_address>
         <size>0xee</size>
         <input_file_ref idref="fl-d0"/>
      </object_component>
      <object_component id="oc-235">
         <name>.debug_info</name>
         <load_address>0xc001</load_address>
         <run_address>0xc001</run_address>
         <size>0xfa</size>
         <input_file_ref idref="fl-d0"/>
      </object_component>
      <object_component id="oc-1dc">
         <name>.debug_info</name>
         <load_address>0xc0fb</load_address>
         <run_address>0xc0fb</run_address>
         <size>0x139</size>
         <input_file_ref idref="fl-d1"/>
      </object_component>
      <object_component id="oc-12f">
         <name>.debug_info</name>
         <load_address>0xc234</load_address>
         <run_address>0xc234</run_address>
         <size>0xf7</size>
         <input_file_ref idref="fl-d1"/>
      </object_component>
      <object_component id="oc-205">
         <name>.debug_info</name>
         <load_address>0xc32b</load_address>
         <run_address>0xc32b</run_address>
         <size>0x184</size>
         <input_file_ref idref="fl-d1"/>
      </object_component>
      <object_component id="oc-1a7">
         <name>.debug_info</name>
         <load_address>0xc4af</load_address>
         <run_address>0xc4af</run_address>
         <size>0x144</size>
         <input_file_ref idref="fl-d2"/>
      </object_component>
      <object_component id="oc-183">
         <name>.debug_info</name>
         <load_address>0xc5f3</load_address>
         <run_address>0xc5f3</run_address>
         <size>0x120</size>
         <input_file_ref idref="fl-d3"/>
      </object_component>
      <object_component id="oc-192">
         <name>.debug_info</name>
         <load_address>0xc713</load_address>
         <run_address>0xc713</run_address>
         <size>0x122</size>
         <input_file_ref idref="fl-d3"/>
      </object_component>
      <object_component id="oc-18d">
         <name>.debug_info</name>
         <load_address>0xc835</load_address>
         <run_address>0xc835</run_address>
         <size>0x132</size>
         <input_file_ref idref="fl-d4"/>
      </object_component>
      <object_component id="oc-188">
         <name>.debug_info</name>
         <load_address>0xc967</load_address>
         <run_address>0xc967</run_address>
         <size>0x132</size>
         <input_file_ref idref="fl-d5"/>
      </object_component>
      <object_component id="oc-197">
         <name>.debug_info</name>
         <load_address>0xca99</load_address>
         <run_address>0xca99</run_address>
         <size>0x126</size>
         <input_file_ref idref="fl-d6"/>
      </object_component>
      <object_component id="oc-16e">
         <name>.debug_info</name>
         <load_address>0xcbbf</load_address>
         <run_address>0xcbbf</run_address>
         <size>0x378</size>
         <input_file_ref idref="fl-d7"/>
      </object_component>
      <object_component id="oc-11d">
         <name>.debug_info</name>
         <load_address>0xcf37</load_address>
         <run_address>0xcf37</run_address>
         <size>0x23f</size>
         <input_file_ref idref="fl-d7"/>
      </object_component>
      <object_component id="oc-17c">
         <name>.debug_info</name>
         <load_address>0xd176</load_address>
         <run_address>0xd176</run_address>
         <size>0x43c</size>
         <input_file_ref idref="fl-d8"/>
      </object_component>
      <object_component id="oc-123">
         <name>.debug_info</name>
         <load_address>0xd5b2</load_address>
         <run_address>0xd5b2</run_address>
         <size>0x359</size>
         <input_file_ref idref="fl-d8"/>
      </object_component>
      <object_component id="oc-139">
         <name>.debug_info</name>
         <load_address>0xd90b</load_address>
         <run_address>0xd90b</run_address>
         <size>0x20f</size>
         <input_file_ref idref="fl-d9"/>
      </object_component>
      <object_component id="oc-1ef">
         <name>.debug_info</name>
         <load_address>0xdb1a</load_address>
         <run_address>0xdb1a</run_address>
         <size>0x46</size>
         <input_file_ref idref="fl-d9"/>
      </object_component>
      <object_component id="oc-1a2">
         <name>.debug_info</name>
         <load_address>0xdb60</load_address>
         <run_address>0xdb60</run_address>
         <size>0x124</size>
         <input_file_ref idref="fl-da"/>
      </object_component>
      <object_component id="oc-21d">
         <name>.debug_info</name>
         <load_address>0xdc84</load_address>
         <run_address>0xdc84</run_address>
         <size>0x2e6</size>
         <input_file_ref idref="fl-db"/>
      </object_component>
      <object_component id="oc-19c">
         <name>.debug_info</name>
         <load_address>0xdf6a</load_address>
         <run_address>0xdf6a</run_address>
         <size>0x1c2</size>
         <input_file_ref idref="fl-db"/>
      </object_component>
      <object_component id="oc-23a">
         <name>.debug_info</name>
         <load_address>0xe12c</load_address>
         <run_address>0xe12c</run_address>
         <size>0x28b</size>
         <input_file_ref idref="fl-dc"/>
      </object_component>
      <object_component id="oc-1c4">
         <name>.debug_info</name>
         <load_address>0xe3b7</load_address>
         <run_address>0xe3b7</run_address>
         <size>0x1ab</size>
         <input_file_ref idref="fl-dc"/>
      </object_component>
      <object_component id="oc-213">
         <name>.debug_info</name>
         <load_address>0xe562</load_address>
         <run_address>0xe562</run_address>
         <size>0x29a</size>
         <input_file_ref idref="fl-dd"/>
      </object_component>
      <object_component id="oc-176">
         <name>.debug_info</name>
         <load_address>0xe7fc</load_address>
         <run_address>0xe7fc</run_address>
         <size>0x242</size>
         <input_file_ref idref="fl-dd"/>
      </object_component>
      <object_component id="oc-221">
         <name>.debug_info</name>
         <load_address>0xea3e</load_address>
         <run_address>0xea3e</run_address>
         <size>0x2d9</size>
         <input_file_ref idref="fl-de"/>
      </object_component>
      <object_component id="oc-1ac">
         <name>.debug_info</name>
         <load_address>0xed17</load_address>
         <run_address>0xed17</run_address>
         <size>0x18a</size>
         <input_file_ref idref="fl-de"/>
      </object_component>
      <object_component id="oc-222">
         <name>.debug_info</name>
         <load_address>0xeea1</load_address>
         <run_address>0xeea1</run_address>
         <size>0x2c</size>
         <input_file_ref idref="fl-de"/>
      </object_component>
      <object_component id="oc-231">
         <name>.debug_info</name>
         <load_address>0xeecd</load_address>
         <run_address>0xeecd</run_address>
         <size>0x316</size>
         <input_file_ref idref="fl-df"/>
      </object_component>
      <object_component id="oc-1b2">
         <name>.debug_info</name>
         <load_address>0xf1e3</load_address>
         <run_address>0xf1e3</run_address>
         <size>0x1d5</size>
         <input_file_ref idref="fl-df"/>
      </object_component>
      <object_component id="oc-a4">
         <name>.debug_info</name>
         <load_address>0xf3b8</load_address>
         <run_address>0xf3b8</run_address>
         <size>0x145</size>
         <input_file_ref idref="fl-e0"/>
      </object_component>
      <object_component id="oc-233">
         <name>.debug_info</name>
         <load_address>0xf4fd</load_address>
         <run_address>0xf4fd</run_address>
         <size>0x28f</size>
         <input_file_ref idref="fl-e1"/>
      </object_component>
      <object_component id="oc-1b8">
         <name>.debug_info</name>
         <load_address>0xf78c</load_address>
         <run_address>0xf78c</run_address>
         <size>0x244</size>
         <input_file_ref idref="fl-e1"/>
      </object_component>
      <object_component id="oc-211">
         <name>.debug_info</name>
         <load_address>0xf9d0</load_address>
         <run_address>0xf9d0</run_address>
         <size>0x284</size>
         <input_file_ref idref="fl-e2"/>
      </object_component>
      <object_component id="oc-170">
         <name>.debug_info</name>
         <load_address>0xfc54</load_address>
         <run_address>0xfc54</run_address>
         <size>0x22a</size>
         <input_file_ref idref="fl-e2"/>
      </object_component>
      <object_component id="oc-248">
         <name>.debug_info</name>
         <load_address>0xfe7e</load_address>
         <run_address>0xfe7e</run_address>
         <size>0x2b0</size>
         <input_file_ref idref="fl-e3"/>
      </object_component>
      <object_component id="oc-245">
         <name>.debug_info</name>
         <load_address>0x1012e</load_address>
         <run_address>0x1012e</run_address>
         <size>0xfd</size>
         <input_file_ref idref="fl-e3"/>
      </object_component>
      <object_component id="oc-1e6">
         <name>.debug_info</name>
         <load_address>0x1022b</load_address>
         <run_address>0x1022b</run_address>
         <size>0x281</size>
         <input_file_ref idref="fl-e3"/>
      </object_component>
      <object_component id="oc-17e">
         <name>.debug_info</name>
         <load_address>0x104ac</load_address>
         <run_address>0x104ac</run_address>
         <size>0x17d</size>
         <input_file_ref idref="fl-e4"/>
      </object_component>
      <object_component id="oc-20d">
         <name>.debug_info</name>
         <load_address>0x10629</load_address>
         <run_address>0x10629</run_address>
         <size>0x4c5</size>
         <input_file_ref idref="fl-e5"/>
      </object_component>
      <object_component id="oc-26d">
         <name>.debug_info</name>
         <load_address>0x10aee</load_address>
         <run_address>0x10aee</run_address>
         <size>0xf8</size>
         <input_file_ref idref="fl-e5"/>
      </object_component>
      <object_component id="oc-20a">
         <name>.debug_info</name>
         <load_address>0x10be6</load_address>
         <run_address>0x10be6</run_address>
         <size>0xf8</size>
         <input_file_ref idref="fl-e5"/>
      </object_component>
      <object_component id="oc-168">
         <name>.debug_info</name>
         <load_address>0x10cde</load_address>
         <run_address>0x10cde</run_address>
         <size>0x184</size>
         <input_file_ref idref="fl-e5"/>
      </object_component>
      <object_component id="oc-273">
         <name>.debug_info</name>
         <load_address>0x10e62</load_address>
         <run_address>0x10e62</run_address>
         <size>0x120</size>
         <input_file_ref idref="fl-e5"/>
      </object_component>
      <object_component id="oc-278">
         <name>.debug_info</name>
         <load_address>0x10f82</load_address>
         <run_address>0x10f82</run_address>
         <size>0x2c</size>
         <input_file_ref idref="fl-e5"/>
      </object_component>
      <object_component id="oc-203">
         <name>.debug_info</name>
         <load_address>0x10fae</load_address>
         <run_address>0x10fae</run_address>
         <size>0x2eb</size>
         <input_file_ref idref="fl-e6"/>
      </object_component>
      <object_component id="oc-15c">
         <name>.debug_info</name>
         <load_address>0x11299</load_address>
         <run_address>0x11299</run_address>
         <size>0x230</size>
         <input_file_ref idref="fl-e6"/>
      </object_component>
      <object_component id="oc-261">
         <name>.debug_info</name>
         <load_address>0x114c9</load_address>
         <run_address>0x114c9</run_address>
         <size>0xbb</size>
         <input_file_ref idref="fl-e6"/>
      </object_component>
      <object_component id="oc-22e">
         <name>.debug_info</name>
         <load_address>0x11584</load_address>
         <run_address>0x11584</run_address>
         <size>0xf3</size>
         <input_file_ref idref="fl-e7"/>
      </object_component>
      <object_component id="oc-208">
         <name>.debug_info</name>
         <load_address>0x11677</load_address>
         <run_address>0x11677</run_address>
         <size>0x33c</size>
         <input_file_ref idref="fl-e8"/>
      </object_component>
      <object_component id="oc-162">
         <name>.debug_info</name>
         <load_address>0x119b3</load_address>
         <run_address>0x119b3</run_address>
         <size>0x25a</size>
         <input_file_ref idref="fl-e8"/>
      </object_component>
      <object_component id="oc-252">
         <name>.debug_info</name>
         <load_address>0x11c0d</load_address>
         <run_address>0x11c0d</run_address>
         <size>0x319</size>
         <input_file_ref idref="fl-e9"/>
      </object_component>
      <object_component id="oc-1f7">
         <name>.debug_info</name>
         <load_address>0x11f26</load_address>
         <run_address>0x11f26</run_address>
         <size>0x1e1</size>
         <input_file_ref idref="fl-e9"/>
      </object_component>
      <object_component id="oc-2fe">
         <name>.debug_info</name>
         <load_address>0x12107</load_address>
         <run_address>0x12107</run_address>
         <size>0x368</size>
         <input_file_ref idref="fl-ea"/>
      </object_component>
      <object_component id="oc-2b7">
         <name>.debug_info</name>
         <load_address>0x1246f</load_address>
         <run_address>0x1246f</run_address>
         <size>0x1b1</size>
         <input_file_ref idref="fl-ea"/>
      </object_component>
      <object_component id="oc-304">
         <name>.debug_info</name>
         <load_address>0x12620</load_address>
         <run_address>0x12620</run_address>
         <size>0x36d</size>
         <input_file_ref idref="fl-eb"/>
      </object_component>
      <object_component id="oc-2c9">
         <name>.debug_info</name>
         <load_address>0x1298d</load_address>
         <run_address>0x1298d</run_address>
         <size>0x205</size>
         <input_file_ref idref="fl-eb"/>
      </object_component>
      <object_component id="oc-1ec">
         <name>.debug_info</name>
         <load_address>0x12b92</load_address>
         <run_address>0x12b92</run_address>
         <size>0x3cb</size>
         <input_file_ref idref="fl-ec"/>
      </object_component>
      <object_component id="oc-2b1">
         <name>.debug_info</name>
         <load_address>0x12f5d</load_address>
         <run_address>0x12f5d</run_address>
         <size>0x201</size>
         <input_file_ref idref="fl-ec"/>
      </object_component>
      <object_component id="oc-300">
         <name>.debug_info</name>
         <load_address>0x1315e</load_address>
         <run_address>0x1315e</run_address>
         <size>0x36c</size>
         <input_file_ref idref="fl-ed"/>
      </object_component>
      <object_component id="oc-2bd">
         <name>.debug_info</name>
         <load_address>0x134ca</load_address>
         <run_address>0x134ca</run_address>
         <size>0x1f0</size>
         <input_file_ref idref="fl-ed"/>
      </object_component>
      <object_component id="oc-30e">
         <name>.debug_info</name>
         <load_address>0x136ba</load_address>
         <run_address>0x136ba</run_address>
         <size>0x3f3</size>
         <input_file_ref idref="fl-ee"/>
      </object_component>
      <object_component id="oc-2d5">
         <name>.debug_info</name>
         <load_address>0x13aad</load_address>
         <run_address>0x13aad</run_address>
         <size>0x22b</size>
         <input_file_ref idref="fl-ee"/>
      </object_component>
      <object_component id="oc-306">
         <name>.debug_info</name>
         <load_address>0x13cd8</load_address>
         <run_address>0x13cd8</run_address>
         <size>0x3be</size>
         <input_file_ref idref="fl-ef"/>
      </object_component>
      <object_component id="oc-2cf">
         <name>.debug_info</name>
         <load_address>0x14096</load_address>
         <run_address>0x14096</run_address>
         <size>0x1bb</size>
         <input_file_ref idref="fl-ef"/>
      </object_component>
      <object_component id="oc-302">
         <name>.debug_info</name>
         <load_address>0x14251</load_address>
         <run_address>0x14251</run_address>
         <size>0x36d</size>
         <input_file_ref idref="fl-f0"/>
      </object_component>
      <object_component id="oc-2c3">
         <name>.debug_info</name>
         <load_address>0x145be</load_address>
         <run_address>0x145be</run_address>
         <size>0x1f5</size>
         <input_file_ref idref="fl-f0"/>
      </object_component>
      <object_component id="oc-298">
         <name>.debug_info</name>
         <load_address>0x147b3</load_address>
         <run_address>0x147b3</run_address>
         <size>0x38c</size>
         <input_file_ref idref="fl-f1"/>
      </object_component>
      <object_component id="oc-24c">
         <name>.debug_info</name>
         <load_address>0x14b3f</load_address>
         <run_address>0x14b3f</run_address>
         <size>0x18a</size>
         <input_file_ref idref="fl-f1"/>
      </object_component>
      <object_component id="oc-228">
         <name>.debug_info</name>
         <load_address>0x14cc9</load_address>
         <run_address>0x14cc9</run_address>
         <size>0x156</size>
         <input_file_ref idref="fl-f2"/>
      </object_component>
      <object_component id="oc-260">
         <name>.debug_info</name>
         <load_address>0x14e1f</load_address>
         <run_address>0x14e1f</run_address>
         <size>0x35a</size>
         <input_file_ref idref="fl-f3"/>
      </object_component>
      <object_component id="oc-1fd">
         <name>.debug_info</name>
         <load_address>0x15179</load_address>
         <run_address>0x15179</run_address>
         <size>0x200</size>
         <input_file_ref idref="fl-f3"/>
      </object_component>
      <object_component id="oc-330">
         <name>.debug_info</name>
         <load_address>0x15379</load_address>
         <run_address>0x15379</run_address>
         <size>0x28a</size>
         <input_file_ref idref="fl-f4"/>
      </object_component>
      <object_component id="oc-308">
         <name>.debug_info</name>
         <load_address>0x15603</load_address>
         <run_address>0x15603</run_address>
         <size>0x231</size>
         <input_file_ref idref="fl-f4"/>
      </object_component>
      <object_component id="oc-2ad">
         <name>.debug_info</name>
         <load_address>0x15834</load_address>
         <run_address>0x15834</run_address>
         <size>0x3d6</size>
         <input_file_ref idref="fl-f5"/>
      </object_component>
      <object_component id="oc-25a">
         <name>.debug_info</name>
         <load_address>0x15c0a</load_address>
         <run_address>0x15c0a</run_address>
         <size>0x455</size>
         <input_file_ref idref="fl-f5"/>
      </object_component>
      <object_component id="oc-c9">
         <name>.debug_info</name>
         <load_address>0x1605f</load_address>
         <run_address>0x1605f</run_address>
         <size>0x2c</size>
         <input_file_ref idref="fl-f5"/>
      </object_component>
      <object_component id="oc-83">
         <name>.debug_info</name>
         <load_address>0x1608b</load_address>
         <run_address>0x1608b</run_address>
         <size>0x3bc</size>
         <input_file_ref idref="fl-f6"/>
      </object_component>
      <object_component id="oc-31">
         <name>.debug_info</name>
         <load_address>0x16447</load_address>
         <run_address>0x16447</run_address>
         <size>0x101</size>
         <input_file_ref idref="fl-f6"/>
      </object_component>
      <object_component id="oc-29c">
         <name>.debug_info</name>
         <load_address>0x16548</load_address>
         <run_address>0x16548</run_address>
         <size>0x14c</size>
         <input_file_ref idref="fl-f6"/>
      </object_component>
      <object_component id="oc-254">
         <name>.debug_info</name>
         <load_address>0x16694</load_address>
         <run_address>0x16694</run_address>
         <size>0x885</size>
         <input_file_ref idref="fl-f6"/>
      </object_component>
      <object_component id="oc-ce">
         <name>.debug_info</name>
         <load_address>0x16f19</load_address>
         <run_address>0x16f19</run_address>
         <size>0x62</size>
         <input_file_ref idref="fl-f6"/>
      </object_component>
      <object_component id="oc-2ea">
         <name>.debug_info</name>
         <load_address>0x16f7b</load_address>
         <run_address>0x16f7b</run_address>
         <size>0x3f7</size>
         <input_file_ref idref="fl-f7"/>
      </object_component>
      <object_component id="oc-2a0">
         <name>.debug_info</name>
         <load_address>0x17372</load_address>
         <run_address>0x17372</run_address>
         <size>0x23a</size>
         <input_file_ref idref="fl-f7"/>
      </object_component>
      <object_component id="oc-2f9">
         <name>.debug_info</name>
         <load_address>0x175ac</load_address>
         <run_address>0x175ac</run_address>
         <size>0x39a</size>
         <input_file_ref idref="fl-f8"/>
      </object_component>
      <object_component id="oc-2a6">
         <name>.debug_info</name>
         <load_address>0x17946</load_address>
         <run_address>0x17946</run_address>
         <size>0x298</size>
         <input_file_ref idref="fl-f8"/>
      </object_component>
      <object_component id="oc-31c">
         <name>.debug_info</name>
         <load_address>0x17bde</load_address>
         <run_address>0x17bde</run_address>
         <size>0x417</size>
         <input_file_ref idref="fl-f9"/>
      </object_component>
      <object_component id="oc-2e3">
         <name>.debug_info</name>
         <load_address>0x17ff5</load_address>
         <run_address>0x17ff5</run_address>
         <size>0x282</size>
         <input_file_ref idref="fl-f9"/>
      </object_component>
      <object_component id="oc-339">
         <name>.debug_info</name>
         <load_address>0x18277</load_address>
         <run_address>0x18277</run_address>
         <size>0xea</size>
         <input_file_ref idref="fl-f9"/>
      </object_component>
      <object_component id="oc-334">
         <name>.debug_info</name>
         <load_address>0x18361</load_address>
         <run_address>0x18361</run_address>
         <size>0x27f</size>
         <input_file_ref idref="fl-fb"/>
      </object_component>
      <object_component id="oc-310">
         <name>.debug_info</name>
         <load_address>0x185e0</load_address>
         <run_address>0x185e0</run_address>
         <size>0x258</size>
         <input_file_ref idref="fl-fb"/>
      </object_component>
      <object_component id="oc-336">
         <name>.debug_info</name>
         <load_address>0x18838</load_address>
         <run_address>0x18838</run_address>
         <size>0x290</size>
         <input_file_ref idref="fl-fc"/>
      </object_component>
      <object_component id="oc-316">
         <name>.debug_info</name>
         <load_address>0x18ac8</load_address>
         <run_address>0x18ac8</run_address>
         <size>0x259</size>
         <input_file_ref idref="fl-fc"/>
      </object_component>
      <object_component id="oc-322">
         <name>.debug_info</name>
         <load_address>0x18d21</load_address>
         <run_address>0x18d21</run_address>
         <size>0x3c6</size>
         <input_file_ref idref="fl-fd"/>
      </object_component>
      <object_component id="oc-2f2">
         <name>.debug_info</name>
         <load_address>0x190e7</load_address>
         <run_address>0x190e7</run_address>
         <size>0x19a</size>
         <input_file_ref idref="fl-fd"/>
      </object_component>
      <object_component id="oc-320">
         <name>.debug_info</name>
         <load_address>0x19281</load_address>
         <run_address>0x19281</run_address>
         <size>0x3c4</size>
         <input_file_ref idref="fl-fe"/>
      </object_component>
      <object_component id="oc-2ec">
         <name>.debug_info</name>
         <load_address>0x19645</load_address>
         <run_address>0x19645</run_address>
         <size>0x18a</size>
         <input_file_ref idref="fl-fe"/>
      </object_component>
      <object_component id="oc-373">
         <name>.debug_info</name>
         <load_address>0x197cf</load_address>
         <run_address>0x197cf</run_address>
[...]
      </symbol>
      <symbol id="sm-1ed">
         <name>_lock</name>
         <value>0x200005e0</value>
         <object_component_ref idref="oc-b6"/>
      </symbol>
      <symbol id="sm-1ee">
         <name>_unlock</name>
         <value>0x200005e4</value>
         <object_component_ref idref="oc-b6"/>
      </symbol>
      <symbol id="sm-1ef">
         <name>_register_lock</name>
         <value>0x3407</value>
         <object_component_ref idref="oc-100"/>
      </symbol>
      <symbol id="sm-1f0">
         <name>_register_unlock</name>
         <value>0x3401</value>
         <object_component_ref idref="oc-100"/>
      </symbol>
      <symbol id="sm-2f6">
         <name>__TI_printfi</name>
         <value>0x929</value>
         <object_component_ref idref="oc-128"/>
      </symbol>
      <symbol id="sm-30a">
         <name>_args_main</name>
         <value>0x33b9</value>
         <object_component_ref idref="oc-68"/>
      </symbol>
      <symbol id="sm-320">
         <name>atoi</name>
         <value>0x3135</value>
         <object_component_ref idref="oc-1bd"/>
      </symbol>
      <symbol id="sm-34a">
         <name>__TI_auto_init</name>
         <value>0x2b15</value>
         <object_component_ref idref="oc-62"/>
      </symbol>
      <symbol id="sm-364">
         <name>copy_in</name>
         <value>0x3181</value>
         <object_component_ref idref="oc-9d"/>
      </symbol>
      <symbol id="sm-36f">
         <name>_ctypes_</name>
         <value>0x348a</value>
         <object_component_ref idref="oc-234"/>
      </symbol>
      <symbol id="sm-384">
         <name>__TI_tmpnams</name>
         <value>0x2000071c</value>
      </symbol>
      <symbol id="sm-385">
         <name>__aeabi_stdout</name>
         <value>0x200005c0</value>
         <object_component_ref idref="oc-204"/>
      </symbol>
      <symbol id="sm-386">
         <name>__aeabi_stderr</name>
         <value>0x200005c4</value>
         <object_component_ref idref="oc-204"/>
      </symbol>
      <symbol id="sm-387">
         <name>__aeabi_stdin</name>
         <value>0x200005bc</value>
         <object_component_ref idref="oc-204"/>
      </symbol>
      <symbol id="sm-388">
         <name>_ftable</name>
         <value>0x20000400</value>
         <object_component_ref idref="oc-12e"/>
      </symbol>
      <symbol id="sm-389">
         <name>__TI_ft_end</name>
         <value>0x200005b8</value>
         <object_component_ref idref="oc-204"/>
      </symbol>
      <symbol id="sm-3a0">
         <name>__aeabi_dsub</name>
         <value>0x1ce1</value>
         <object_component_ref idref="oc-1a6"/>
      </symbol>
      <symbol id="sm-3a1">
         <name>__aeabi_dadd</name>
         <value>0x1ceb</value>
         <object_component_ref idref="oc-1a6"/>
      </symbol>
      <symbol id="sm-3c3">
         <name>__aeabi_cdcmpeq</name>
         <value>0x298d</value>
         <object_component_ref idref="oc-182"/>
      </symbol>
      <symbol id="sm-3c4">
         <name>__aeabi_cdcmple</name>
         <value>0x298d</value>
         <object_component_ref idref="oc-182"/>
      </symbol>
      <symbol id="sm-3c5">
         <name>__aeabi_cdrcmple</name>
         <value>0x2a13</value>
         <object_component_ref idref="oc-191"/>
      </symbol>
      <symbol id="sm-3d9">
         <name>__aeabi_ddiv</name>
         <value>0x1e97</value>
         <object_component_ref idref="oc-18c"/>
      </symbol>
      <symbol id="sm-3e4">
         <name>__aeabi_dmul</name>
         <value>0x2225</value>
         <object_component_ref idref="oc-187"/>
      </symbol>
      <symbol id="sm-3ee">
         <name>__aeabi_d2iz</name>
         <value>0x31cd</value>
         <object_component_ref idref="oc-196"/>
      </symbol>
      <symbol id="sm-405">
         <name>putc</name>
         <value>0x285d</value>
         <object_component_ref idref="oc-11c"/>
      </symbol>
      <symbol id="sm-406">
         <name>fputc</name>
         <value>0x285d</value>
         <object_component_ref idref="oc-11c"/>
      </symbol>
      <symbol id="sm-407">
         <name>putchar</name>
         <value>0x28e1</value>
         <object_component_ref idref="oc-11c"/>
      </symbol>
      <symbol id="sm-429">
         <name>puts</name>
         <value>0x20d9</value>
         <object_component_ref idref="oc-122"/>
      </symbol>
      <symbol id="sm-42a">
         <name>fputs</name>
         <value>0x1fcd</value>
         <object_component_ref idref="oc-122"/>
      </symbol>
      <symbol id="sm-43f">
         <name>HOSTtime64</name>
         <value>0x28f5</value>
         <object_component_ref idref="oc-138"/>
      </symbol>
      <symbol id="sm-440">
         <name>HOSTtime</name>
         <value>0x2943</value>
         <object_component_ref idref="oc-138"/>
      </symbol>
      <symbol id="sm-44a">
         <name>__aeabi_i2d</name>
         <value>0x32d3</value>
         <object_component_ref idref="oc-1a1"/>
      </symbol>
      <symbol id="sm-459">
         <name>ltoa</name>
         <value>0x30e1</value>
         <object_component_ref idref="oc-19b"/>
      </symbol>
      <symbol id="sm-469">
         <name>memccpy</name>
         <value>0x339d</value>
         <object_component_ref idref="oc-1c3"/>
      </symbol>
      <symbol id="sm-479">
         <name>memchr</name>
         <value>0x337d</value>
         <object_component_ref idref="oc-175"/>
      </symbol>
      <symbol id="sm-494">
         <name>frexpl</name>
         <value>0x2e69</value>
         <object_component_ref idref="oc-1ab"/>
      </symbol>
      <symbol id="sm-495">
         <name>frexp</name>
         <value>0x2e69</value>
         <object_component_ref idref="oc-1ab"/>
      </symbol>
      <symbol id="sm-4b2">
         <name>scalbn</name>
         <value>0x2321</value>
         <object_component_ref idref="oc-1b1"/>
      </symbol>
      <symbol id="sm-4b3">
         <name>scalbnl</name>
         <value>0x2321</value>
         <object_component_ref idref="oc-1b1"/>
      </symbol>
      <symbol id="sm-4b4">
         <name>ldexpl</name>
         <value>0x2321</value>
         <object_component_ref idref="oc-1b1"/>
      </symbol>
      <symbol id="sm-4b5">
         <name>ldexp</name>
         <value>0x2321</value>
         <object_component_ref idref="oc-1b1"/>
      </symbol>
      <symbol id="sm-4bf">
         <name>_system_post_cinit</name>
         <value>0x2b13</value>
         <object_component_ref idref="oc-a3"/>
      </symbol>
      <symbol id="sm-4cf">
         <name>strchr</name>
         <value>0x33e9</value>
         <object_component_ref idref="oc-1b7"/>
      </symbol>
      <symbol id="sm-4dd">
         <name>strlen</name>
         <value>0x343d</value>
         <object_component_ref idref="oc-16f"/>
      </symbol>
      <symbol id="sm-4f8">
         <name>__TI_readmsg</name>
         <value>0x2dcf</value>
         <object_component_ref idref="oc-1e5"/>
      </symbol>
      <symbol id="sm-4f9">
         <name>C$$IO$$</name>
         <value>0x2dcb</value>
         <object_component_ref idref="oc-1e5"/>
      </symbol>
      <symbol id="sm-4fa">
         <name>__CIOBUF_</name>
         <value>0x200005fc</value>
         <object_component_ref idref="oc-244"/>
      </symbol>
      <symbol id="sm-4fb">
         <name>__TI_writemsg</name>
         <value>0x2d9d</value>
         <object_component_ref idref="oc-1e5"/>
      </symbol>
      <symbol id="sm-517">
         <name>__aeabi_uldivmod</name>
         <value>0x1929</value>
         <object_component_ref idref="oc-17d"/>
      </symbol>
      <symbol id="sm-53d">
         <name>_stream</name>
         <value>0x20000568</value>
         <object_component_ref idref="oc-209"/>
      </symbol>
      <symbol id="sm-53e">
         <name>_device</name>
         <value>0x200004f0</value>
         <object_component_ref idref="oc-26c"/>
      </symbol>
      <symbol id="sm-53f">
         <name>write</name>
         <value>0x3355</value>
         <object_component_ref idref="oc-167"/>
      </symbol>
      <symbol id="sm-55d">
         <name>__TI_wrt_ok</name>
         <value>0x267d</value>
         <object_component_ref idref="oc-15b"/>
      </symbol>
      <symbol id="sm-55e">
         <name>__TI_rd_ok</name>
         <value>0x26df</value>
         <object_component_ref idref="oc-15b"/>
      </symbol>
      <symbol id="sm-566">
         <name>errno</name>
         <value>0x200005e8</value>
         <object_component_ref idref="oc-22d"/>
      </symbol>
      <symbol id="sm-580">
         <name>__TI_doflush</name>
         <value>0x24f9</value>
         <object_component_ref idref="oc-161"/>
      </symbol>
      <symbol id="sm-581">
         <name>fflush</name>
         <value>0x2545</value>
         <object_component_ref idref="oc-161"/>
      </symbol>
      <symbol id="sm-593">
         <name>fseek</name>
         <value>0x2e05</value>
         <object_component_ref idref="oc-1f6"/>
      </symbol>
      <symbol id="sm-5a4">
         <name>HOSTclose</name>
         <value>0x3215</value>
         <object_component_ref idref="oc-2b6"/>
      </symbol>
      <symbol id="sm-5b5">
         <name>HOSTlseek</name>
         <value>0x2ccd</value>
         <object_component_ref idref="oc-2c8"/>
      </symbol>
      <symbol id="sm-5c7">
         <name>parmbuf</name>
         <value>0x200007bc</value>
      </symbol>
      <symbol id="sm-5c8">
         <name>HOSTopen</name>
         <value>0x2ecd</value>
         <object_component_ref idref="oc-2b0"/>
      </symbol>
      <symbol id="sm-5d9">
         <name>HOSTread</name>
         <value>0x2f89</value>
         <object_component_ref idref="oc-2bc"/>
      </symbol>
      <symbol id="sm-5ea">
         <name>HOSTrename</name>
         <value>0x2d35</value>
         <object_component_ref idref="oc-2d4"/>
      </symbol>
      <symbol id="sm-5fb">
         <name>HOSTunlink</name>
         <value>0x3259</value>
         <object_component_ref idref="oc-2ce"/>
      </symbol>
      <symbol id="sm-60c">
         <name>HOSTwrite</name>
         <value>0x2fe1</value>
         <object_component_ref idref="oc-2c2"/>
      </symbol>
      <symbol id="sm-61c">
         <name>lseek</name>
         <value>0x332d</value>
         <object_component_ref idref="oc-24b"/>
      </symbol>
      <symbol id="sm-626">
         <name>copysign</name>
         <value>0x3415</value>
         <object_component_ref idref="oc-227"/>
      </symbol>
      <symbol id="sm-627">
         <name>copysignl</name>
         <value>0x3415</value>
         <object_component_ref idref="oc-227"/>
      </symbol>
      <symbol id="sm-643">
         <name>setvbuf</name>
         <value>0x241d</value>
         <object_component_ref idref="oc-1fc"/>
      </symbol>
      <symbol id="sm-651">
         <name>strcpy</name>
         <value>0x3429</value>
         <object_component_ref idref="oc-307"/>
      </symbol>
      <symbol id="sm-688">
         <name>__TI_cleanup</name>
         <value>0x1be5</value>
         <object_component_ref idref="oc-259"/>
      </symbol>
      <symbol id="sm-689">
         <name>freopen</name>
         <value>0x1c11</value>
         <object_component_ref idref="oc-259"/>
      </symbol>
      <symbol id="sm-68a">
         <name>fopen</name>
         <value>0x1c3b</value>
         <object_component_ref idref="oc-259"/>
      </symbol>
      <symbol id="sm-6fc">
         <name>_sys_memory</name>
         <value>0x20000000</value>
         <object_component_ref idref="oc-30"/>
      </symbol>
      <symbol id="sm-6fd">
         <name>free</name>
         <value>0x130f</value>
         <object_component_ref idref="oc-253"/>
      </symbol>
      <symbol id="sm-6fe">
         <name>realloc</name>
         <value>0x13cf</value>
         <object_component_ref idref="oc-253"/>
      </symbol>
      <symbol id="sm-6ff">
         <name>memalign</name>
         <value>0x14d9</value>
         <object_component_ref idref="oc-253"/>
      </symbol>
      <symbol id="sm-700">
         <name>calloc</name>
         <value>0x15c5</value>
         <object_component_ref idref="oc-253"/>
      </symbol>
      <symbol id="sm-701">
         <name>malloc</name>
         <value>0x12a5</value>
         <object_component_ref idref="oc-253"/>
      </symbol>
      <symbol id="sm-702">
         <name>minit</name>
         <value>0x1225</value>
         <object_component_ref idref="oc-253"/>
      </symbol>
      <symbol id="sm-71f">
         <name>open</name>
         <value>0x25c1</value>
         <object_component_ref idref="oc-29f"/>
      </symbol>
      <symbol id="sm-735">
         <name>__TI_closefile</name>
         <value>0x27c5</value>
         <object_component_ref idref="oc-2a5"/>
      </symbol>
      <symbol id="sm-736">
         <name>fclose</name>
         <value>0x282b</value>
         <object_component_ref idref="oc-2a5"/>
      </symbol>
      <symbol id="sm-750">
         <name>finddevice</name>
         <value>0x2b85</value>
         <object_component_ref idref="oc-2e2"/>
      </symbol>
      <symbol id="sm-751">
         <name>getdevice</name>
         <value>0x2baf</value>
         <object_component_ref idref="oc-2e2"/>
      </symbol>
      <symbol id="sm-761">
         <name>strcmp</name>
         <value>0x33d1</value>
         <object_component_ref idref="oc-30f"/>
      </symbol>
      <symbol id="sm-771">
         <name>strncpy</name>
         <value>0x329d</value>
         <object_component_ref idref="oc-315"/>
      </symbol>
      <symbol id="sm-781">
         <name>unlink</name>
         <value>0x3301</value>
         <object_component_ref idref="oc-2f1"/>
      </symbol>
      <symbol id="sm-795">
         <name>close</name>
         <value>0x2f2d</value>
         <object_component_ref idref="oc-2eb"/>
      </symbol>
      <symbol id="sm-796">
         <name>__TI_static_base__</name>
         <value>0x0</value>
      </symbol>
      <symbol id="sm-799">
         <name>SHT$$INIT_ARRAY$$Limit</name>
         <value>0x0</value>
      </symbol>
      <symbol id="sm-79a">
         <name>SHT$$INIT_ARRAY$$Base</name>
         <value>0x0</value>
      </symbol>
      <symbol id="sm-79b">
         <name>NMI_Handler</name>
         <value>0x3479</value>
      </symbol>
      <symbol id="sm-79c">
         <name>HardFault_Handler</name>
         <value>0x3479</value>
      </symbol>
      <symbol id="sm-79d">
         <name>MemManage_Handler</name>
         <value>0x3479</value>
      </symbol>
      <symbol id="sm-79e">
         <name>BusFault_Handler</name>
         <value>0x3479</value>
      </symbol>
      <symbol id="sm-79f">
         <name>UsageFault_Handler</name>
         <value>0x3479</value>
      </symbol>
      <symbol id="sm-7a0">
         <name>SVC_Handler</name>
         <value>0x3479</value>
      </symbol>
      <symbol id="sm-7a1">
         <name>DebugMon_Handler</name>
         <value>0x3479</value>
      </symbol>
      <symbol id="sm-7a2">
         <name>PendSV_Handler</name>
         <value>0x3479</value>
      </symbol>
      <symbol id="sm-7a3">
         <name>SysTick_Handler</name>
         <value>0x3479</value>
      </symbol>
      <symbol id="sm-7a4">
         <name>PSS_IRQHandler</name>
         <value>0x3479</value>
      </symbol>
      <symbol id="sm-7a5">
         <name>CS_IRQHandler</name>
         <value>0x3479</value>
      </symbol>
      <symbol id="sm-7a6">
         <name>PCM_IRQHandler</name>
         <value>0x3479</value>
      </symbol>
      <symbol id="sm-7a7">
         <name>WDT_A_IRQHandler</name>
         <value>0x3479</value>
      </symbol>
      <symbol id="sm-7a8">
         <name>FPU_IRQHandler</name>
         <value>0x3479</value>
      </symbol>
      <symbol id="sm-7a9">
         <name>FLCTL_IRQHandler</name>
         <value>0x3479</value>
      </symbol>
      <symbol id="sm-7aa">
         <name>COMP_E0_IRQHandler</name>
         <value>0x3479</value>
      </symbol>
      <symbol id="sm-7ab">
         <name>COMP_E1_IRQHandler</name>
         <value>0x3479</value>
      </symbol>
      <symbol id="sm-7ac">
         <name>TA0_0_IRQHandler</name>
         <value>0x3479</value>
      </symbol>
      <symbol id="sm-7ad">
         <name>TA0_N_IRQHandler</name>
         <value>0x3479</value>
      </symbol>
      <symbol id="sm-7ae">
         <name>TA1_0_IRQHandler</name>
         <value>0x3479</value>
      </symbol>
      <symbol id="sm-7af">
         <name>TA1_N_IRQHandler</name>
         <value>0x3479</value>
      </symbol>
      <symbol id="sm-7b0">
         <name>TA2_0_IRQHandler</name>
         <value>0x3479</value>
      </symbol>
      <symbol id="sm-7b1">
         <name>TA2_N_IRQHandler</name>
         <value>0x3479</value>
      </symbol>
      <symbol id="sm-7b2">
         <name>TA3_0_IRQHandler</name>
         <value>0x3479</value>
      </symbol>
      <symbol id="sm-7b3">
         <name>TA3_N_IRQHandler</name>
         <value>0x3479</value>
      </symbol>
      <symbol id="sm-7b4">
         <name>EUSCIA0_IRQHandler</name>
         <value>0x3479</value>
      </symbol>
      <symbol id="sm-7b5">
         <name>EUSCIA1_IRQHandler</name>
         <value>0x3479</value>
      </symbol>
      <symbol id="sm-7b6">
         <name>EUSCIA2_IRQHandler</name>
         <value>0x3479</value>
      </symbol>
      <symbol id="sm-7b7">
         <name>EUSCIA3_IRQHandler</name>
         <value>0x3479</value>
      </symbol>
      <symbol id="sm-7b8">
         <name>EUSCIB0_IRQHandler</name>
         <value>0x3479</value>
      </symbol>
      <symbol id="sm-7b9">
         <name>EUSCIB1_IRQHandler</name>
         <value>0x3479</value>
      </symbol>
      <symbol id="sm-7ba">
         <name>EUSCIB2_IRQHandler</name>
         <value>0x3479</value>
      </symbol>
      <symbol id="sm-7bb">
         <name>EUSCIB3_IRQHandler</name>
         <value>0x3479</value>
      </symbol>
      <symbol id="sm-7bc">
         <name>ADC14_IRQHandler</name>
         <value>0x3479</value>
      </symbol>
      <symbol id="sm-7bd">
         <name>T32_INT1_IRQHandler</name>
         <value>0x3479</value>
      </symbol>
      <symbol id="sm-7be">
         <name>T32_INT2_IRQHandler</name>
         <value>0x3479</value>
      </symbol>
      <symbol id="sm-7bf">
         <name>T32_INTC_IRQHandler</name>
         <value>0x3479</value>
      </symbol>
      <symbol id="sm-7c0">
         <name>AES256_IRQHandler</name>
         <value>0x3479</value>
      </symbol>
      <symbol id="sm-7c1">
         <name>RTC_C_IRQHandler</name>
         <value>0x3479</value>
      </symbol>
      <symbol id="sm-7c2">
         <name>DMA_ERR_IRQHandler</name>
         <value>0x3479</value>
      </symbol>
      <symbol id="sm-7c3">
         <name>DMA_INT3_IRQHandler</name>
         <value>0x3479</value>
      </symbol>
      <symbol id="sm-7c4">
         <name>DMA_INT2_IRQHandler</name>
         <value>0x3479</value>
      </symbol>
      <symbol id="sm-7c5">
         <name>DMA_INT1_IRQHandler</name>
         <value>0x3479</value>
      </symbol>
      <symbol id="sm-7c6">
         <name>DMA_INT0_IRQHandler</name>
         <value>0x3479</value>
      </symbol>
      <symbol id="sm-7c7">
         <name>PORT1_IRQHandler</name>
         <value>0x3479</value>
      </symbol>
      <symbol id="sm-7c8">
         <name>PORT2_IRQHandler</name>
         <value>0x3479</value>
      </symbol>
      <symbol id="sm-7c9">
         <name>PORT3_IRQHandler</name>
         <value>0x3479</value>
      </symbol>
      <symbol id="sm-7ca">
         <name>PORT4_IRQHandler</name>
         <value>0x3479</value>
      </symbol>
      <symbol id="sm-7cb">
         <name>PORT5_IRQHandler</name>
         <value>0x3479</value>
      </symbol>
      <symbol id="sm-7cc">
         <name>PORT6_IRQHandler</name>
         <value>0x3479</value>
      </symbol>
      <symbol id="sm-7cd">
         <name>remove</name>
         <value>0x3301</value>
      </symbol>
   </symbol_table>
   <title>Link successful</title>
</link_info>
