<?xml version="1.0"?>
<link_info>
   <banner>TI ARM Linker Unix v16.9.6.LTS</banner>
   <copyright>Copyright (c) 1996-2017 Texas Instruments Incorporated</copyright>
   <link_time>0x5ad1560d</link_time>
   <link_errors>0x0</link_errors>
   <output_file>NightLight.out</output_file>
   <entry_point>
      <name>_c_int00</name>
      <address>0x4411</address>
   </entry_point>
   <input_file_list>
      <input_file id="fl-2">
         <path>./</path>
         <kind>object</kind>
         <file>ADC.obj</file>
         <name>ADC.obj</name>
      </input_file>
      <input_file id="fl-3">
         <path>./</path>
         <kind>object</kind>
         <file>I2C.obj</file>
         <name>I2C.obj</name>
      </input_file>
      <input_file id="fl-4">
         <path>./</path>
         <kind>object</kind>
         <file>main.obj</file>
         <name>main.obj</name>
      </input_file>
      <input_file id="fl-5">
         <path>./</path>
         <kind>object</kind>
         <file>startup_msp432p401r_ccs.obj</file>
         <name>startup_msp432p401r_ccs.obj</name>
      </input_file>
      <input_file id="fl-6">
         <path>./</path>
         <kind>object</kind>
         <file>system_msp432p401r.obj</file>
         <name>system_msp432p401r.obj</name>
      </input_file>
      <input_file id="fl-a">
         <kind>object</kind>
         <file>&lt;internal&gt;</file>
         <name>&lt;internal&gt;</name>
      </input_file>
      <input_file id="fl-c0">
         <path>/home/david/ti/ccsv7/tools/compiler/ti-cgt-arm_16.9.6.LTS/lib/</path>
         <kind>archive</kind>
         <file>rtsv7M4_T_le_v4SPD16_eabi.lib</file>
         <name>boot.obj</name>
      </input_file>
      <input_file id="fl-c1">
         <path>/home/david/ti/ccsv7/tools/compiler/ti-cgt-arm_16.9.6.LTS/lib/</path>
         <kind>archive</kind>
         <file>rtsv7M4_T_le_v4SPD16_eabi.lib</file>
         <name>copy_decompress_lzss.obj</name>
      </input_file>
      <input_file id="fl-c2">
         <path>/home/david/ti/ccsv7/tools/compiler/ti-cgt-arm_16.9.6.LTS/lib/</path>
         <kind>archive</kind>
         <file>rtsv7M4_T_le_v4SPD16_eabi.lib</file>
         <name>copy_decompress_none.obj</name>
      </input_file>
      <input_file id="fl-c3">
         <path>/home/david/ti/ccsv7/tools/compiler/ti-cgt-arm_16.9.6.LTS/lib/</path>
         <kind>archive</kind>
         <file>rtsv7M4_T_le_v4SPD16_eabi.lib</file>
         <name>copy_zero_init.obj</name>
      </input_file>
      <input_file id="fl-c4">
         <path>/home/david/ti/ccsv7/tools/compiler/ti-cgt-arm_16.9.6.LTS/lib/</path>
         <kind>archive</kind>
         <file>rtsv7M4_T_le_v4SPD16_eabi.lib</file>
         <name>delete.obj</name>
      </input_file>
      <input_file id="fl-c5">
         <path>/home/david/ti/ccsv7/tools/compiler/ti-cgt-arm_16.9.6.LTS/lib/</path>
         <kind>archive</kind>
         <file>rtsv7M4_T_le_v4SPD16_eabi.lib</file>
         <name>dll_main.obj</name>
      </input_file>
      <input_file id="fl-c6">
         <path>/home/david/ti/ccsv7/tools/compiler/ti-cgt-arm_16.9.6.LTS/lib/</path>
         <kind>archive</kind>
         <file>rtsv7M4_T_le_v4SPD16_eabi.lib</file>
         <name>dtor_list.obj</name>
      </input_file>
      <input_file id="fl-c7">
         <path>/home/david/ti/ccsv7/tools/compiler/ti-cgt-arm_16.9.6.LTS/lib/</path>
         <kind>archive</kind>
         <file>rtsv7M4_T_le_v4SPD16_eabi.lib</file>
         <name>exit.obj</name>
      </input_file>
      <input_file id="fl-c8">
         <path>/home/david/ti/ccsv7/tools/compiler/ti-cgt-arm_16.9.6.LTS/lib/</path>
         <kind>archive</kind>
         <file>rtsv7M4_T_le_v4SPD16_eabi.lib</file>
         <name>fputs.obj</name>
      </input_file>
      <input_file id="fl-c9">
         <path>/home/david/ti/ccsv7/tools/compiler/ti-cgt-arm_16.9.6.LTS/lib/</path>
         <kind>archive</kind>
         <file>rtsv7M4_T_le_v4SPD16_eabi.lib</file>
         <name>memchr.obj</name>
      </input_file>
      <input_file id="fl-ca">
         <path>/home/david/ti/ccsv7/tools/compiler/ti-cgt-arm_16.9.6.LTS/lib/</path>
         <kind>archive</kind>
         <file>rtsv7M4_T_le_v4SPD16_eabi.lib</file>
         <name>memcpy_t2.obj</name>
      </input_file>
      <input_file id="fl-cb">
         <path>/home/david/ti/ccsv7/tools/compiler/ti-cgt-arm_16.9.6.LTS/lib/</path>
         <kind>archive</kind>
         <file>rtsv7M4_T_le_v4SPD16_eabi.lib</file>
         <name>memmov.obj</name>
      </input_file>
      <input_file id="fl-cc">
         <path>/home/david/ti/ccsv7/tools/compiler/ti-cgt-arm_16.9.6.LTS/lib/</path>
         <kind>archive</kind>
         <file>rtsv7M4_T_le_v4SPD16_eabi.lib</file>
         <name>memory.obj</name>
      </input_file>
      <input_file id="fl-cd">
         <path>/home/david/ti/ccsv7/tools/compiler/ti-cgt-arm_16.9.6.LTS/lib/</path>
         <kind>archive</kind>
         <file>rtsv7M4_T_le_v4SPD16_eabi.lib</file>
         <name>memset_t2.obj</name>
      </input_file>
      <input_file id="fl-ce">
         <path>/home/david/ti/ccsv7/tools/compiler/ti-cgt-arm_16.9.6.LTS/lib/</path>
         <kind>archive</kind>
         <file>rtsv7M4_T_le_v4SPD16_eabi.lib</file>
         <name>mpu_init.obj</name>
      </input_file>
      <input_file id="fl-cf">
         <path>/home/david/ti/ccsv7/tools/compiler/ti-cgt-arm_16.9.6.LTS/lib/</path>
         <kind>archive</kind>
         <file>rtsv7M4_T_le_v4SPD16_eabi.lib</file>
         <name>new_.obj</name>
      </input_file>
      <input_file id="fl-d0">
         <path>/home/david/ti/ccsv7/tools/compiler/ti-cgt-arm_16.9.6.LTS/lib/</path>
         <kind>archive</kind>
         <file>rtsv7M4_T_le_v4SPD16_eabi.lib</file>
         <name>newhandler.obj</name>
      </input_file>
      <input_file id="fl-d1">
         <path>/home/david/ti/ccsv7/tools/compiler/ti-cgt-arm_16.9.6.LTS/lib/</path>
         <kind>archive</kind>
         <file>rtsv7M4_T_le_v4SPD16_eabi.lib</file>
         <name>pre_init.obj</name>
      </input_file>
      <input_file id="fl-d2">
         <path>/home/david/ti/ccsv7/tools/compiler/ti-cgt-arm_16.9.6.LTS/lib/</path>
         <kind>archive</kind>
         <file>rtsv7M4_T_le_v4SPD16_eabi.lib</file>
         <name>printf.obj</name>
      </input_file>
      <input_file id="fl-d3">
         <path>/home/david/ti/ccsv7/tools/compiler/ti-cgt-arm_16.9.6.LTS/lib/</path>
         <kind>archive</kind>
         <file>rtsv7M4_T_le_v4SPD16_eabi.lib</file>
         <name>stkdepth_vars.obj</name>
      </input_file>
      <input_file id="fl-d4">
         <path>/home/david/ti/ccsv7/tools/compiler/ti-cgt-arm_16.9.6.LTS/lib/</path>
         <kind>archive</kind>
         <file>rtsv7M4_T_le_v4SPD16_eabi.lib</file>
         <name>strlen.obj</name>
      </input_file>
      <input_file id="fl-d5">
         <path>/home/david/ti/ccsv7/tools/compiler/ti-cgt-arm_16.9.6.LTS/lib/</path>
         <kind>archive</kind>
         <file>rtsv7M4_T_le_v4SPD16_eabi.lib</file>
         <name>typeinfo_.obj</name>
      </input_file>
      <input_file id="fl-d6">
         <path>/home/david/ti/ccsv7/tools/compiler/ti-cgt-arm_16.9.6.LTS/lib/</path>
         <kind>archive</kind>
         <file>rtsv7M4_T_le_v4SPD16_eabi.lib</file>
         <name>vars.obj</name>
      </input_file>
      <input_file id="fl-d7">
         <path>/home/david/ti/ccsv7/tools/compiler/ti-cgt-arm_16.9.6.LTS/lib/</path>
         <kind>archive</kind>
         <file>rtsv7M4_T_le_v4SPD16_eabi.lib</file>
         <name>write.obj</name>
      </input_file>
      <input_file id="fl-d8">
         <path>/home/david/ti/ccsv7/tools/compiler/ti-cgt-arm_16.9.6.LTS/lib/</path>
         <kind>archive</kind>
         <file>rtsv7M4_T_le_v4SPD16_eabi.lib</file>
         <name>_io_perm.obj</name>
      </input_file>
      <input_file id="fl-d9">
         <path>/home/david/ti/ccsv7/tools/compiler/ti-cgt-arm_16.9.6.LTS/lib/</path>
         <kind>archive</kind>
         <file>rtsv7M4_T_le_v4SPD16_eabi.lib</file>
         <name>_lock.obj</name>
      </input_file>
      <input_file id="fl-da">
         <path>/home/david/ti/ccsv7/tools/compiler/ti-cgt-arm_16.9.6.LTS/lib/</path>
         <kind>archive</kind>
         <file>rtsv7M4_T_le_v4SPD16_eabi.lib</file>
         <name>_printfi.obj</name>
      </input_file>
      <input_file id="fl-db">
         <path>/home/david/ti/ccsv7/tools/compiler/ti-cgt-arm_16.9.6.LTS/lib/</path>
         <kind>archive</kind>
         <file>rtsv7M4_T_le_v4SPD16_eabi.lib</file>
         <name>args_main.obj</name>
      </input_file>
      <input_file id="fl-dc">
         <path>/home/david/ti/ccsv7/tools/compiler/ti-cgt-arm_16.9.6.LTS/lib/</path>
         <kind>archive</kind>
         <file>rtsv7M4_T_le_v4SPD16_eabi.lib</file>
         <name>atoi.obj</name>
      </input_file>
      <input_file id="fl-dd">
         <path>/home/david/ti/ccsv7/tools/compiler/ti-cgt-arm_16.9.6.LTS/lib/</path>
         <kind>archive</kind>
         <file>rtsv7M4_T_le_v4SPD16_eabi.lib</file>
         <name>autoinit.obj</name>
      </input_file>
      <input_file id="fl-de">
         <path>/home/david/ti/ccsv7/tools/compiler/ti-cgt-arm_16.9.6.LTS/lib/</path>
         <kind>archive</kind>
         <file>rtsv7M4_T_le_v4SPD16_eabi.lib</file>
         <name>cpy_tbl.obj</name>
      </input_file>
      <input_file id="fl-df">
         <path>/home/david/ti/ccsv7/tools/compiler/ti-cgt-arm_16.9.6.LTS/lib/</path>
         <kind>archive</kind>
         <file>rtsv7M4_T_le_v4SPD16_eabi.lib</file>
         <name>ctype.obj</name>
      </input_file>
      <input_file id="fl-e0">
         <path>/home/david/ti/ccsv7/tools/compiler/ti-cgt-arm_16.9.6.LTS/lib/</path>
         <kind>archive</kind>
         <file>rtsv7M4_T_le_v4SPD16_eabi.lib</file>
         <name>defs.obj</name>
      </input_file>
      <input_file id="fl-e1">
         <path>/home/david/ti/ccsv7/tools/compiler/ti-cgt-arm_16.9.6.LTS/lib/</path>
         <kind>archive</kind>
         <file>rtsv7M4_T_le_v4SPD16_eabi.lib</file>
         <name>fd_add_t2.obj</name>
      </input_file>
      <input_file id="fl-e2">
         <path>/home/david/ti/ccsv7/tools/compiler/ti-cgt-arm_16.9.6.LTS/lib/</path>
         <kind>archive</kind>
         <file>rtsv7M4_T_le_v4SPD16_eabi.lib</file>
         <name>fd_cmp_t2.obj</name>
      </input_file>
      <input_file id="fl-e3">
         <path>/home/david/ti/ccsv7/tools/compiler/ti-cgt-arm_16.9.6.LTS/lib/</path>
         <kind>archive</kind>
         <file>rtsv7M4_T_le_v4SPD16_eabi.lib</file>
         <name>fd_div_t2.obj</name>
      </input_file>
      <input_file id="fl-e4">
         <path>/home/david/ti/ccsv7/tools/compiler/ti-cgt-arm_16.9.6.LTS/lib/</path>
         <kind>archive</kind>
         <file>rtsv7M4_T_le_v4SPD16_eabi.lib</file>
         <name>fd_mul_t2.obj</name>
      </input_file>
      <input_file id="fl-e5">
         <path>/home/david/ti/ccsv7/tools/compiler/ti-cgt-arm_16.9.6.LTS/lib/</path>
         <kind>archive</kind>
         <file>rtsv7M4_T_le_v4SPD16_eabi.lib</file>
         <name>fd_toi_t2.obj</name>
      </input_file>
      <input_file id="fl-e6">
         <path>/home/david/ti/ccsv7/tools/compiler/ti-cgt-arm_16.9.6.LTS/lib/</path>
         <kind>archive</kind>
         <file>rtsv7M4_T_le_v4SPD16_eabi.lib</file>
         <name>fflush.obj</name>
      </input_file>
      <input_file id="fl-e7">
         <path>/home/david/ti/ccsv7/tools/compiler/ti-cgt-arm_16.9.6.LTS/lib/</path>
         <kind>archive</kind>
         <file>rtsv7M4_T_le_v4SPD16_eabi.lib</file>
         <name>fputc.obj</name>
      </input_file>
      <input_file id="fl-e8">
         <path>/home/david/ti/ccsv7/tools/compiler/ti-cgt-arm_16.9.6.LTS/lib/</path>
         <kind>archive</kind>
         <file>rtsv7M4_T_le_v4SPD16_eabi.lib</file>
         <name>fseek.obj</name>
      </input_file>
      <input_file id="fl-e9">
         <path>/home/david/ti/ccsv7/tools/compiler/ti-cgt-arm_16.9.6.LTS/lib/</path>
         <kind>archive</kind>
         <file>rtsv7M4_T_le_v4SPD16_eabi.lib</file>
         <name>hostclose.obj</name>
      </input_file>
      <input_file id="fl-ea">
         <path>/home/david/ti/ccsv7/tools/compiler/ti-cgt-arm_16.9.6.LTS/lib/</path>
         <kind>archive</kind>
         <file>rtsv7M4_T_le_v4SPD16_eabi.lib</file>
         <name>hostlseek.obj</name>
      </input_file>
      <input_file id="fl-eb">
         <path>/home/david/ti/ccsv7/tools/compiler/ti-cgt-arm_16.9.6.LTS/lib/</path>
         <kind>archive</kind>
         <file>rtsv7M4_T_le_v4SPD16_eabi.lib</file>
         <name>hostopen.obj</name>
      </input_file>
      <input_file id="fl-ec">
         <path>/home/david/ti/ccsv7/tools/compiler/ti-cgt-arm_16.9.6.LTS/lib/</path>
         <kind>archive</kind>
         <file>rtsv7M4_T_le_v4SPD16_eabi.lib</file>
         <name>hostread.obj</name>
      </input_file>
      <input_file id="fl-ed">
         <path>/home/david/ti/ccsv7/tools/compiler/ti-cgt-arm_16.9.6.LTS/lib/</path>
         <kind>archive</kind>
         <file>rtsv7M4_T_le_v4SPD16_eabi.lib</file>
         <name>hostrename.obj</name>
      </input_file>
      <input_file id="fl-ee">
         <path>/home/david/ti/ccsv7/tools/compiler/ti-cgt-arm_16.9.6.LTS/lib/</path>
         <kind>archive</kind>
         <file>rtsv7M4_T_le_v4SPD16_eabi.lib</file>
         <name>hostunlink.obj</name>
      </input_file>
      <input_file id="fl-ef">
         <path>/home/david/ti/ccsv7/tools/compiler/ti-cgt-arm_16.9.6.LTS/lib/</path>
         <kind>archive</kind>
         <file>rtsv7M4_T_le_v4SPD16_eabi.lib</file>
         <name>hostwrite.obj</name>
      </input_file>
      <input_file id="fl-f0">
         <path>/home/david/ti/ccsv7/tools/compiler/ti-cgt-arm_16.9.6.LTS/lib/</path>
         <kind>archive</kind>
         <file>rtsv7M4_T_le_v4SPD16_eabi.lib</file>
         <name>i_tofd_t2.obj</name>
      </input_file>
      <input_file id="fl-f1">
         <path>/home/david/ti/ccsv7/tools/compiler/ti-cgt-arm_16.9.6.LTS/lib/</path>
         <kind>archive</kind>
         <file>rtsv7M4_T_le_v4SPD16_eabi.lib</file>
         <name>lseek.obj</name>
      </input_file>
      <input_file id="fl-f2">
         <path>/home/david/ti/ccsv7/tools/compiler/ti-cgt-arm_16.9.6.LTS/lib/</path>
         <kind>archive</kind>
         <file>rtsv7M4_T_le_v4SPD16_eabi.lib</file>
         <name>ltoa.obj</name>
      </input_file>
      <input_file id="fl-f3">
         <path>/home/david/ti/ccsv7/tools/compiler/ti-cgt-arm_16.9.6.LTS/lib/</path>
         <kind>archive</kind>
         <file>rtsv7M4_T_le_v4SPD16_eabi.lib</file>
         <name>memccpy.obj</name>
      </input_file>
      <input_file id="fl-f4">
         <path>/home/david/ti/ccsv7/tools/compiler/ti-cgt-arm_16.9.6.LTS/lib/</path>
         <kind>archive</kind>
         <file>rtsv7M4_T_le_v4SPD16_eabi.lib</file>
         <name>s_frexp.obj</name>
      </input_file>
      <input_file id="fl-f5">
         <path>/home/david/ti/ccsv7/tools/compiler/ti-cgt-arm_16.9.6.LTS/lib/</path>
         <kind>archive</kind>
         <file>rtsv7M4_T_le_v4SPD16_eabi.lib</file>
         <name>s_scalbn.obj</name>
      </input_file>
      <input_file id="fl-f6">
         <path>/home/david/ti/ccsv7/tools/compiler/ti-cgt-arm_16.9.6.LTS/lib/</path>
         <kind>archive</kind>
         <file>rtsv7M4_T_le_v4SPD16_eabi.lib</file>
         <name>setvbuf.obj</name>
      </input_file>
      <input_file id="fl-f7">
         <path>/home/david/ti/ccsv7/tools/compiler/ti-cgt-arm_16.9.6.LTS/lib/</path>
         <kind>archive</kind>
         <file>rtsv7M4_T_le_v4SPD16_eabi.lib</file>
         <name>startup.obj</name>
      </input_file>
      <input_file id="fl-f8">
         <path>/home/david/ti/ccsv7/tools/compiler/ti-cgt-arm_16.9.6.LTS/lib/</path>
         <kind>archive</kind>
         <file>rtsv7M4_T_le_v4SPD16_eabi.lib</file>
         <name>strchr.obj</name>
      </input_file>
      <input_file id="fl-f9">
         <path>/home/david/ti/ccsv7/tools/compiler/ti-cgt-arm_16.9.6.LTS/lib/</path>
         <kind>archive</kind>
         <file>rtsv7M4_T_le_v4SPD16_eabi.lib</file>
         <name>strcpy.obj</name>
      </input_file>
      <input_file id="fl-fa">
         <path>/home/david/ti/ccsv7/tools/compiler/ti-cgt-arm_16.9.6.LTS/lib/</path>
         <kind>archive</kind>
         <file>rtsv7M4_T_le_v4SPD16_eabi.lib</file>
         <name>trgmsg.obj</name>
      </input_file>
      <input_file id="fl-fb">
         <path>/home/david/ti/ccsv7/tools/compiler/ti-cgt-arm_16.9.6.LTS/lib/</path>
         <kind>archive</kind>
         <file>rtsv7M4_T_le_v4SPD16_eabi.lib</file>
         <name>ull_div_t2.obj</name>
      </input_file>
      <input_file id="fl-fc">
         <path>/home/david/ti/ccsv7/tools/compiler/ti-cgt-arm_16.9.6.LTS/lib/</path>
         <kind>archive</kind>
         <file>rtsv7M4_T_le_v4SPD16_eabi.lib</file>
         <name>errno.obj</name>
      </input_file>
      <input_file id="fl-fd">
         <path>/home/david/ti/ccsv7/tools/compiler/ti-cgt-arm_16.9.6.LTS/lib/</path>
         <kind>archive</kind>
         <file>rtsv7M4_T_le_v4SPD16_eabi.lib</file>
         <name>fopen.obj</name>
      </input_file>
      <input_file id="fl-fe">
         <path>/home/david/ti/ccsv7/tools/compiler/ti-cgt-arm_16.9.6.LTS/lib/</path>
         <kind>archive</kind>
         <file>rtsv7M4_T_le_v4SPD16_eabi.lib</file>
         <name>open.obj</name>
      </input_file>
      <input_file id="fl-ff">
         <path>/home/david/ti/ccsv7/tools/compiler/ti-cgt-arm_16.9.6.LTS/lib/</path>
         <kind>archive</kind>
         <file>rtsv7M4_T_le_v4SPD16_eabi.lib</file>
         <name>s_copysign.obj</name>
      </input_file>
      <input_file id="fl-100">
         <path>/home/david/ti/ccsv7/tools/compiler/ti-cgt-arm_16.9.6.LTS/lib/</path>
         <kind>archive</kind>
         <file>rtsv7M4_T_le_v4SPD16_eabi.lib</file>
         <name>fclose.obj</name>
      </input_file>
      <input_file id="fl-101">
         <path>/home/david/ti/ccsv7/tools/compiler/ti-cgt-arm_16.9.6.LTS/lib/</path>
         <kind>archive</kind>
         <file>rtsv7M4_T_le_v4SPD16_eabi.lib</file>
         <name>getdevice.obj</name>
      </input_file>
      <input_file id="fl-102">
         <path>/home/david/ti/ccsv7/tools/compiler/ti-cgt-arm_16.9.6.LTS/lib/</path>
         <kind>archive</kind>
         <file>rtsv7M4_T_le_v4SPD16_eabi.lib</file>
         <name>remove.obj</name>
      </input_file>
      <input_file id="fl-103">
         <path>/home/david/ti/ccsv7/tools/compiler/ti-cgt-arm_16.9.6.LTS/lib/</path>
         <kind>archive</kind>
         <file>rtsv7M4_T_le_v4SPD16_eabi.lib</file>
         <name>strcmp.obj</name>
      </input_file>
      <input_file id="fl-104">
         <path>/home/david/ti/ccsv7/tools/compiler/ti-cgt-arm_16.9.6.LTS/lib/</path>
         <kind>archive</kind>
         <file>rtsv7M4_T_le_v4SPD16_eabi.lib</file>
         <name>strncpy.obj</name>
      </input_file>
      <input_file id="fl-105">
         <path>/home/david/ti/ccsv7/tools/compiler/ti-cgt-arm_16.9.6.LTS/lib/</path>
         <kind>archive</kind>
         <file>rtsv7M4_T_le_v4SPD16_eabi.lib</file>
         <name>unlink.obj</name>
      </input_file>
      <input_file id="fl-106">
         <path>/home/david/ti/ccsv7/tools/compiler/ti-cgt-arm_16.9.6.LTS/lib/</path>
         <kind>archive</kind>
         <file>rtsv7M4_T_le_v4SPD16_eabi.lib</file>
         <name>close.obj</name>
      </input_file>
   </input_file_list>
   <object_component_list>
      <object_component id="oc-2e">
         <name>.intvecs:retain</name>
         <load_address>0x0</load_address>
         <run_address>0x0</run_address>
         <size>0xe4</size>
         <input_file_ref idref="fl-5"/>
      </object_component>
      <object_component id="oc-20a">
         <name>.text</name>
         <load_address>0xe4</load_address>
         <run_address>0xe4</run_address>
         <size>0x113e</size>
         <input_file_ref idref="fl-da"/>
      </object_component>
      <object_component id="oc-58">
         <name>.text</name>
         <load_address>0x1222</load_address>
         <run_address>0x1222</run_address>
         <size>0x2</size>
         <input_file_ref idref="fl-ce"/>
      </object_component>
      <object_component id="oc-7a">
         <name>.text</name>
         <load_address>0x1224</load_address>
         <run_address>0x1224</run_address>
         <size>0x824</size>
         <input_file_ref idref="fl-2"/>
      </object_component>
      <object_component id="oc-1a2">
         <name>.text</name>
         <load_address>0x1a48</load_address>
         <run_address>0x1a48</run_address>
         <size>0x3d0</size>
         <input_file_ref idref="fl-cc"/>
      </object_component>
      <object_component id="oc-80">
         <name>.text</name>
         <load_address>0x1e18</load_address>
         <run_address>0x1e18</run_address>
         <size>0x3c8</size>
         <input_file_ref idref="fl-3"/>
      </object_component>
      <object_component id="oc-1bb">
         <name>.text</name>
         <load_address>0x21e0</load_address>
         <run_address>0x21e0</run_address>
         <size>0x334</size>
         <input_file_ref idref="fl-6"/>
      </object_component>
      <object_component id="oc-3d0">
         <name>.text</name>
         <load_address>0x2514</load_address>
         <run_address>0x2514</run_address>
         <size>0x1f4</size>
         <input_file_ref idref="fl-fb"/>
      </object_component>
      <object_component id="oc-666">
         <name>.text</name>
         <load_address>0x2708</load_address>
         <run_address>0x2708</run_address>
         <size>0x1c4</size>
         <input_file_ref idref="fl-fd"/>
      </object_component>
      <object_component id="oc-3f9">
         <name>.text</name>
         <load_address>0x28cc</load_address>
         <run_address>0x28cc</run_address>
         <size>0x1b6</size>
         <input_file_ref idref="fl-e1"/>
      </object_component>
      <object_component id="oc-955">
         <name>.text</name>
         <load_address>0x2a82</load_address>
         <run_address>0x2a82</run_address>
         <size>0x2</size>
         <input_file_ref idref="fl-d0"/>
      </object_component>
      <object_component id="oc-b9">
         <name>.text</name>
         <load_address>0x2a84</load_address>
         <run_address>0x2a84</run_address>
         <size>0x180</size>
         <input_file_ref idref="fl-4"/>
      </object_component>
      <object_component id="oc-3df">
         <name>.text</name>
         <load_address>0x2c04</load_address>
         <run_address>0x2c04</run_address>
         <size>0x136</size>
         <input_file_ref idref="fl-e3"/>
      </object_component>
      <object_component id="oc-b1">
         <name>.text</name>
         <load_address>0x2d3a</load_address>
         <run_address>0x2d3a</run_address>
         <size>0x2</size>
         <input_file_ref idref="fl-f7"/>
      </object_component>
      <object_component id="oc-204">
         <name>.text</name>
         <load_address>0x2d3c</load_address>
         <run_address>0x2d3c</run_address>
         <size>0x134</size>
         <input_file_ref idref="fl-c8"/>
      </object_component>
      <object_component id="oc-3da">
         <name>.text</name>
         <load_address>0x2e70</load_address>
         <run_address>0x2e70</run_address>
         <size>0xfc</size>
         <input_file_ref idref="fl-e4"/>
      </object_component>
      <object_component id="oc-404">
         <name>.text</name>
         <load_address>0x2f6c</load_address>
         <run_address>0x2f6c</run_address>
         <size>0xfc</size>
         <input_file_ref idref="fl-f5"/>
      </object_component>
      <object_component id="oc-17e">
         <name>.text</name>
         <load_address>0x3068</load_address>
         <run_address>0x3068</run_address>
         <size>0xf4</size>
         <input_file_ref idref="fl-c6"/>
      </object_component>
      <object_component id="oc-547">
         <name>.text</name>
         <load_address>0x315c</load_address>
         <run_address>0x315c</run_address>
         <size>0xdc</size>
         <input_file_ref idref="fl-f6"/>
      </object_component>
      <object_component id="oc-134">
         <name>.text:_ZNSt6vectorIP32DIO_PORT_Even_Interruptable_TypeSaIS1_EEaSERKS3_</name>
         <load_address>0x3238</load_address>
         <run_address>0x3238</run_address>
         <size>0xd6</size>
         <input_file_ref idref="fl-2"/>
      </object_component>
      <object_component id="oc-13b">
         <name>.text:_ZNSt6vectorItSaItEEaSERKS1_</name>
         <load_address>0x330e</load_address>
         <run_address>0x330e</run_address>
         <size>0xd6</size>
         <input_file_ref idref="fl-2"/>
      </object_component>
      <object_component id="oc-3b4">
         <name>.text</name>
         <load_address>0x33e4</load_address>
         <run_address>0x33e4</run_address>
         <size>0xc8</size>
         <input_file_ref idref="fl-e6"/>
      </object_component>
      <object_component id="oc-5db">
         <name>.text:_ZNSt6vectorIP32DIO_PORT_Even_Interruptable_TypeSaIS1_EE19_M_range_insert_auxIPS1_EEvS5_T_S6_jRKSt12__false_type</name>
         <load_address>0x34ac</load_address>
         <run_address>0x34ac</run_address>
         <size>0xbc</size>
         <input_file_ref idref="fl-2"/>
      </object_component>
      <object_component id="oc-5f0">
         <name>.text:_ZNSt6vectorItSaItEE19_M_range_insert_auxIPtEEvS3_T_S4_jRKSt12__false_type</name>
         <load_address>0x3568</load_address>
         <run_address>0x3568</run_address>
         <size>0xbc</size>
         <input_file_ref idref="fl-2"/>
      </object_component>
      <object_component id="oc-7a8">
         <name>.text</name>
         <load_address>0x3624</load_address>
         <run_address>0x3624</run_address>
         <size>0xbc</size>
         <input_file_ref idref="fl-fe"/>
      </object_component>
      <object_component id="oc-639">
         <name>.text</name>
         <load_address>0x36e0</load_address>
         <run_address>0x36e0</run_address>
         <size>0xbc</size>
         <input_file_ref idref="fl-d5"/>
      </object_component>
      <object_component id="oc-3ae">
         <name>.text</name>
         <load_address>0x379c</load_address>
         <run_address>0x379c</run_address>
         <size>0xac</size>
         <input_file_ref idref="fl-d8"/>
      </object_component>
      <object_component id="oc-40">
         <name>.text</name>
         <load_address>0x3848</load_address>
         <run_address>0x3848</run_address>
         <size>0x9c</size>
         <input_file_ref idref="fl-ca"/>
      </object_component>
      <object_component id="oc-7ae">
         <name>.text</name>
         <load_address>0x38e4</load_address>
         <run_address>0x38e4</run_address>
         <size>0x98</size>
         <input_file_ref idref="fl-100"/>
      </object_component>
      <object_component id="oc-1fe">
         <name>.text</name>
         <load_address>0x397c</load_address>
         <run_address>0x397c</run_address>
         <size>0x98</size>
         <input_file_ref idref="fl-e7"/>
      </object_component>
      <object_component id="oc-3d5">
         <name>.text:__aeabi_cdcmple</name>
         <load_address>0x3a14</load_address>
         <run_address>0x3a14</run_address>
         <size>0x86</size>
         <input_file_ref idref="fl-e2"/>
      </object_component>
      <object_component id="oc-3e4">
         <name>.text:__aeabi_cdrcmple</name>
         <load_address>0x3a9a</load_address>
         <run_address>0x3a9a</run_address>
         <size>0x86</size>
         <input_file_ref idref="fl-e2"/>
      </object_component>
      <object_component id="oc-5e2">
         <name>.text:_ZNSt6vectorIP32DIO_PORT_Even_Interruptable_TypeSaIS1_EE23_M_range_insert_reallocIPS1_EEvS5_T_S6_j</name>
         <load_address>0x3b20</load_address>
         <run_address>0x3b20</run_address>
         <size>0x82</size>
         <input_file_ref idref="fl-2"/>
      </object_component>
      <object_component id="oc-5f7">
         <name>.text:_ZNSt6vectorItSaItEE23_M_range_insert_reallocIPtEEvS3_T_S4_j</name>
         <load_address>0x3ba2</load_address>
         <run_address>0x3ba2</run_address>
         <size>0x82</size>
         <input_file_ref idref="fl-2"/>
      </object_component>
      <object_component id="oc-4c">
         <name>.text</name>
         <load_address>0x3c24</load_address>
         <run_address>0x3c24</run_address>
         <size>0x7a</size>
         <input_file_ref idref="fl-cd"/>
      </object_component>
      <object_component id="oc-234">
         <name>.text:_ZNSt6vectorIP32DIO_PORT_Even_Interruptable_TypeSaIS1_EE18_M_insert_overflowEPS1_RKS1_RKSt11__true_typejb</name>
         <load_address>0x3c9e</load_address>
         <run_address>0x3c9e</run_address>
         <size>0x70</size>
         <input_file_ref idref="fl-2"/>
      </object_component>
      <object_component id="oc-242">
         <name>.text:_ZNSt6vectorItSaItEE18_M_insert_overflowEPtRKtRKSt11__true_typejb</name>
         <load_address>0x3d0e</load_address>
         <run_address>0x3d0e</run_address>
         <size>0x70</size>
         <input_file_ref idref="fl-2"/>
      </object_component>
      <object_component id="oc-64">
         <name>.text</name>
         <load_address>0x3d80</load_address>
         <run_address>0x3d80</run_address>
         <size>0x70</size>
         <input_file_ref idref="fl-dd"/>
      </object_component>
      <object_component id="oc-872">
         <name>.text</name>
         <load_address>0x3df0</load_address>
         <run_address>0x3df0</run_address>
         <size>0x70</size>
         <input_file_ref idref="fl-101"/>
      </object_component>
      <object_component id="oc-cc">
         <name>.text</name>
         <load_address>0x3e60</load_address>
         <run_address>0x3e60</run_address>
         <size>0x70</size>
         <input_file_ref idref="fl-d2"/>
      </object_component>
      <object_component id="oc-14">
         <name>.text:decompress:lzss</name>
         <load_address>0x3ed0</load_address>
         <run_address>0x3ed0</run_address>
         <size>0x68</size>
         <input_file_ref idref="fl-c1"/>
      </object_component>
      <object_component id="oc-7d1">
         <name>.text</name>
         <load_address>0x3f38</load_address>
         <run_address>0x3f38</run_address>
         <size>0x68</size>
         <input_file_ref idref="fl-ea"/>
      </object_component>
      <object_component id="oc-7dd">
         <name>.text</name>
         <load_address>0x3fa0</load_address>
         <run_address>0x3fa0</run_address>
         <size>0x68</size>
         <input_file_ref idref="fl-ed"/>
      </object_component>
      <object_component id="oc-88c">
         <name>.text</name>
         <load_address>0x4008</load_address>
         <run_address>0x4008</run_address>
         <size>0x68</size>
         <input_file_ref idref="fl-fa"/>
      </object_component>
      <object_component id="oc-541">
         <name>.text</name>
         <load_address>0x4070</load_address>
         <run_address>0x4070</run_address>
         <size>0x64</size>
         <input_file_ref idref="fl-e8"/>
      </object_component>
      <object_component id="oc-3fe">
         <name>.text</name>
         <load_address>0x40d4</load_address>
         <run_address>0x40d4</run_address>
         <size>0x64</size>
         <input_file_ref idref="fl-f4"/>
      </object_component>
      <object_component id="oc-7b9">
         <name>.text</name>
         <load_address>0x4138</load_address>
         <run_address>0x4138</run_address>
         <size>0x60</size>
         <input_file_ref idref="fl-eb"/>
      </object_component>
      <object_component id="oc-4af">
         <name>.text:_ZNSt6vectorIP32DIO_PORT_Even_Interruptable_TypeSaIS1_EE15_M_range_insertIPS1_EEvS5_T_S6_RKSt20forward_iterator_tag</name>
         <load_address>0x4198</load_address>
         <run_address>0x4198</run_address>
         <size>0x5c</size>
         <input_file_ref idref="fl-2"/>
      </object_component>
      <object_component id="oc-4b6">
         <name>.text:_ZNSt6vectorItSaItEE15_M_range_insertIPtEEvS3_T_S4_RKSt20forward_iterator_tag</name>
         <load_address>0x41f4</load_address>
         <run_address>0x41f4</run_address>
         <size>0x5c</size>
         <input_file_ref idref="fl-2"/>
      </object_component>
      <object_component id="oc-87b">
         <name>.text</name>
         <load_address>0x4250</load_address>
         <run_address>0x4250</run_address>
         <size>0x5c</size>
         <input_file_ref idref="fl-106"/>
      </object_component>
      <object_component id="oc-45b">
         <name>.text:_ZNSt6vectorIP32DIO_PORT_Even_Interruptable_TypeSaIS1_EE20_M_compute_next_sizeEj</name>
         <load_address>0x42ac</load_address>
         <run_address>0x42ac</run_address>
         <size>0x5a</size>
         <input_file_ref idref="fl-2"/>
      </object_component>
      <object_component id="oc-493">
         <name>.text:_ZNSt6vectorItSaItEE20_M_compute_next_sizeEj</name>
         <load_address>0x4306</load_address>
         <run_address>0x4306</run_address>
         <size>0x5a</size>
         <input_file_ref idref="fl-2"/>
      </object_component>
      <object_component id="oc-7c5">
         <name>.text</name>
         <load_address>0x4360</load_address>
         <run_address>0x4360</run_address>
         <size>0x58</size>
         <input_file_ref idref="fl-ec"/>
      </object_component>
      <object_component id="oc-7cb">
         <name>.text</name>
         <load_address>0x43b8</load_address>
         <run_address>0x43b8</run_address>
         <size>0x58</size>
         <input_file_ref idref="fl-ef"/>
      </object_component>
      <object_component id="oc-26">
         <name>.text</name>
         <load_address>0x4410</load_address>
         <run_address>0x4410</run_address>
         <size>0x54</size>
         <input_file_ref idref="fl-c0"/>
      </object_component>
      <object_component id="oc-70">
         <name>.text</name>
         <load_address>0x4464</load_address>
         <run_address>0x4464</run_address>
         <size>0x54</size>
         <input_file_ref idref="fl-c7"/>
      </object_component>
      <object_component id="oc-3ee">
         <name>.text</name>
         <load_address>0x44b8</load_address>
         <run_address>0x44b8</run_address>
         <size>0x54</size>
         <input_file_ref idref="fl-f2"/>
      </object_component>
      <object_component id="oc-6c0">
         <name>.text:_ZNSaIP32DIO_PORT_Even_Interruptable_TypeE11_M_allocateEjRj</name>
         <load_address>0x450c</load_address>
         <run_address>0x450c</run_address>
         <size>0x4c</size>
         <input_file_ref idref="fl-2"/>
      </object_component>
      <object_component id="oc-6d5">
         <name>.text:_ZNSaItE11_M_allocateEjRj</name>
         <load_address>0x4558</load_address>
         <run_address>0x4558</run_address>
         <size>0x4c</size>
         <input_file_ref idref="fl-2"/>
      </object_component>
      <object_component id="oc-410">
         <name>.text</name>
         <load_address>0x45a4</load_address>
         <run_address>0x45a4</run_address>
         <size>0x4c</size>
         <input_file_ref idref="fl-dc"/>
      </object_component>
      <object_component id="oc-ab">
         <name>.text</name>
         <load_address>0x45f0</load_address>
         <run_address>0x45f0</run_address>
         <size>0x4c</size>
         <input_file_ref idref="fl-de"/>
      </object_component>
      <object_component id="oc-6b5">
         <name>.text</name>
         <load_address>0x463c</load_address>
         <run_address>0x463c</run_address>
         <size>0x48</size>
         <input_file_ref idref="fl-c5"/>
      </object_component>
      <object_component id="oc-3e9">
         <name>.text</name>
         <load_address>0x4684</load_address>
         <run_address>0x4684</run_address>
         <size>0x48</size>
         <input_file_ref idref="fl-e5"/>
      </object_component>
      <object_component id="oc-fc">
         <name>.text:_ZNSt6vectorIP32DIO_PORT_Even_Interruptable_TypeSaIS1_EE9push_backERKS1_</name>
         <load_address>0x46cc</load_address>
         <run_address>0x46cc</run_address>
         <size>0x44</size>
         <input_file_ref idref="fl-2"/>
      </object_component>
      <object_component id="oc-103">
         <name>.text:_ZNSt6vectorItSaItEE9push_backERKt</name>
         <load_address>0x4710</load_address>
         <run_address>0x4710</run_address>
         <size>0x44</size>
         <input_file_ref idref="fl-2"/>
      </object_component>
      <object_component id="oc-7bf">
         <name>.text</name>
         <load_address>0x4754</load_address>
         <run_address>0x4754</run_address>
         <size>0x44</size>
         <input_file_ref idref="fl-e9"/>
      </object_component>
      <object_component id="oc-7d7">
         <name>.text</name>
         <load_address>0x4798</load_address>
         <run_address>0x4798</run_address>
         <size>0x44</size>
         <input_file_ref idref="fl-ee"/>
      </object_component>
      <object_component id="oc-70d">
         <name>.text:_ZNSt6vectorIP32DIO_PORT_Even_Interruptable_TypeSaIS1_EE19_M_clear_after_moveEv</name>
         <load_address>0x47dc</load_address>
         <run_address>0x47dc</run_address>
         <size>0x36</size>
         <input_file_ref idref="fl-2"/>
      </object_component>
      <object_component id="oc-265">
         <name>.text:_ZNSt6vectorIP32DIO_PORT_Even_Interruptable_TypeSaIS1_EE8_M_clearEv</name>
         <load_address>0x4812</load_address>
         <run_address>0x4812</run_address>
         <size>0x36</size>
         <input_file_ref idref="fl-2"/>
      </object_component>
      <object_component id="oc-745">
         <name>.text:_ZNSt6vectorItSaItEE19_M_clear_after_moveEv</name>
         <load_address>0x4848</load_address>
         <run_address>0x4848</run_address>
         <size>0x36</size>
         <input_file_ref idref="fl-2"/>
      </object_component>
      <object_component id="oc-29b">
         <name>.text:_ZNSt6vectorItSaItEE8_M_clearEv</name>
         <load_address>0x487e</load_address>
         <run_address>0x487e</run_address>
         <size>0x36</size>
         <input_file_ref idref="fl-2"/>
      </object_component>
      <object_component id="oc-903">
         <name>.text</name>
         <load_address>0x48b4</load_address>
         <run_address>0x48b4</run_address>
         <size>0x36</size>
         <input_file_ref idref="fl-104"/>
      </object_component>
      <object_component id="oc-818">
         <name>.text:_ZNSt4priv10__copy_auxIPP32DIO_PORT_Even_Interruptable_TypeS3_EET0_T_S5_S4_RKSt11__true_type</name>
         <load_address>0x48ec</load_address>
         <run_address>0x48ec</run_address>
         <size>0x30</size>
         <input_file_ref idref="fl-2"/>
      </object_component>
      <object_component id="oc-83b">
         <name>.text:_ZNSt4priv10__copy_auxIPtS1_EET0_T_S3_S2_RKSt11__true_type</name>
         <load_address>0x491c</load_address>
         <run_address>0x491c</run_address>
         <size>0x30</size>
         <input_file_ref idref="fl-2"/>
      </object_component>
      <object_component id="oc-605">
         <name>.text:_ZNSt4priv11__ucopy_auxIPKP32DIO_PORT_Even_Interruptable_TypePS2_EET0_T_S7_S6_RKSt11__true_type</name>
         <load_address>0x494c</load_address>
         <run_address>0x494c</run_address>
         <size>0x30</size>
         <input_file_ref idref="fl-2"/>
      </object_component>
      <object_component id="oc-626">
         <name>.text:_ZNSt4priv11__ucopy_auxIPKtPtEET0_T_S5_S4_RKSt11__true_type</name>
         <load_address>0x497c</load_address>
         <run_address>0x497c</run_address>
         <size>0x30</size>
         <input_file_ref idref="fl-2"/>
      </object_component>
      <object_component id="oc-826">
         <name>.text:_ZNSt4priv11__ucopy_auxIPP32DIO_PORT_Even_Interruptable_TypeS3_EET0_T_S5_S4_RKSt11__true_type</name>
         <load_address>0x49ac</load_address>
         <run_address>0x49ac</run_address>
         <size>0x30</size>
         <input_file_ref idref="fl-2"/>
      </object_component>
      <object_component id="oc-849">
         <name>.text:_ZNSt4priv11__ucopy_auxIPtS1_EET0_T_S3_S2_RKSt11__true_type</name>
         <load_address>0x49dc</load_address>
         <run_address>0x49dc</run_address>
         <size>0x30</size>
         <input_file_ref idref="fl-2"/>
      </object_component>
      <object_component id="oc-80a">
         <name>.text:_ZNSt4priv23__copy_trivial_backwardEPKvS1_Pv</name>
         <load_address>0x4a0c</load_address>
         <run_address>0x4a0c</run_address>
         <size>0x30</size>
         <input_file_ref idref="fl-2"/>
      </object_component>
      <object_component id="oc-928">
         <name>.text</name>
         <load_address>0x4a3c</load_address>
         <run_address>0x4a3c</run_address>
         <size>0x30</size>
         <input_file_ref idref="fl-cf"/>
      </object_component>
      <object_component id="oc-529">
         <name>.text:_ZNSt4priv12_Vector_baseIP32DIO_PORT_Even_Interruptable_TypeSaIS2_EED1Ev</name>
         <load_address>0x4a6c</load_address>
         <run_address>0x4a6c</run_address>
         <size>0x2e</size>
         <input_file_ref idref="fl-2"/>
      </object_component>
      <object_component id="oc-50d">
         <name>.text:_ZNSt4priv12_Vector_baseItSaItEED1Ev</name>
         <load_address>0x4a9a</load_address>
         <run_address>0x4a9a</run_address>
         <size>0x2e</size>
         <input_file_ref idref="fl-2"/>
      </object_component>
      <object_component id="oc-469">
         <name>.text:_ZNSt4priv14__copy_trivialEPKvS1_Pv</name>
         <load_address>0x4ac8</load_address>
         <run_address>0x4ac8</run_address>
         <size>0x2e</size>
         <input_file_ref idref="fl-2"/>
      </object_component>
      <object_component id="oc-470">
         <name>.text:_ZNSt4priv8__fill_nIPP32DIO_PORT_Even_Interruptable_TypejS2_EET_S4_T0_RKT1_</name>
         <load_address>0x4af6</load_address>
         <run_address>0x4af6</run_address>
         <size>0x2e</size>
         <input_file_ref idref="fl-2"/>
      </object_component>
      <object_component id="oc-4a1">
         <name>.text:_ZNSt4priv8__fill_nIPtjtEET_S2_T0_RKT1_</name>
         <load_address>0x4b24</load_address>
         <run_address>0x4b24</run_address>
         <size>0x2e</size>
         <input_file_ref idref="fl-2"/>
      </object_component>
      <object_component id="oc-25e">
         <name>.text:_ZNSt6vectorIP32DIO_PORT_Even_Interruptable_TypeSaIS1_EE20_M_allocate_and_copyIPKS1_EEPS1_RjT_S9_</name>
         <load_address>0x4b52</load_address>
         <run_address>0x4b52</run_address>
         <size>0x2e</size>
         <input_file_ref idref="fl-2"/>
      </object_component>
      <object_component id="oc-294">
         <name>.text:_ZNSt6vectorItSaItEE20_M_allocate_and_copyIPKtEEPtRjT_S7_</name>
         <load_address>0x4b80</load_address>
         <run_address>0x4b80</run_address>
         <size>0x2e</size>
         <input_file_ref idref="fl-2"/>
      </object_component>
      <object_component id="oc-522">
         <name>.text:_ZSt15__destroy_rangeISt16reverse_iteratorIPP32DIO_PORT_Even_Interruptable_TypeES2_EvT_S5_PT0_</name>
         <load_address>0x4bae</load_address>
         <run_address>0x4bae</run_address>
         <size>0x2e</size>
         <input_file_ref idref="fl-2"/>
      </object_component>
      <object_component id="oc-506">
         <name>.text:_ZSt15__destroy_rangeISt16reverse_iteratorIPtEtEvT_S3_PT0_</name>
         <load_address>0x4bdc</load_address>
         <run_address>0x4bdc</run_address>
         <size>0x2e</size>
         <input_file_ref idref="fl-2"/>
      </object_component>
      <object_component id="oc-8c6">
         <name>.text:_ZSt17__destroy_mv_srcsISt16reverse_iteratorIPP32DIO_PORT_Even_Interruptable_TypeES2_EvT_S5_PT0_</name>
         <load_address>0x4c0a</load_address>
         <run_address>0x4c0a</run_address>
         <size>0x2e</size>
         <input_file_ref idref="fl-2"/>
      </object_component>
      <object_component id="oc-8e2">
         <name>.text:_ZSt17__destroy_mv_srcsISt16reverse_iteratorIPtEtEvT_S3_PT0_</name>
         <load_address>0x4c38</load_address>
         <run_address>0x4c38</run_address>
         <size>0x2e</size>
         <input_file_ref idref="fl-2"/>
      </object_component>
      <object_component id="oc-3f4">
         <name>.text</name>
         <load_address>0x4c66</load_address>
         <run_address>0x4c66</run_address>
         <size>0x2e</size>
         <input_file_ref idref="fl-f0"/>
      </object_component>
      <object_component id="oc-4d2">
         <name>.text:_ZNSt4priv15__ucopy_trivialEPKvS1_Pv</name>
         <load_address>0x4c94</load_address>
         <run_address>0x4c94</run_address>
         <size>0x2c</size>
         <input_file_ref idref="fl-2"/>
      </object_component>
      <object_component id="oc-881">
         <name>.text</name>
         <load_address>0x4cc0</load_address>
         <run_address>0x4cc0</run_address>
         <size>0x2c</size>
         <input_file_ref idref="fl-105"/>
      </object_component>
      <object_component id="oc-65e">
         <name>.text</name>
         <load_address>0x4cec</load_address>
         <run_address>0x4cec</run_address>
         <size>0x28</size>
         <input_file_ref idref="fl-f1"/>
      </object_component>
      <object_component id="oc-3ba">
         <name>.text</name>
         <load_address>0x4d14</load_address>
         <run_address>0x4d14</run_address>
         <size>0x28</size>
         <input_file_ref idref="fl-d7"/>
      </object_component>
      <object_component id="oc-14e">
         <name>.text:_ZNSt6vectorIP32DIO_PORT_Even_Interruptable_TypeSaIS1_EED1Ev</name>
         <load_address>0x4d3c</load_address>
         <run_address>0x4d3c</run_address>
         <size>0x26</size>
         <input_file_ref idref="fl-2"/>
      </object_component>
      <object_component id="oc-147">
         <name>.text:_ZNSt6vectorItSaItEED1Ev</name>
         <load_address>0x4d62</load_address>
         <run_address>0x4d62</run_address>
         <size>0x26</size>
         <input_file_ref idref="fl-2"/>
      </object_component>
      <object_component id="oc-2eb">
         <name>.text:_ZSt14_Destroy_RangeISt16reverse_iteratorIPP32DIO_PORT_Even_Interruptable_TypeEEvT_S5_</name>
         <load_address>0x4d88</load_address>
         <run_address>0x4d88</run_address>
         <size>0x26</size>
         <input_file_ref idref="fl-2"/>
      </object_component>
      <object_component id="oc-2ca">
         <name>.text:_ZSt14_Destroy_RangeISt16reverse_iteratorIPtEEvT_S3_</name>
         <load_address>0x4dae</load_address>
         <run_address>0x4dae</run_address>
         <size>0x26</size>
         <input_file_ref idref="fl-2"/>
      </object_component>
      <object_component id="oc-82d">
         <name>.text:_ZSt20_Destroy_Moved_RangeISt16reverse_iteratorIPP32DIO_PORT_Even_Interruptable_TypeEEvT_S5_</name>
         <load_address>0x4dd4</load_address>
         <run_address>0x4dd4</run_address>
         <size>0x26</size>
         <input_file_ref idref="fl-2"/>
      </object_component>
      <object_component id="oc-850">
         <name>.text:_ZSt20_Destroy_Moved_RangeISt16reverse_iteratorIPtEEvT_S3_</name>
         <load_address>0x4dfa</load_address>
         <run_address>0x4dfa</run_address>
         <size>0x26</size>
         <input_file_ref idref="fl-2"/>
      </object_component>
      <object_component id="oc-59d">
         <name>.text:_ZNKSt6vectorIP32DIO_PORT_Even_Interruptable_TypeSaIS1_EE8max_sizeEv</name>
         <load_address>0x4e20</load_address>
         <run_address>0x4e20</run_address>
         <size>0x24</size>
         <input_file_ref idref="fl-2"/>
      </object_component>
      <object_component id="oc-5bf">
         <name>.text:_ZNKSt6vectorItSaItEE8max_sizeEv</name>
         <load_address>0x4e44</load_address>
         <run_address>0x4e44</run_address>
         <size>0x24</size>
         <input_file_ref idref="fl-2"/>
      </object_component>
      <object_component id="oc-5b9">
         <name>.text</name>
         <load_address>0x4e68</load_address>
         <run_address>0x4e68</run_address>
         <size>0x24</size>
         <input_file_ref idref="fl-cb"/>
      </object_component>
      <object_component id="oc-438">
         <name>.text:_ZNSt4priv12_Vector_baseIP32DIO_PORT_Even_Interruptable_TypeSaIS2_EEC1ERKS3_</name>
         <load_address>0x4e8c</load_address>
         <run_address>0x4e8c</run_address>
         <size>0x22</size>
         <input_file_ref idref="fl-2"/>
      </object_component>
      <object_component id="oc-43f">
         <name>.text:_ZNSt4priv12_Vector_baseItSaItEEC1ERKS1_</name>
         <load_address>0x4eae</load_address>
         <run_address>0x4eae</run_address>
         <size>0x22</size>
         <input_file_ref idref="fl-2"/>
      </object_component>
      <object_component id="oc-249">
         <name>.text:_ZNSt6vectorIP32DIO_PORT_Even_Interruptable_TypeSaIS1_EE18_M_insert_dispatchIPS1_EEvS5_T_S6_RKSt12__false_type</name>
         <load_address>0x4ed0</load_address>
         <run_address>0x4ed0</run_address>
         <size>0x22</size>
         <input_file_ref idref="fl-2"/>
      </object_component>
      <object_component id="oc-477">
         <name>.text:_ZNSt6vectorIP32DIO_PORT_Even_Interruptable_TypeSaIS1_EE6_M_setEPS1_S4_S4_</name>
         <load_address>0x4ef2</load_address>
         <run_address>0x4ef2</run_address>
         <size>0x22</size>
         <input_file_ref idref="fl-2"/>
      </object_component>
      <object_component id="oc-118">
         <name>.text:_ZNSt6vectorIP32DIO_PORT_Even_Interruptable_TypeSaIS1_EE6insertIPS1_EEvS5_T_S6_</name>
         <load_address>0x4f14</load_address>
         <run_address>0x4f14</run_address>
         <size>0x22</size>
         <input_file_ref idref="fl-2"/>
      </object_component>
      <object_component id="oc-250">
         <name>.text:_ZNSt6vectorItSaItEE18_M_insert_dispatchIPtEEvS3_T_S4_RKSt12__false_type</name>
         <load_address>0x4f36</load_address>
         <run_address>0x4f36</run_address>
         <size>0x22</size>
         <input_file_ref idref="fl-2"/>
      </object_component>
      <object_component id="oc-4a8">
         <name>.text:_ZNSt6vectorItSaItEE6_M_setEPtS2_S2_</name>
         <load_address>0x4f58</load_address>
         <run_address>0x4f58</run_address>
         <size>0x22</size>
         <input_file_ref idref="fl-2"/>
      </object_component>
      <object_component id="oc-12d">
         <name>.text:_ZNSt6vectorItSaItEE6insertIPtEEvS3_T_S4_</name>
         <load_address>0x4f7a</load_address>
         <run_address>0x4f7a</run_address>
         <size>0x22</size>
         <input_file_ref idref="fl-2"/>
      </object_component>
      <object_component id="oc-706">
         <name>.text:_ZNSt4priv20__uninitialized_moveIPP32DIO_PORT_Even_Interruptable_TypeS3_St11__true_typeEET0_T_S6_S5_T1_RKSt12__false_type</name>
         <load_address>0x4f9c</load_address>
         <run_address>0x4f9c</run_address>
         <size>0x20</size>
         <input_file_ref idref="fl-2"/>
      </object_component>
      <object_component id="oc-73e">
         <name>.text:_ZNSt4priv20__uninitialized_moveIPtS1_St11__true_typeEET0_T_S4_S3_T1_RKSt12__false_type</name>
         <load_address>0x4fbc</load_address>
         <run_address>0x4fbc</run_address>
         <size>0x20</size>
         <input_file_ref idref="fl-2"/>
      </object_component>
      <object_component id="oc-22d">
         <name>.text:_ZSt15_Copy_ConstructIP32DIO_PORT_Even_Interruptable_TypeEvPT_RKS2_</name>
         <load_address>0x4fdc</load_address>
         <run_address>0x4fdc</run_address>
         <size>0x20</size>
         <input_file_ref idref="fl-2"/>
      </object_component>
      <object_component id="oc-23b">
         <name>.text:_ZSt15_Copy_ConstructItEvPT_RKS0_</name>
         <load_address>0x4ffc</load_address>
         <run_address>0x4ffc</run_address>
         <size>0x20</size>
         <input_file_ref idref="fl-2"/>
      </object_component>
      <object_component id="oc-4bd">
         <name>.text:_ZSt18uninitialized_copyIPKP32DIO_PORT_Even_Interruptable_TypePS1_ET0_T_S6_S5_</name>
         <load_address>0x501c</load_address>
         <run_address>0x501c</run_address>
         <size>0x20</size>
         <input_file_ref idref="fl-2"/>
      </object_component>
      <object_component id="oc-4d9">
         <name>.text:_ZSt18uninitialized_copyIPKtPtET0_T_S4_S3_</name>
         <load_address>0x503c</load_address>
         <run_address>0x503c</run_address>
         <size>0x20</size>
         <input_file_ref idref="fl-2"/>
      </object_component>
      <object_component id="oc-6ff">
         <name>.text:_ZSt18uninitialized_copyIPP32DIO_PORT_Even_Interruptable_TypeS2_ET0_T_S4_S3_</name>
         <load_address>0x505c</load_address>
         <run_address>0x505c</run_address>
         <size>0x20</size>
         <input_file_ref idref="fl-2"/>
      </object_component>
      <object_component id="oc-737">
         <name>.text:_ZSt18uninitialized_copyIPtS0_ET0_T_S2_S1_</name>
         <load_address>0x507c</load_address>
         <run_address>0x507c</run_address>
         <size>0x20</size>
         <input_file_ref idref="fl-2"/>
      </object_component>
      <object_component id="oc-6f1">
         <name>.text:_ZSt4copyIPP32DIO_PORT_Even_Interruptable_TypeS2_ET0_T_S4_S3_</name>
         <load_address>0x509c</load_address>
         <run_address>0x509c</run_address>
         <size>0x20</size>
         <input_file_ref idref="fl-2"/>
      </object_component>
      <object_component id="oc-729">
         <name>.text:_ZSt4copyIPtS0_ET0_T_S2_S1_</name>
         <load_address>0x50bc</load_address>
         <run_address>0x50bc</run_address>
         <size>0x20</size>
         <input_file_ref idref="fl-2"/>
      </object_component>
      <object_component id="oc-3c8">
         <name>.text</name>
         <load_address>0x50dc</load_address>
         <run_address>0x50dc</run_address>
         <size>0x20</size>
         <input_file_ref idref="fl-c9"/>
      </object_component>
      <object_component id="oc-5ab">
         <name>.text:_ZSt3maxIjERKT_S2_S2_</name>
         <load_address>0x50fc</load_address>
         <run_address>0x50fc</run_address>
         <size>0x1e</size>
         <input_file_ref idref="fl-2"/>
      </object_component>
      <object_component id="oc-26c">
         <name>.text:_ZNSt4priv11__copy_ptrsIPKP32DIO_PORT_Even_Interruptable_TypePS2_EET0_T_S7_S6_RKSt11__true_type</name>
         <load_address>0x511a</load_address>
         <run_address>0x511a</run_address>
         <size>0x1c</size>
         <input_file_ref idref="fl-2"/>
      </object_component>
      <object_component id="oc-2a2">
         <name>.text:_ZNSt4priv11__copy_ptrsIPKtPtEET0_T_S5_S4_RKSt11__true_type</name>
         <load_address>0x5136</load_address>
         <run_address>0x5136</run_address>
         <size>0x1c</size>
         <input_file_ref idref="fl-2"/>
      </object_component>
      <object_component id="oc-8b8">
         <name>.text:_ZNSt4priv11__copy_ptrsIPP32DIO_PORT_Even_Interruptable_TypeS3_EET0_T_S5_S4_RKSt11__true_type</name>
         <load_address>0x5152</load_address>
         <run_address>0x5152</run_address>
         <size>0x1c</size>
         <input_file_ref idref="fl-2"/>
      </object_component>
      <object_component id="oc-8d4">
         <name>.text:_ZNSt4priv11__copy_ptrsIPtS1_EET0_T_S3_S2_RKSt11__true_type</name>
         <load_address>0x516e</load_address>
         <run_address>0x516e</run_address>
         <size>0x1c</size>
         <input_file_ref idref="fl-2"/>
      </object_component>
      <object_component id="oc-27a">
         <name>.text:_ZNSt4priv12__ucopy_ptrsIPKP32DIO_PORT_Even_Interruptable_TypePS2_EET0_T_S7_S6_RKSt11__true_type</name>
         <load_address>0x518a</load_address>
         <run_address>0x518a</run_address>
         <size>0x1c</size>
         <input_file_ref idref="fl-2"/>
      </object_component>
      <object_component id="oc-2b0">
         <name>.text:_ZNSt4priv12__ucopy_ptrsIPKtPtEET0_T_S5_S4_RKSt11__true_type</name>
         <load_address>0x51a6</load_address>
         <run_address>0x51a6</run_address>
         <size>0x1c</size>
         <input_file_ref idref="fl-2"/>
      </object_component>
      <object_component id="oc-6e3">
         <name>.text:_ZNSt4priv12__ucopy_ptrsIPP32DIO_PORT_Even_Interruptable_TypeS3_EET0_T_S5_S4_RKSt11__true_type</name>
         <load_address>0x51c2</load_address>
         <run_address>0x51c2</run_address>
         <size>0x1c</size>
         <input_file_ref idref="fl-2"/>
      </object_component>
      <object_component id="oc-71b">
         <name>.text:_ZNSt4priv12__ucopy_ptrsIPtS1_EET0_T_S3_S2_RKSt11__true_type</name>
         <load_address>0x51de</load_address>
         <run_address>0x51de</run_address>
         <size>0x1c</size>
         <input_file_ref idref="fl-2"/>
      </object_component>
      <object_component id="oc-462">
         <name>.text:_ZNSt4priv17_STLP_alloc_proxyIPP32DIO_PORT_Even_Interruptable_TypeS2_SaIS2_EE8allocateEjRj</name>
         <load_address>0x51fa</load_address>
         <run_address>0x51fa</run_address>
         <size>0x1c</size>
         <input_file_ref idref="fl-2"/>
      </object_component>
      <object_component id="oc-5b2">
         <name>.text:_ZNSt4priv17_STLP_alloc_proxyIPP32DIO_PORT_Even_Interruptable_TypeS2_SaIS2_EE8allocateEjRjRKSt11__true_type</name>
         <load_address>0x5216</load_address>
         <run_address>0x5216</run_address>
         <size>0x1c</size>
         <input_file_ref idref="fl-2"/>
      </object_component>
      <object_component id="oc-49a">
         <name>.text:_ZNSt4priv17_STLP_alloc_proxyIPttSaItEE8allocateEjRj</name>
         <load_address>0x5232</load_address>
         <run_address>0x5232</run_address>
         <size>0x1c</size>
         <input_file_ref idref="fl-2"/>
      </object_component>
      <object_component id="oc-5cd">
         <name>.text:_ZNSt4priv17_STLP_alloc_proxyIPttSaItEE8allocateEjRjRKSt11__true_type</name>
         <load_address>0x524e</load_address>
         <run_address>0x524e</run_address>
         <size>0x1c</size>
         <input_file_ref idref="fl-2"/>
      </object_component>
      <object_component id="oc-6ea">
         <name>.text:_ZNSt4priv20__copy_backward_ptrsIPP32DIO_PORT_Even_Interruptable_TypeS3_EET0_T_S5_S4_RKSt11__true_type</name>
         <load_address>0x526a</load_address>
         <run_address>0x526a</run_address>
         <size>0x1c</size>
         <input_file_ref idref="fl-2"/>
      </object_component>
      <object_component id="oc-722">
         <name>.text:_ZNSt4priv20__copy_backward_ptrsIPtS1_EET0_T_S3_S2_RKSt11__true_type</name>
         <load_address>0x5286</load_address>
         <run_address>0x5286</run_address>
         <size>0x1c</size>
         <input_file_ref idref="fl-2"/>
      </object_component>
      <object_component id="oc-4cb">
         <name>.text:_ZSt15__destroy_rangeIPP32DIO_PORT_Even_Interruptable_TypeS1_EvT_S3_PT0_</name>
         <load_address>0x52a2</load_address>
         <run_address>0x52a2</run_address>
         <size>0x1c</size>
         <input_file_ref idref="fl-2"/>
      </object_component>
      <object_component id="oc-4e7">
         <name>.text:_ZSt15__destroy_rangeIPttEvT_S1_PT0_</name>
         <load_address>0x52be</load_address>
         <run_address>0x52be</run_address>
         <size>0x1c</size>
         <input_file_ref idref="fl-2"/>
      </object_component>
      <object_component id="oc-416">
         <name>.text</name>
         <load_address>0x52da</load_address>
         <run_address>0x52da</run_address>
         <size>0x1c</size>
         <input_file_ref idref="fl-f3"/>
      </object_component>
      <object_component id="oc-6dc">
         <name>.text:_ZNSt4priv10__distanceIPP32DIO_PORT_Even_Interruptable_TypeEENSt15iterator_traitsIT_E15difference_typeERKS5_S9_RKSt26random_access_iterator_tag</name>
         <load_address>0x52f6</load_address>
         <run_address>0x52f6</run_address>
         <size>0x1a</size>
         <input_file_ref idref="fl-2"/>
      </object_component>
      <object_component id="oc-714">
         <name>.text:_ZNSt4priv10__distanceIPtEENSt15iterator_traitsIT_E15difference_typeERKS3_S7_RKSt26random_access_iterator_tag</name>
         <load_address>0x5310</load_address>
         <run_address>0x5310</run_address>
         <size>0x1a</size>
         <input_file_ref idref="fl-2"/>
      </object_component>
      <object_component id="oc-58f">
         <name>.text:_ZNSt4priv17_STLP_alloc_proxyIPP32DIO_PORT_Even_Interruptable_TypeS2_SaIS2_EEC1ERKS4_S3_</name>
         <load_address>0x532a</load_address>
         <run_address>0x532a</run_address>
         <size>0x1a</size>
         <input_file_ref idref="fl-2"/>
      </object_component>
      <object_component id="oc-596">
         <name>.text:_ZNSt4priv17_STLP_alloc_proxyIPttSaItEEC1ERKS2_S1_</name>
         <load_address>0x5344</load_address>
         <run_address>0x5344</run_address>
         <size>0x1a</size>
         <input_file_ref idref="fl-2"/>
      </object_component>
      <object_component id="oc-81f">
         <name>.text:_ZNSt4priv9__advanceIPP32DIO_PORT_Even_Interruptable_TypejEEvRT_T0_RKSt26random_access_iterator_tag</name>
         <load_address>0x535e</load_address>
         <run_address>0x535e</run_address>
         <size>0x1a</size>
         <input_file_ref idref="fl-2"/>
      </object_component>
      <object_component id="oc-842">
         <name>.text:_ZNSt4priv9__advanceIPtjEEvRT_T0_RKSt26random_access_iterator_tag</name>
         <load_address>0x5378</load_address>
         <run_address>0x5378</run_address>
         <size>0x1a</size>
         <input_file_ref idref="fl-2"/>
      </object_component>
      <object_component id="oc-4c4">
         <name>.text:_ZNSaIP32DIO_PORT_Even_Interruptable_TypeE10deallocateEPS0_j</name>
         <load_address>0x5392</load_address>
         <run_address>0x5392</run_address>
         <size>0x18</size>
         <input_file_ref idref="fl-2"/>
      </object_component>
      <object_component id="oc-4e0">
         <name>.text:_ZNSaItE10deallocateEPtj</name>
         <load_address>0x53aa</load_address>
         <run_address>0x53aa</run_address>
         <size>0x18</size>
         <input_file_ref idref="fl-2"/>
      </object_component>
      <object_component id="oc-6a">
         <name>.text</name>
         <load_address>0x53c4</load_address>
         <run_address>0x53c4</run_address>
         <size>0x18</size>
         <input_file_ref idref="fl-db"/>
      </object_component>
      <object_component id="oc-8fd">
         <name>.text</name>
         <load_address>0x53dc</load_address>
         <run_address>0x53dc</run_address>
         <size>0x18</size>
         <input_file_ref idref="fl-103"/>
      </object_component>
      <object_component id="oc-172">
         <name>.text:_ZNKSt6vectorIP32DIO_PORT_Even_Interruptable_TypeSaIS1_EE4sizeEv</name>
         <load_address>0x53f4</load_address>
         <run_address>0x53f4</run_address>
         <size>0x16</size>
         <input_file_ref idref="fl-2"/>
      </object_component>
      <object_component id="oc-257">
         <name>.text:_ZNKSt6vectorIP32DIO_PORT_Even_Interruptable_TypeSaIS1_EE8capacityEv</name>
         <load_address>0x540a</load_address>
         <run_address>0x540a</run_address>
         <size>0x16</size>
         <input_file_ref idref="fl-2"/>
      </object_component>
      <object_component id="oc-286">
         <name>.text:_ZNKSt6vectorItSaItEE4sizeEv</name>
         <load_address>0x5420</load_address>
         <run_address>0x5420</run_address>
         <size>0x16</size>
         <input_file_ref idref="fl-2"/>
      </object_component>
      <object_component id="oc-28d">
         <name>.text:_ZNKSt6vectorItSaItEE8capacityEv</name>
         <load_address>0x5436</load_address>
         <run_address>0x5436</run_address>
         <size>0x16</size>
         <input_file_ref idref="fl-2"/>
      </object_component>
      <object_component id="oc-51b">
         <name>.text:_ZNSt16reverse_iteratorIPP32DIO_PORT_Even_Interruptable_TypeEC1ERKS3_</name>
         <load_address>0x544c</load_address>
         <run_address>0x544c</run_address>
         <size>0x16</size>
         <input_file_ref idref="fl-2"/>
      </object_component>
      <object_component id="oc-4ff">
         <name>.text:_ZNSt16reverse_iteratorIPtEC1ERKS1_</name>
         <load_address>0x5462</load_address>
         <run_address>0x5462</run_address>
         <size>0x16</size>
         <input_file_ref idref="fl-2"/>
      </object_component>
      <object_component id="oc-2e4">
         <name>.text:_ZNSt6vectorIP32DIO_PORT_Even_Interruptable_TypeSaIS1_EE4rendEv</name>
         <load_address>0x5478</load_address>
         <run_address>0x5478</run_address>
         <size>0x16</size>
         <input_file_ref idref="fl-2"/>
      </object_component>
      <object_component id="oc-2dd">
         <name>.text:_ZNSt6vectorIP32DIO_PORT_Even_Interruptable_TypeSaIS1_EE6rbeginEv</name>
         <load_address>0x548e</load_address>
         <run_address>0x548e</run_address>
         <size>0x16</size>
         <input_file_ref idref="fl-2"/>
      </object_component>
      <object_component id="oc-2c3">
         <name>.text:_ZNSt6vectorItSaItEE4rendEv</name>
         <load_address>0x54a4</load_address>
         <run_address>0x54a4</run_address>
         <size>0x16</size>
         <input_file_ref idref="fl-2"/>
      </object_component>
      <object_component id="oc-2bc">
         <name>.text:_ZNSt6vectorItSaItEE6rbeginEv</name>
         <load_address>0x54ba</load_address>
         <run_address>0x54ba</run_address>
         <size>0x16</size>
         <input_file_ref idref="fl-2"/>
      </object_component>
      <object_component id="oc-44d">
         <name>.text:_ZSt19_Copy_Construct_auxIP32DIO_PORT_Even_Interruptable_TypeEvPT_RKS2_RKSt11__true_type</name>
         <load_address>0x54d0</load_address>
         <run_address>0x54d0</run_address>
         <size>0x16</size>
         <input_file_ref idref="fl-2"/>
      </object_component>
      <object_component id="oc-485">
         <name>.text:_ZSt19_Copy_Construct_auxItEvPT_RKS0_RKSt11__true_type</name>
         <load_address>0x54e6</load_address>
         <run_address>0x54e6</run_address>
         <size>0x16</size>
         <input_file_ref idref="fl-2"/>
      </object_component>
      <object_component id="oc-40a">
         <name>.text</name>
         <load_address>0x54fc</load_address>
         <run_address>0x54fc</run_address>
         <size>0x16</size>
         <input_file_ref idref="fl-f8"/>
      </object_component>
      <object_component id="oc-514">
         <name>.text:_ZNSt16reverse_iteratorIPP32DIO_PORT_Even_Interruptable_TypeEC1ES2_</name>
         <load_address>0x5512</load_address>
         <run_address>0x5512</run_address>
         <size>0x14</size>
         <input_file_ref idref="fl-2"/>
      </object_component>
      <object_component id="oc-4f8">
         <name>.text:_ZNSt16reverse_iteratorIPtEC1ES0_</name>
         <load_address>0x5526</load_address>
         <run_address>0x5526</run_address>
         <size>0x14</size>
         <input_file_ref idref="fl-2"/>
      </object_component>
      <object_component id="oc-164">
         <name>.text:_ZNSt6vectorIP32DIO_PORT_Even_Interruptable_TypeSaIS1_EEixEj</name>
         <load_address>0x553a</load_address>
         <run_address>0x553a</run_address>
         <size>0x14</size>
         <input_file_ref idref="fl-2"/>
      </object_component>
      <object_component id="oc-16b">
         <name>.text:_ZNSt6vectorItSaItEEixEj</name>
         <load_address>0x554e</load_address>
         <run_address>0x554e</run_address>
         <size>0x14</size>
         <input_file_ref idref="fl-2"/>
      </object_component>
      <object_component id="oc-1f2">
         <name>.text</name>
         <load_address>0x5564</load_address>
         <run_address>0x5564</run_address>
         <size>0x14</size>
         <input_file_ref idref="fl-d9"/>
      </object_component>
      <object_component id="oc-572">
         <name>.text</name>
         <load_address>0x5578</load_address>
         <run_address>0x5578</run_address>
         <size>0x14</size>
         <input_file_ref idref="fl-ff"/>
      </object_component>
      <object_component id="oc-8a0">
         <name>.text</name>
         <load_address>0x558c</load_address>
         <run_address>0x558c</run_address>
         <size>0x14</size>
         <input_file_ref idref="fl-f9"/>
      </object_component>
      <object_component id="oc-3c2">
         <name>.text</name>
         <load_address>0x55a0</load_address>
         <run_address>0x55a0</run_address>
         <size>0x14</size>
         <input_file_ref idref="fl-d4"/>
      </object_component>
      <object_component id="oc-d9">
         <name>.text:_ZNSt6vectorIP32DIO_PORT_Even_Interruptable_TypeSaIS1_EEC1ERKS2_</name>
         <load_address>0x55b4</load_address>
         <run_address>0x55b4</run_address>
         <size>0x12</size>
         <input_file_ref idref="fl-2"/>
      </object_component>
      <object_component id="oc-ee">
         <name>.text:_ZNSt6vectorItSaItEEC1ERKS0_</name>
         <load_address>0x55c6</load_address>
         <run_address>0x55c6</run_address>
         <size>0x12</size>
         <input_file_ref idref="fl-2"/>
      </object_component>
      <object_component id="oc-273">
         <name>.text:_ZSt14_Destroy_RangeIPP32DIO_PORT_Even_Interruptable_TypeEvT_S3_</name>
         <load_address>0x55d8</load_address>
         <run_address>0x55d8</run_address>
         <size>0x12</size>
         <input_file_ref idref="fl-2"/>
      </object_component>
      <object_component id="oc-2a9">
         <name>.text:_ZSt14_Destroy_RangeIPtEvT_S1_</name>
         <load_address>0x55ea</load_address>
         <run_address>0x55ea</run_address>
         <size>0x12</size>
         <input_file_ref idref="fl-2"/>
      </object_component>
      <object_component id="oc-6f8">
         <name>.text:_ZSt7advanceIPP32DIO_PORT_Even_Interruptable_TypejEvRT_T0_</name>
         <load_address>0x55fc</load_address>
         <run_address>0x55fc</run_address>
         <size>0x12</size>
         <input_file_ref idref="fl-2"/>
      </object_component>
      <object_component id="oc-730">
         <name>.text:_ZSt7advanceIPtjEvRT_T0_</name>
         <load_address>0x560e</load_address>
         <run_address>0x560e</run_address>
         <size>0x12</size>
         <input_file_ref idref="fl-2"/>
      </object_component>
      <object_component id="oc-5d4">
         <name>.text:_ZSt8distanceIPP32DIO_PORT_Even_Interruptable_TypeENSt15iterator_traitsIT_E15difference_typeES4_S4_</name>
         <load_address>0x5620</load_address>
         <run_address>0x5620</run_address>
         <size>0x12</size>
         <input_file_ref idref="fl-2"/>
      </object_component>
      <object_component id="oc-5e9">
         <name>.text:_ZSt8distanceIPtENSt15iterator_traitsIT_E15difference_typeES2_S2_</name>
         <load_address>0x5632</load_address>
         <run_address>0x5632</run_address>
         <size>0x12</size>
         <input_file_ref idref="fl-2"/>
      </object_component>
      <object_component id="oc-5a4">
         <name>.text:_ZNKSt4priv12_Vector_baseIP32DIO_PORT_Even_Interruptable_TypeSaIS2_EE21_M_throw_length_errorEv</name>
         <load_address>0x5644</load_address>
         <run_address>0x5644</run_address>
         <size>0x10</size>
         <input_file_ref idref="fl-2"/>
      </object_component>
      <object_component id="oc-5c6">
         <name>.text:_ZNKSt4priv12_Vector_baseItSaItEE21_M_throw_length_errorEv</name>
         <load_address>0x5654</load_address>
         <run_address>0x5654</run_address>
         <size>0x10</size>
         <input_file_ref idref="fl-2"/>
      </object_component>
      <object_component id="oc-6a0">
         <name>.text:_ZNSaIP32DIO_PORT_Even_Interruptable_TypeEC2ERKS1_</name>
         <load_address>0x5664</load_address>
         <run_address>0x5664</run_address>
         <size>0x10</size>
         <input_file_ref idref="fl-2"/>
      </object_component>
      <object_component id="oc-6a7">
         <name>.text:_ZNSaItEC2ERKS_</name>
         <load_address>0x5674</load_address>
         <run_address>0x5674</run_address>
         <size>0x10</size>
         <input_file_ref idref="fl-2"/>
      </object_component>
      <object_component id="oc-21f">
         <name>.text:_ZNSt4priv12_Vector_baseIP32DIO_PORT_Even_Interruptable_TypeSaIS2_EEC2ERKS3_</name>
         <load_address>0x5684</load_address>
         <run_address>0x5684</run_address>
         <size>0x10</size>
         <input_file_ref idref="fl-2"/>
      </object_component>
      <object_component id="oc-226">
         <name>.text:_ZNSt4priv12_Vector_baseItSaItEEC2ERKS1_</name>
         <load_address>0x5694</load_address>
         <run_address>0x5694</run_address>
         <size>0x10</size>
         <input_file_ref idref="fl-2"/>
      </object_component>
      <object_component id="oc-8b1">
         <name>.text:_ZSt15_UseTrivialCopyIP32DIO_PORT_Even_Interruptable_TypeS1_ESt12_TrivialCopyIT_T0_EPS3_PS4_</name>
         <load_address>0x56a4</load_address>
         <run_address>0x56a4</run_address>
         <size>0x10</size>
         <input_file_ref idref="fl-2"/>
      </object_component>
      <object_component id="oc-8cd">
         <name>.text:_ZSt15_UseTrivialCopyIttESt12_TrivialCopyIT_T0_EPS1_PS2_</name>
         <load_address>0x56b4</load_address>
         <run_address>0x56b4</run_address>
         <size>0x10</size>
         <input_file_ref idref="fl-2"/>
      </object_component>
      <object_component id="oc-74c">
         <name>.text:_ZSt16_UseTrivialUCopyIP32DIO_PORT_Even_Interruptable_TypeS1_ESt13_TrivialUCopyIT_T0_EPS3_PS4_</name>
         <load_address>0x56c4</load_address>
         <run_address>0x56c4</run_address>
         <size>0x10</size>
         <input_file_ref idref="fl-2"/>
      </object_component>
      <object_component id="oc-761">
         <name>.text:_ZSt16_UseTrivialUCopyIttESt13_TrivialUCopyIT_T0_EPS1_PS2_</name>
         <load_address>0x56d4</load_address>
         <run_address>0x56d4</run_address>
         <size>0x10</size>
         <input_file_ref idref="fl-2"/>
      </object_component>
      <object_component id="oc-613">
         <name>.text:_ZSt19__destroy_range_auxIPP32DIO_PORT_Even_Interruptable_TypeS1_EvT_S3_PT0_RKSt11__true_type</name>
         <load_address>0x56e4</load_address>
         <run_address>0x56e4</run_address>
         <size>0x10</size>
         <input_file_ref idref="fl-2"/>
      </object_component>
      <object_component id="oc-62d">
         <name>.text:_ZSt19__destroy_range_auxIPttEvT_S1_PT0_RKSt11__true_type</name>
         <load_address>0x56f4</load_address>
         <run_address>0x56f4</run_address>
         <size>0x10</size>
         <input_file_ref idref="fl-2"/>
      </object_component>
      <object_component id="oc-650">
         <name>.text:_ZSt19__destroy_range_auxISt16reverse_iteratorIPP32DIO_PORT_Even_Interruptable_TypeES2_EvT_S5_PT0_RKSt11__true_type</name>
         <load_address>0x5704</load_address>
         <run_address>0x5704</run_address>
         <size>0x10</size>
         <input_file_ref idref="fl-2"/>
      </object_component>
      <object_component id="oc-642">
         <name>.text:_ZSt19__destroy_range_auxISt16reverse_iteratorIPtEtEvT_S3_PT0_RKSt11__true_type</name>
         <load_address>0x5714</load_address>
         <run_address>0x5714</run_address>
         <size>0x10</size>
         <input_file_ref idref="fl-2"/>
      </object_component>
      <object_component id="oc-6ae">
         <name>.text:_ZNKSaIP32DIO_PORT_Even_Interruptable_TypeE8max_sizeEv</name>
         <load_address>0x5724</load_address>
         <run_address>0x5724</run_address>
         <size>0xe</size>
         <input_file_ref idref="fl-2"/>
      </object_component>
      <object_component id="oc-6c9">
         <name>.text:_ZNKSaItE8max_sizeEv</name>
         <load_address>0x5732</load_address>
         <run_address>0x5732</run_address>
         <size>0xe</size>
         <input_file_ref idref="fl-2"/>
      </object_component>
      <object_component id="oc-7e7">
         <name>.text:_ZNSaIP32DIO_PORT_Even_Interruptable_TypeEC1ERKS1_</name>
         <load_address>0x5740</load_address>
         <run_address>0x5740</run_address>
         <size>0xe</size>
         <input_file_ref idref="fl-2"/>
      </object_component>
      <object_component id="oc-7ee">
         <name>.text:_ZNSaItEC1ERKS_</name>
         <load_address>0x574e</load_address>
         <run_address>0x574e</run_address>
         <size>0xe</size>
         <input_file_ref idref="fl-2"/>
      </object_component>
      <object_component id="oc-60c">
         <name>.text:_ZNSt11__new_alloc10deallocateEPvj</name>
         <load_address>0x575c</load_address>
         <run_address>0x575c</run_address>
         <size>0xe</size>
         <input_file_ref idref="fl-2"/>
      </object_component>
      <object_component id="oc-657">
         <name>.text:_ZNSt4priv17_STLP_alloc_proxyIPP32DIO_PORT_Even_Interruptable_TypeS2_SaIS2_EED1Ev</name>
         <load_address>0x576a</load_address>
         <run_address>0x576a</run_address>
         <size>0xe</size>
         <input_file_ref idref="fl-2"/>
      </object_component>
      <object_component id="oc-649">
         <name>.text:_ZNSt4priv17_STLP_alloc_proxyIPttSaItEED1Ev</name>
         <load_address>0x5778</load_address>
         <run_address>0x5778</run_address>
         <size>0xe</size>
         <input_file_ref idref="fl-2"/>
      </object_component>
      <object_component id="oc-10a">
         <name>.text:_ZNSt6vectorIP32DIO_PORT_Even_Interruptable_TypeSaIS1_EE3endEv</name>
         <load_address>0x5786</load_address>
         <run_address>0x5786</run_address>
         <size>0xe</size>
         <input_file_ref idref="fl-2"/>
      </object_component>
      <object_component id="oc-111">
         <name>.text:_ZNSt6vectorIP32DIO_PORT_Even_Interruptable_TypeSaIS1_EE5beginEv</name>
         <load_address>0x5794</load_address>
         <run_address>0x5794</run_address>
         <size>0xe</size>
         <input_file_ref idref="fl-2"/>
      </object_component>
      <object_component id="oc-11f">
         <name>.text:_ZNSt6vectorItSaItEE3endEv</name>
         <load_address>0x57a2</load_address>
         <run_address>0x57a2</run_address>
         <size>0xe</size>
         <input_file_ref idref="fl-2"/>
      </object_component>
      <object_component id="oc-126">
         <name>.text:_ZNSt6vectorItSaItEE5beginEv</name>
         <load_address>0x57b0</load_address>
         <run_address>0x57b0</run_address>
         <size>0xe</size>
         <input_file_ref idref="fl-2"/>
      </object_component>
      <object_component id="oc-446">
         <name>.text:_ZSt7_Is_PODIP32DIO_PORT_Even_Interruptable_TypeESt6_IsPODIT_EPS3_</name>
         <load_address>0x57be</load_address>
         <run_address>0x57be</run_address>
         <size>0xe</size>
         <input_file_ref idref="fl-2"/>
      </object_component>
      <object_component id="oc-47e">
         <name>.text:_ZSt7_Is_PODItESt6_IsPODIT_EPS1_</name>
         <load_address>0x57cc</load_address>
         <run_address>0x57cc</run_address>
         <size>0xe</size>
         <input_file_ref idref="fl-2"/>
      </object_component>
      <object_component id="oc-1a">
         <name>.text:decompress:none</name>
         <load_address>0x57da</load_address>
         <run_address>0x57da</run_address>
         <size>0xe</size>
         <input_file_ref idref="fl-c2"/>
      </object_component>
      <object_component id="oc-86">
         <name>.text</name>
[...]
      </symbol>
      <symbol id="sm-bdc">
         <name>_ZN10__cxxabiv121__vmi_class_type_infoD0Ev</name>
         <value>0x3747</value>
         <object_component_ref idref="oc-639"/>
      </symbol>
      <symbol id="sm-bdd">
         <name>_ZTVN10__cxxabiv120__si_class_type_infoE</name>
         <value>0x5b04</value>
         <object_component_ref idref="oc-76f"/>
      </symbol>
      <symbol id="sm-bde">
         <name>_ZN10__cxxabiv117__pbase_type_infoD0Ev</name>
         <value>0x376f</value>
         <object_component_ref idref="oc-639"/>
      </symbol>
      <symbol id="sm-bdf">
         <name>_ZN10__cxxabiv117__array_type_infoD0Ev</name>
         <value>0x3783</value>
         <object_component_ref idref="oc-639"/>
      </symbol>
      <symbol id="sm-be0">
         <name>_ZSt21__gen_dummy_typeinfosv</name>
         <value>0x36e1</value>
         <object_component_ref idref="oc-639"/>
      </symbol>
      <symbol id="sm-be1">
         <name>_ZN10__cxxabiv129__pointer_to_member_type_infoD1Ev</name>
         <value>0x3731</value>
         <object_component_ref idref="oc-639"/>
      </symbol>
      <symbol id="sm-be2">
         <name>_ZN10__cxxabiv119__pointer_type_infoD0Ev</name>
         <value>0x3765</value>
         <object_component_ref idref="oc-639"/>
      </symbol>
      <symbol id="sm-be3">
         <name>_ZN10__cxxabiv120__si_class_type_infoD0Ev</name>
         <value>0x3751</value>
         <object_component_ref idref="oc-639"/>
      </symbol>
      <symbol id="sm-be4">
         <name>_ZTIPKe</name>
         <value>0x5ac4</value>
         <object_component_ref idref="oc-77f"/>
      </symbol>
      <symbol id="sm-be5">
         <name>_ZNKSt9type_infoeqERKS_</name>
         <value>0x370d</value>
         <object_component_ref idref="oc-639"/>
      </symbol>
      <symbol id="sm-bed">
         <name>_new_handler</name>
         <value>0x20000618</value>
         <object_component_ref idref="oc-952"/>
      </symbol>
      <symbol id="sm-c13">
         <name>_stream</name>
         <value>0x20000568</value>
         <object_component_ref idref="oc-554"/>
      </symbol>
      <symbol id="sm-c14">
         <name>_device</name>
         <value>0x200004f0</value>
         <object_component_ref idref="oc-679"/>
      </symbol>
      <symbol id="sm-c15">
         <name>write</name>
         <value>0x4d15</value>
         <object_component_ref idref="oc-3ba"/>
      </symbol>
      <symbol id="sm-c33">
         <name>__TI_wrt_ok</name>
         <value>0x379d</value>
         <object_component_ref idref="oc-3ae"/>
      </symbol>
      <symbol id="sm-c34">
         <name>__TI_rd_ok</name>
         <value>0x37ff</value>
         <object_component_ref idref="oc-3ae"/>
      </symbol>
      <symbol id="sm-c4d">
         <name>_nop</name>
         <value>0x5573</value>
         <object_component_ref idref="oc-1f2"/>
      </symbol>
      <symbol id="sm-c4e">
         <name>_lock</name>
         <value>0x200005fc</value>
         <object_component_ref idref="oc-c4"/>
      </symbol>
      <symbol id="sm-c4f">
         <name>_unlock</name>
         <value>0x20000600</value>
         <object_component_ref idref="oc-c4"/>
      </symbol>
      <symbol id="sm-c50">
         <name>_register_lock</name>
         <value>0x556b</value>
         <object_component_ref idref="oc-1f2"/>
      </symbol>
      <symbol id="sm-c51">
         <name>_register_unlock</name>
         <value>0x5565</value>
         <object_component_ref idref="oc-1f2"/>
      </symbol>
      <symbol id="sm-d57">
         <name>__TI_printfi</name>
         <value>0x929</value>
         <object_component_ref idref="oc-20a"/>
      </symbol>
      <symbol id="sm-d6b">
         <name>_args_main</name>
         <value>0x53c5</value>
         <object_component_ref idref="oc-6a"/>
      </symbol>
      <symbol id="sm-d81">
         <name>atoi</name>
         <value>0x45a5</value>
         <object_component_ref idref="oc-410"/>
      </symbol>
      <symbol id="sm-dab">
         <name>__TI_auto_init</name>
         <value>0x3d81</value>
         <object_component_ref idref="oc-64"/>
      </symbol>
      <symbol id="sm-dc5">
         <name>copy_in</name>
         <value>0x45f1</value>
         <object_component_ref idref="oc-ab"/>
      </symbol>
      <symbol id="sm-dd0">
         <name>_ctypes_</name>
         <value>0x590c</value>
         <object_component_ref idref="oc-57f"/>
      </symbol>
      <symbol id="sm-de5">
         <name>__TI_tmpnams</name>
         <value>0x20000740</value>
      </symbol>
      <symbol id="sm-de6">
         <name>__aeabi_stdout</name>
         <value>0x200005dc</value>
         <object_component_ref idref="oc-54f"/>
      </symbol>
      <symbol id="sm-de7">
         <name>__aeabi_stderr</name>
         <value>0x200005e0</value>
         <object_component_ref idref="oc-54f"/>
      </symbol>
      <symbol id="sm-de8">
         <name>__aeabi_stdin</name>
         <value>0x200005d8</value>
         <object_component_ref idref="oc-54f"/>
      </symbol>
      <symbol id="sm-de9">
         <name>_ftable</name>
         <value>0x20000400</value>
         <object_component_ref idref="oc-210"/>
      </symbol>
      <symbol id="sm-dea">
         <name>__TI_ft_end</name>
         <value>0x200005d4</value>
         <object_component_ref idref="oc-54f"/>
      </symbol>
      <symbol id="sm-e01">
         <name>__aeabi_dsub</name>
         <value>0x28cd</value>
         <object_component_ref idref="oc-3f9"/>
      </symbol>
      <symbol id="sm-e02">
         <name>__aeabi_dadd</name>
         <value>0x28d7</value>
         <object_component_ref idref="oc-3f9"/>
      </symbol>
      <symbol id="sm-e24">
         <name>__aeabi_cdcmpeq</name>
         <value>0x3a15</value>
         <object_component_ref idref="oc-3d5"/>
      </symbol>
      <symbol id="sm-e25">
         <name>__aeabi_cdcmple</name>
         <value>0x3a15</value>
         <object_component_ref idref="oc-3d5"/>
      </symbol>
      <symbol id="sm-e26">
         <name>__aeabi_cdrcmple</name>
         <value>0x3a9b</value>
         <object_component_ref idref="oc-3e4"/>
      </symbol>
      <symbol id="sm-e3a">
         <name>__aeabi_ddiv</name>
         <value>0x2c05</value>
         <object_component_ref idref="oc-3df"/>
      </symbol>
      <symbol id="sm-e45">
         <name>__aeabi_dmul</name>
         <value>0x2e71</value>
         <object_component_ref idref="oc-3da"/>
      </symbol>
      <symbol id="sm-e4f">
         <name>__aeabi_d2iz</name>
         <value>0x4685</value>
         <object_component_ref idref="oc-3e9"/>
      </symbol>
      <symbol id="sm-e69">
         <name>__TI_doflush</name>
         <value>0x33e5</value>
         <object_component_ref idref="oc-3b4"/>
      </symbol>
      <symbol id="sm-e6a">
         <name>fflush</name>
         <value>0x3431</value>
         <object_component_ref idref="oc-3b4"/>
      </symbol>
      <symbol id="sm-e81">
         <name>putc</name>
         <value>0x397d</value>
         <object_component_ref idref="oc-1fe"/>
      </symbol>
      <symbol id="sm-e82">
         <name>fputc</name>
         <value>0x397d</value>
         <object_component_ref idref="oc-1fe"/>
      </symbol>
      <symbol id="sm-e83">
         <name>putchar</name>
         <value>0x3a01</value>
         <object_component_ref idref="oc-1fe"/>
      </symbol>
      <symbol id="sm-e95">
         <name>fseek</name>
         <value>0x4071</value>
         <object_component_ref idref="oc-541"/>
      </symbol>
      <symbol id="sm-ea6">
         <name>HOSTclose</name>
         <value>0x4755</value>
         <object_component_ref idref="oc-7bf"/>
      </symbol>
      <symbol id="sm-eb7">
         <name>HOSTlseek</name>
         <value>0x3f39</value>
         <object_component_ref idref="oc-7d1"/>
      </symbol>
      <symbol id="sm-ec9">
         <name>parmbuf</name>
         <value>0x200007f8</value>
      </symbol>
      <symbol id="sm-eca">
         <name>HOSTopen</name>
         <value>0x4139</value>
         <object_component_ref idref="oc-7b9"/>
      </symbol>
      <symbol id="sm-edb">
         <name>HOSTread</name>
         <value>0x4361</value>
         <object_component_ref idref="oc-7c5"/>
      </symbol>
      <symbol id="sm-eec">
         <name>HOSTrename</name>
         <value>0x3fa1</value>
         <object_component_ref idref="oc-7dd"/>
      </symbol>
      <symbol id="sm-efd">
         <name>HOSTunlink</name>
         <value>0x4799</value>
         <object_component_ref idref="oc-7d7"/>
      </symbol>
      <symbol id="sm-f0e">
         <name>HOSTwrite</name>
         <value>0x43b9</value>
         <object_component_ref idref="oc-7cb"/>
      </symbol>
      <symbol id="sm-f18">
         <name>__aeabi_i2d</name>
         <value>0x4c67</value>
         <object_component_ref idref="oc-3f4"/>
      </symbol>
      <symbol id="sm-f28">
         <name>lseek</name>
         <value>0x4ced</value>
         <object_component_ref idref="oc-65e"/>
      </symbol>
      <symbol id="sm-f37">
         <name>ltoa</name>
         <value>0x44b9</value>
         <object_component_ref idref="oc-3ee"/>
      </symbol>
      <symbol id="sm-f47">
         <name>memccpy</name>
         <value>0x52db</value>
         <object_component_ref idref="oc-416"/>
      </symbol>
      <symbol id="sm-f62">
         <name>frexpl</name>
         <value>0x40d5</value>
         <object_component_ref idref="oc-3fe"/>
      </symbol>
      <symbol id="sm-f63">
         <name>frexp</name>
         <value>0x40d5</value>
         <object_component_ref idref="oc-3fe"/>
      </symbol>
      <symbol id="sm-f80">
         <name>scalbn</name>
         <value>0x2f6d</value>
         <object_component_ref idref="oc-404"/>
      </symbol>
      <symbol id="sm-f81">
         <name>scalbnl</name>
         <value>0x2f6d</value>
         <object_component_ref idref="oc-404"/>
      </symbol>
      <symbol id="sm-f82">
         <name>ldexpl</name>
         <value>0x2f6d</value>
         <object_component_ref idref="oc-404"/>
      </symbol>
      <symbol id="sm-f83">
         <name>ldexp</name>
         <value>0x2f6d</value>
         <object_component_ref idref="oc-404"/>
      </symbol>
      <symbol id="sm-f9f">
         <name>setvbuf</name>
         <value>0x315d</value>
         <object_component_ref idref="oc-547"/>
      </symbol>
      <symbol id="sm-fa9">
         <name>_system_post_cinit</name>
         <value>0x2d3b</value>
         <object_component_ref idref="oc-b1"/>
      </symbol>
      <symbol id="sm-fb9">
         <name>strchr</name>
         <value>0x54fd</value>
         <object_component_ref idref="oc-40a"/>
      </symbol>
      <symbol id="sm-fc7">
         <name>strcpy</name>
         <value>0x558d</value>
         <object_component_ref idref="oc-8a0"/>
      </symbol>
      <symbol id="sm-fe2">
         <name>__TI_readmsg</name>
         <value>0x403b</value>
         <object_component_ref idref="oc-88c"/>
      </symbol>
      <symbol id="sm-fe3">
         <name>C$$IO$$</name>
         <value>0x4037</value>
         <object_component_ref idref="oc-88c"/>
      </symbol>
      <symbol id="sm-fe4">
         <name>__CIOBUF_</name>
         <value>0x20000620</value>
         <object_component_ref idref="oc-913"/>
      </symbol>
      <symbol id="sm-fe5">
         <name>__TI_writemsg</name>
         <value>0x4009</value>
         <object_component_ref idref="oc-88c"/>
      </symbol>
      <symbol id="sm-1001">
         <name>__aeabi_uldivmod</name>
         <value>0x2515</value>
         <object_component_ref idref="oc-3d0"/>
      </symbol>
      <symbol id="sm-1009">
         <name>errno</name>
         <value>0x20000608</value>
         <object_component_ref idref="oc-578"/>
      </symbol>
      <symbol id="sm-103b">
         <name>__TI_cleanup</name>
         <value>0x27d1</value>
         <object_component_ref idref="oc-666"/>
      </symbol>
      <symbol id="sm-103c">
         <name>freopen</name>
         <value>0x27fd</value>
         <object_component_ref idref="oc-666"/>
      </symbol>
      <symbol id="sm-103d">
         <name>fopen</name>
         <value>0x2827</value>
         <object_component_ref idref="oc-666"/>
      </symbol>
      <symbol id="sm-105a">
         <name>open</name>
         <value>0x3625</value>
         <object_component_ref idref="oc-7a8"/>
      </symbol>
      <symbol id="sm-1064">
         <name>copysign</name>
         <value>0x5579</value>
         <object_component_ref idref="oc-572"/>
      </symbol>
      <symbol id="sm-1065">
         <name>copysignl</name>
         <value>0x5579</value>
         <object_component_ref idref="oc-572"/>
      </symbol>
      <symbol id="sm-107b">
         <name>__TI_closefile</name>
         <value>0x38e5</value>
         <object_component_ref idref="oc-7ae"/>
      </symbol>
      <symbol id="sm-107c">
         <name>fclose</name>
         <value>0x394b</value>
         <object_component_ref idref="oc-7ae"/>
      </symbol>
      <symbol id="sm-1096">
         <name>finddevice</name>
         <value>0x3df1</value>
         <object_component_ref idref="oc-872"/>
      </symbol>
      <symbol id="sm-1097">
         <name>getdevice</name>
         <value>0x3e1b</value>
         <object_component_ref idref="oc-872"/>
      </symbol>
      <symbol id="sm-10a7">
         <name>strcmp</name>
         <value>0x53dd</value>
         <object_component_ref idref="oc-8fd"/>
      </symbol>
      <symbol id="sm-10b7">
         <name>strncpy</name>
         <value>0x48b5</value>
         <object_component_ref idref="oc-903"/>
      </symbol>
      <symbol id="sm-10c7">
         <name>unlink</name>
         <value>0x4cc1</value>
         <object_component_ref idref="oc-881"/>
      </symbol>
      <symbol id="sm-10db">
         <name>close</name>
         <value>0x4251</value>
         <object_component_ref idref="oc-87b"/>
      </symbol>
      <symbol id="sm-10dc">
         <name>__TI_static_base__</name>
         <value>0x0</value>
      </symbol>
      <symbol id="sm-10df">
         <name>NMI_Handler</name>
         <value>0x57f5</value>
      </symbol>
      <symbol id="sm-10e0">
         <name>HardFault_Handler</name>
         <value>0x57f5</value>
      </symbol>
      <symbol id="sm-10e1">
         <name>MemManage_Handler</name>
         <value>0x57f5</value>
      </symbol>
      <symbol id="sm-10e2">
         <name>BusFault_Handler</name>
         <value>0x57f5</value>
      </symbol>
      <symbol id="sm-10e3">
         <name>UsageFault_Handler</name>
         <value>0x57f5</value>
      </symbol>
      <symbol id="sm-10e4">
         <name>SVC_Handler</name>
         <value>0x57f5</value>
      </symbol>
      <symbol id="sm-10e5">
         <name>DebugMon_Handler</name>
         <value>0x57f5</value>
      </symbol>
      <symbol id="sm-10e6">
         <name>PendSV_Handler</name>
         <value>0x57f5</value>
      </symbol>
      <symbol id="sm-10e7">
         <name>SysTick_Handler</name>
         <value>0x57f5</value>
      </symbol>
      <symbol id="sm-10e8">
         <name>PSS_IRQHandler</name>
         <value>0x57f5</value>
      </symbol>
      <symbol id="sm-10e9">
         <name>CS_IRQHandler</name>
         <value>0x57f5</value>
      </symbol>
      <symbol id="sm-10ea">
         <name>PCM_IRQHandler</name>
         <value>0x57f5</value>
      </symbol>
      <symbol id="sm-10eb">
         <name>WDT_A_IRQHandler</name>
         <value>0x57f5</value>
      </symbol>
      <symbol id="sm-10ec">
         <name>FPU_IRQHandler</name>
         <value>0x57f5</value>
      </symbol>
      <symbol id="sm-10ed">
         <name>FLCTL_IRQHandler</name>
         <value>0x57f5</value>
      </symbol>
      <symbol id="sm-10ee">
         <name>COMP_E0_IRQHandler</name>
         <value>0x57f5</value>
      </symbol>
      <symbol id="sm-10ef">
         <name>COMP_E1_IRQHandler</name>
         <value>0x57f5</value>
      </symbol>
      <symbol id="sm-10f0">
         <name>TA0_0_IRQHandler</name>
         <value>0x57f5</value>
      </symbol>
      <symbol id="sm-10f1">
         <name>TA0_N_IRQHandler</name>
         <value>0x57f5</value>
      </symbol>
      <symbol id="sm-10f2">
         <name>TA1_0_IRQHandler</name>
         <value>0x57f5</value>
      </symbol>
      <symbol id="sm-10f3">
         <name>TA1_N_IRQHandler</name>
         <value>0x57f5</value>
      </symbol>
      <symbol id="sm-10f4">
         <name>TA2_0_IRQHandler</name>
         <value>0x57f5</value>
      </symbol>
      <symbol id="sm-10f5">
         <name>TA2_N_IRQHandler</name>
         <value>0x57f5</value>
      </symbol>
      <symbol id="sm-10f6">
         <name>TA3_0_IRQHandler</name>
         <value>0x57f5</value>
      </symbol>
      <symbol id="sm-10f7">
         <name>TA3_N_IRQHandler</name>
         <value>0x57f5</value>
      </symbol>
      <symbol id="sm-10f8">
         <name>EUSCIA0_IRQHandler</name>
         <value>0x57f5</value>
      </symbol>
      <symbol id="sm-10f9">
         <name>EUSCIA1_IRQHandler</name>
         <value>0x1e83</value>
      </symbol>
      <symbol id="sm-10fa">
         <name>EUSCIA2_IRQHandler</name>
         <value>0x57f5</value>
      </symbol>
      <symbol id="sm-10fb">
         <name>EUSCIA3_IRQHandler</name>
         <value>0x57f5</value>
      </symbol>
      <symbol id="sm-10fc">
         <name>EUSCIB0_IRQHandler</name>
         <value>0x57f5</value>
      </symbol>
      <symbol id="sm-10fd">
         <name>EUSCIB1_IRQHandler</name>
         <value>0x57f5</value>
      </symbol>
      <symbol id="sm-10fe">
         <name>EUSCIB2_IRQHandler</name>
         <value>0x57f5</value>
      </symbol>
      <symbol id="sm-10ff">
         <name>EUSCIB3_IRQHandler</name>
         <value>0x57f5</value>
      </symbol>
      <symbol id="sm-1100">
         <name>ADC14_IRQHandler</name>
         <value>0x57f5</value>
      </symbol>
      <symbol id="sm-1101">
         <name>T32_INT1_IRQHandler</name>
         <value>0x57f5</value>
      </symbol>
      <symbol id="sm-1102">
         <name>T32_INT2_IRQHandler</name>
         <value>0x57f5</value>
      </symbol>
      <symbol id="sm-1103">
         <name>T32_INTC_IRQHandler</name>
         <value>0x57f5</value>
      </symbol>
      <symbol id="sm-1104">
         <name>AES256_IRQHandler</name>
         <value>0x57f5</value>
      </symbol>
      <symbol id="sm-1105">
         <name>RTC_C_IRQHandler</name>
         <value>0x57f5</value>
      </symbol>
      <symbol id="sm-1106">
         <name>DMA_ERR_IRQHandler</name>
         <value>0x57f5</value>
      </symbol>
      <symbol id="sm-1107">
         <name>DMA_INT3_IRQHandler</name>
         <value>0x57f5</value>
      </symbol>
      <symbol id="sm-1108">
         <name>DMA_INT2_IRQHandler</name>
         <value>0x57f5</value>
      </symbol>
      <symbol id="sm-1109">
         <name>DMA_INT1_IRQHandler</name>
         <value>0x57f5</value>
      </symbol>
      <symbol id="sm-110a">
         <name>DMA_INT0_IRQHandler</name>
         <value>0x57f5</value>
      </symbol>
      <symbol id="sm-110b">
         <name>PORT1_IRQHandler</name>
         <value>0x57f5</value>
      </symbol>
      <symbol id="sm-110c">
         <name>PORT2_IRQHandler</name>
         <value>0x57f5</value>
      </symbol>
      <symbol id="sm-110d">
         <name>PORT3_IRQHandler</name>
         <value>0x57f5</value>
      </symbol>
      <symbol id="sm-110e">
         <name>PORT4_IRQHandler</name>
         <value>0x57f5</value>
      </symbol>
      <symbol id="sm-110f">
         <name>PORT5_IRQHandler</name>
         <value>0x57f5</value>
      </symbol>
      <symbol id="sm-1110">
         <name>PORT6_IRQHandler</name>
         <value>0x57f5</value>
      </symbol>
      <symbol id="sm-1111">
         <name>remove</name>
         <value>0x4cc1</value>
      </symbol>
   </symbol_table>
   <title>Link successful</title>
</link_info>
